Archive member included because of file (symbol)

/usr/lib/x86_64-linux-gnu/libc_nonshared.a(elf-init.oS)
                              /usr/lib/gcc/x86_64-linux-gnu/4.8/../../../x86_64-linux-gnu/crt1.o (__libc_csu_init)

Discarded input sections

 .rodata.cst4   0x0000000000000000        0x4 /usr/lib/gcc/x86_64-linux-gnu/4.8/../../../x86_64-linux-gnu/crt1.o
 .data          0x0000000000000000        0x4 /usr/lib/gcc/x86_64-linux-gnu/4.8/../../../x86_64-linux-gnu/crt1.o
 .bss           0x0000000000000000        0x0 /usr/lib/gcc/x86_64-linux-gnu/4.8/../../../x86_64-linux-gnu/crt1.o
 .note.GNU-stack
                0x0000000000000000        0x0 /usr/lib/gcc/x86_64-linux-gnu/4.8/../../../x86_64-linux-gnu/crt1.o
 .gnu_debuglink
                0x0000000000000000        0xc /usr/lib/gcc/x86_64-linux-gnu/4.8/../../../x86_64-linux-gnu/crt1.o
 .data          0x0000000000000000        0x0 /usr/lib/gcc/x86_64-linux-gnu/4.8/../../../x86_64-linux-gnu/crti.o
 .bss           0x0000000000000000        0x0 /usr/lib/gcc/x86_64-linux-gnu/4.8/../../../x86_64-linux-gnu/crti.o
 .note.GNU-stack
                0x0000000000000000        0x0 /usr/lib/gcc/x86_64-linux-gnu/4.8/../../../x86_64-linux-gnu/crti.o
 .gnu_debuglink
                0x0000000000000000        0xc /usr/lib/gcc/x86_64-linux-gnu/4.8/../../../x86_64-linux-gnu/crti.o
 .note.GNU-stack
                0x0000000000000000        0x0 /usr/lib/gcc/x86_64-linux-gnu/4.8/crtbegin.o
 .group         0x0000000000000000        0x8 builddir//home/hwsimu03/.mox/pca/ex6/a02/extern/getopt_pp.o
 .group         0x0000000000000000        0x8 builddir//home/hwsimu03/.mox/pca/ex6/a02/extern/getopt_pp.o
 .group         0x0000000000000000        0x8 builddir//home/hwsimu03/.mox/pca/ex6/a02/extern/getopt_pp.o
 .group         0x0000000000000000        0x8 builddir//home/hwsimu03/.mox/pca/ex6/a02/extern/getopt_pp.o
 .group         0x0000000000000000        0x8 builddir//home/hwsimu03/.mox/pca/ex6/a02/extern/getopt_pp.o
 .group         0x0000000000000000        0x8 builddir//home/hwsimu03/.mox/pca/ex6/a02/extern/getopt_pp.o
 .group         0x0000000000000000        0x8 builddir//home/hwsimu03/.mox/pca/ex6/a02/extern/getopt_pp.o
 .group         0x0000000000000000        0x8 builddir//home/hwsimu03/.mox/pca/ex6/a02/extern/getopt_pp.o
 .group         0x0000000000000000        0x8 builddir//home/hwsimu03/.mox/pca/ex6/a02/extern/getopt_pp.o
 .group         0x0000000000000000        0x8 builddir//home/hwsimu03/.mox/pca/ex6/a02/extern/getopt_pp.o
 .group         0x0000000000000000        0x8 builddir//home/hwsimu03/.mox/pca/ex6/a02/extern/getopt_pp.o
 .group         0x0000000000000000        0x8 builddir//home/hwsimu03/.mox/pca/ex6/a02/extern/getopt_pp.o
 .group         0x0000000000000000        0x8 builddir//home/hwsimu03/.mox/pca/ex6/a02/extern/getopt_pp.o
 .group         0x0000000000000000        0x8 builddir//home/hwsimu03/.mox/pca/ex6/a02/extern/getopt_pp.o
 .group         0x0000000000000000        0x8 builddir//home/hwsimu03/.mox/pca/ex6/a02/extern/getopt_pp.o
 .group         0x0000000000000000        0x8 builddir//home/hwsimu03/.mox/pca/ex6/a02/extern/getopt_pp.o
 .group         0x0000000000000000        0x8 builddir//home/hwsimu03/.mox/pca/ex6/a02/extern/getopt_pp.o
 .group         0x0000000000000000        0x8 builddir//home/hwsimu03/.mox/pca/ex6/a02/extern/getopt_pp.o
 .group         0x0000000000000000        0xc builddir//home/hwsimu03/.mox/pca/ex6/a02/extern/getopt_pp.o
 .group         0x0000000000000000        0x8 builddir//home/hwsimu03/.mox/pca/ex6/a02/extern/getopt_pp.o
 .group         0x0000000000000000        0x8 builddir//home/hwsimu03/.mox/pca/ex6/a02/extern/getopt_pp.o
 .group         0x0000000000000000        0x8 builddir//home/hwsimu03/.mox/pca/ex6/a02/extern/getopt_pp.o
 .group         0x0000000000000000        0x8 builddir//home/hwsimu03/.mox/pca/ex6/a02/extern/getopt_pp.o
 .group         0x0000000000000000        0x8 builddir//home/hwsimu03/.mox/pca/ex6/a02/extern/getopt_pp.o
 .group         0x0000000000000000        0x8 builddir//home/hwsimu03/.mox/pca/ex6/a02/extern/getopt_pp.o
 .group         0x0000000000000000        0xc builddir//home/hwsimu03/.mox/pca/ex6/a02/extern/getopt_pp.o
 .group         0x0000000000000000        0x8 builddir//home/hwsimu03/.mox/pca/ex6/a02/extern/getopt_pp.o
 .group         0x0000000000000000        0x8 builddir//home/hwsimu03/.mox/pca/ex6/a02/extern/getopt_pp.o
 .group         0x0000000000000000        0x8 builddir//home/hwsimu03/.mox/pca/ex6/a02/extern/getopt_pp.o
 .group         0x0000000000000000        0x8 builddir//home/hwsimu03/.mox/pca/ex6/a02/extern/getopt_pp.o
 .group         0x0000000000000000        0x8 builddir//home/hwsimu03/.mox/pca/ex6/a02/extern/getopt_pp.o
 .group         0x0000000000000000        0x8 builddir//home/hwsimu03/.mox/pca/ex6/a02/extern/getopt_pp.o
 .group         0x0000000000000000        0x8 builddir//home/hwsimu03/.mox/pca/ex6/a02/extern/getopt_pp.o
[...]
Memory Configuration

Name             Origin             Length             Attributes
*default*        0x0000000000000000 0xffffffffffffffff

Linker script and memory map

LOAD /usr/lib/gcc/x86_64-linux-gnu/4.8/../../../x86_64-linux-gnu/crt1.o
LOAD /usr/lib/gcc/x86_64-linux-gnu/4.8/../../../x86_64-linux-gnu/crti.o
LOAD /usr/lib/gcc/x86_64-linux-gnu/4.8/crtbegin.o
LOAD builddir//home/hwsimu03/.mox/pca/ex6/a02/extern/getopt_pp.o
LOAD builddir//home/hwsimu03/.mox/pca/ex6/a02/main.o
LOAD /usr/lib/gcc/x86_64-linux-gnu/4.8/libstdc++.so
LOAD /usr/lib/gcc/x86_64-linux-gnu/4.8/../../../x86_64-linux-gnu/libm.so
LOAD /usr/lib/gcc/x86_64-linux-gnu/4.8/libgomp.so
LOAD /usr/lib/gcc/x86_64-linux-gnu/4.8/libgcc_s.so
LOAD /usr/lib/gcc/x86_64-linux-gnu/4.8/libgcc.a
LOAD /usr/lib/gcc/x86_64-linux-gnu/4.8/../../../x86_64-linux-gnu/libpthread.so
START GROUP
LOAD /lib/x86_64-linux-gnu/libpthread.so.0
LOAD /usr/lib/x86_64-linux-gnu/libpthread_nonshared.a
END GROUP
LOAD /usr/lib/gcc/x86_64-linux-gnu/4.8/../../../x86_64-linux-gnu/libc.so
START GROUP
LOAD /lib/x86_64-linux-gnu/libc.so.6
LOAD /usr/lib/x86_64-linux-gnu/libc_nonshared.a
LOAD /lib/x86_64-linux-gnu/ld-linux-x86-64.so.2
END GROUP
LOAD /usr/lib/gcc/x86_64-linux-gnu/4.8/libgcc_s.so
LOAD /usr/lib/gcc/x86_64-linux-gnu/4.8/libgcc.a
LOAD /usr/lib/gcc/x86_64-linux-gnu/4.8/crtend.o
LOAD /usr/lib/gcc/x86_64-linux-gnu/4.8/../../../x86_64-linux-gnu/crtn.o
                0x0000000000400000                PROVIDE (__executable_start, 0x400000)
                0x0000000000400238                . = (0x400000 + SIZEOF_HEADERS)

.interp         0x0000000000400238       0x1c
 *(.interp)
 .interp        0x0000000000400238       0x1c /usr/lib/gcc/x86_64-linux-gnu/4.8/../../../x86_64-linux-gnu/crt1.o

.note.ABI-tag   0x0000000000400254       0x20
 .note.ABI-tag  0x0000000000400254       0x20 /usr/lib/gcc/x86_64-linux-gnu/4.8/../../../x86_64-linux-gnu/crt1.o

.note.gnu.build-id
                0x0000000000400274       0x24
 *(.note.gnu.build-id)
 .note.gnu.build-id
                0x0000000000400274       0x24 /usr/lib/gcc/x86_64-linux-gnu/4.8/../../../x86_64-linux-gnu/crt1.o

.hash
 *(.hash)

.gnu.hash       0x0000000000400298       0xd4
 *(.gnu.hash)
 .gnu.hash      0x0000000000400298       0xd4 /usr/lib/gcc/x86_64-linux-gnu/4.8/../../../x86_64-linux-gnu/crt1.o

.dynsym         0x0000000000400370      0xae0
 *(.dynsym)
 .dynsym        0x0000000000400370      0xae0 /usr/lib/gcc/x86_64-linux-gnu/4.8/../../../x86_64-linux-gnu/crt1.o

.dynstr         0x0000000000400e50      0xd70
 *(.dynstr)
 .dynstr        0x0000000000400e50      0xd70 /usr/lib/gcc/x86_64-linux-gnu/4.8/../../../x86_64-linux-gnu/crt1.o

.gnu.version    0x0000000000401bc0       0xe8
 *(.gnu.version)
 .gnu.version   0x0000000000401bc0       0xe8 /usr/lib/gcc/x86_64-linux-gnu/4.8/../../../x86_64-linux-gnu/crt1.o

.gnu.version_d  0x0000000000401ca8        0x0
 *(.gnu.version_d)
 .gnu.version_d
                0x0000000000000000        0x0 /usr/lib/gcc/x86_64-linux-gnu/4.8/../../../x86_64-linux-gnu/crt1.o

.gnu.version_r  0x0000000000401ca8      0x150
 *(.gnu.version_r)
 .gnu.version_r
                0x0000000000401ca8      0x150 /usr/lib/gcc/x86_64-linux-gnu/4.8/../../../x86_64-linux-gnu/crt1.o

.rela.dyn       0x0000000000401df8      0x180
 *(.rela.init)
 *(.rela.text .rela.text.* .rela.gnu.linkonce.t.*)
 .rela.text     0x0000000000000000        0x0 /usr/lib/gcc/x86_64-linux-gnu/4.8/../../../x86_64-linux-gnu/crt1.o
 .rela.text._ZN6GetOpt8GetOptExD2Ev
                0x0000000000000000        0x0 /usr/lib/gcc/x86_64-linux-gnu/4.8/../../../x86_64-linux-gnu/crt1.o
 .rela.text._ZN6GetOpt8GetOptExD0Ev
                0x0000000000000000        0x0 /usr/lib/gcc/x86_64-linux-gnu/4.8/../../../x86_64-linux-gnu/crt1.o
 .rela.text._ZN6GetOpt16OptionNotFoundExD2Ev
                0x0000000000000000        0x0 /usr/lib/gcc/x86_64-linux-gnu/4.8/../../../x86_64-linux-gnu/crt1.o
 .rela.text._ZN6GetOpt16OptionNotFoundExD0Ev
                0x0000000000000000        0x0 /usr/lib/gcc/x86_64-linux-gnu/4.8/../../../x86_64-linux-gnu/crt1.o
 .rela.text._ZN6GetOpt18TooManyArgumentsExD2Ev
                0x0000000000000000        0x0 /usr/lib/gcc/x86_64-linux-gnu/4.8/../../../x86_64-linux-gnu/crt1.o
 .rela.text._ZN6GetOpt18TooManyArgumentsExD0Ev
                0x0000000000000000        0x0 /usr/lib/gcc/x86_64-linux-gnu/4.8/../../../x86_64-linux-gnu/crt1.o
 .rela.text._ZN6GetOpt18ArgumentNotFoundExD2Ev
                0x0000000000000000        0x0 /usr/lib/gcc/x86_64-linux-gnu/4.8/../../../x86_64-linux-gnu/crt1.o
 .rela.text._ZN6GetOpt18ArgumentNotFoundExD0Ev
                0x0000000000000000        0x0 /usr/lib/gcc/x86_64-linux-gnu/4.8/../../../x86_64-linux-gnu/crt1.o
 .rela.text._ZN6GetOpt15InvalidFormatExD2Ev
                0x0000000000000000        0x0 /usr/lib/gcc/x86_64-linux-gnu/4.8/../../../x86_64-linux-gnu/crt1.o
 .rela.text._ZN6GetOpt15InvalidFormatExD0Ev
                0x0000000000000000        0x0 /usr/lib/gcc/x86_64-linux-gnu/4.8/../../../x86_64-linux-gnu/crt1.o
 .rela.text._ZN6GetOpt14ParsingErrorExD2Ev
                0x0000000000000000        0x0 /usr/lib/gcc/x86_64-linux-gnu/4.8/../../../x86_64-linux-gnu/crt1.o
 .rela.text._ZN6GetOpt14ParsingErrorExD0Ev
                0x0000000000000000        0x0 /usr/lib/gcc/x86_64-linux-gnu/4.8/../../../x86_64-linux-gnu/crt1.o
 .rela.text._ZNSt15basic_stringbufIcSt11char_traitsIcESaIcEED2Ev
                0x0000000000000000        0x0 /usr/lib/gcc/x86_64-linux-gnu/4.8/../../../x86_64-linux-gnu/crt1.o
 .rela.text._ZN6GetOpt21OptionsFileNotFoundExD2Ev
                0x0000000000000000        0x0 /usr/lib/gcc/x86_64-linux-gnu/4.8/../../../x86_64-linux-gnu/crt1.o
 .rela.text._ZNSt15basic_stringbufIcSt11char_traitsIcESaIcEED0Ev
                0x0000000000000000        0x0 /usr/lib/gcc/x86_64-linux-gnu/4.8/../../../x86_64-linux-gnu/crt1.o
 .rela.text._ZN6GetOpt21OptionsFileNotFoundExD0Ev
                0x0000000000000000        0x0 /usr/lib/gcc/x86_64-linux-gnu/4.8/../../../x86_64-linux-gnu/crt1.o
 .rela.text._ZN6GetOpt9GetOpt_pp10_add_tokenERKSsNS_5Token4TypeE
                0x0000000000000000        0x0 /usr/lib/gcc/x86_64-linux-gnu/4.8/../../../x86_64-linux-gnu/crt1.o
 .rela.text._ZN6GetOpt9GetOpt_pp11_init_flagsEv
                0x0000000000000000        0x0 /usr/lib/gcc/x86_64-linux-gnu/4.8/../../../x86_64-linux-gnu/crt1.o
 .rela.text._ZN6GetOpt9GetOpt_pp13TokensDeleterD2Ev
                0x0000000000000000        0x0 /usr/lib/gcc/x86_64-linux-gnu/4.8/../../../x86_64-linux-gnu/crt1.o
 .rela.text._ZN6GetOpt9GetOpt_pprsERKNS_7_OptionE
                0x0000000000000000        0x0 /usr/lib/gcc/x86_64-linux-gnu/4.8/../../../x86_64-linux-gnu/crt1.o
 .rela.text._ZN6GetOpt9GetOpt_pprsEPFRSt8ios_baseS2_E
                0x0000000000000000        0x0 /usr/lib/gcc/x86_64-linux-gnu/4.8/../../../x86_64-linux-gnu/crt1.o
 .rela.text._ZNK6GetOpt9GetOpt_pp14options_remainEv
                0x0000000000000000        0x0 /usr/lib/gcc/x86_64-linux-gnu/4.8/../../../x86_64-linux-gnu/crt1.o
 .rela.text._ZNSt6vectorISsSaISsEED2Ev
                0x0000000000000000        0x0 /usr/lib/gcc/x86_64-linux-gnu/4.8/../../../x86_64-linux-gnu/crt1.o
 .rela.text._ZNSt8_Rb_treeISsSt4pairIKSsN6GetOpt10OptionDataEESt10_Select1stIS4_ESt4lessISsESaIS4_EE4findERS1_
                0x0000000000000000        0x0 /usr/lib/gcc/x86_64-linux-gnu/4.8/../../../x86_64-linux-gnu/crt1.o
 .rela.text._ZNSt6vectorISsSaISsEE19_M_emplace_back_auxIIRKSsEEEvDpOT_
                0x0000000000000000        0x0 /usr/lib/gcc/x86_64-linux-gnu/4.8/../../../x86_64-linux-gnu/crt1.o
 .rela.text._ZNSt8_Rb_treeIcSt4pairIKcN6GetOpt10OptionDataEESt10_Select1stIS4_ESt4lessIcESaIS4_EE8_M_eraseEPSt13_Rb_tree_nodeIS4_E
                0x0000000000000000        0x0 /usr/lib/gcc/x86_64-linux-gnu/4.8/../../../x86_64-linux-gnu/crt1.o
 .rela.text._ZNSt8_Rb_treeISsSt4pairIKSsN6GetOpt10OptionDataEESt10_Select1stIS4_ESt4lessISsESaIS4_EE8_M_eraseEPSt13_Rb_tree_nodeIS4_E
                0x0000000000000000        0x0 /usr/lib/gcc/x86_64-linux-gnu/4.8/../../../x86_64-linux-gnu/crt1.o
 .rela.text._ZNSt8_Rb_treeIcSt4pairIKcN6GetOpt10OptionDataEESt10_Select1stIS4_ESt4lessIcESaIS4_EE29_M_get_insert_hint_unique_posESt23_Rb_tree_const_iteratorIS4_ERS1_
                0x0000000000000000        0x0 /usr/lib/gcc/x86_64-linux-gnu/4.8/../../../x86_64-linux-gnu/crt1.o
 .rela.text._ZNSt6vectorISsSaISsEE19_M_emplace_back_auxIISsEEEvDpOT_
                0x0000000000000000        0x0 /usr/lib/gcc/x86_64-linux-gnu/4.8/../../../x86_64-linux-gnu/crt1.o
 .rela.text._ZN6GetOpt9GetOpt_pp20_argc_argv_to_vectorEiPKPKcRSt6vectorISsSaISsEE
                0x0000000000000000        0x0 /usr/lib/gcc/x86_64-linux-gnu/4.8/../../../x86_64-linux-gnu/crt1.o
 .rela.text._ZNSt8_Rb_treeISsSt4pairIKSsN6GetOpt10OptionDataEESt10_Select1stIS4_ESt4lessISsESaIS4_EE24_M_get_insert_unique_posERS1_
                0x0000000000000000        0x0 /usr/lib/gcc/x86_64-linux-gnu/4.8/../../../x86_64-linux-gnu/crt1.o
 .rela.text._ZNSt8_Rb_treeISsSt4pairIKSsN6GetOpt10OptionDataEESt10_Select1stIS4_ESt4lessISsESaIS4_EE29_M_get_insert_hint_unique_posESt23_Rb_tree_const_iteratorIS4_ERS1_
                0x0000000000000000        0x0 /usr/lib/gcc/x86_64-linux-gnu/4.8/../../../x86_64-linux-gnu/crt1.o
 .rela.text._ZNSt8_Rb_treeISsSt4pairIKSsN6GetOpt10OptionDataEESt10_Select1stIS4_ESt4lessISsESaIS4_EE22_M_emplace_hint_uniqueIIRKSt21piecewise_construct_tSt5tupleIIRS1_EESF_IIEEEEESt17_Rb_tree_iteratorIS4_ESt23_Rb_tree_const_iteratorIS4_EDpOT_
                0x0000000000000000        0x0 /usr/lib/gcc/x86_64-linux-gnu/4.8/../../../x86_64-linux-gnu/crt1.o
 .rela.text._ZN6GetOpt9GetOpt_pp10_parse_envEv
                0x0000000000000000        0x0 /usr/lib/gcc/x86_64-linux-gnu/4.8/../../../x86_64-linux-gnu/crt1.o
 .rela.text._ZN6GetOpt9GetOpt_pp6_parseERKSt6vectorISsSaISsEE
                0x0000000000000000        0x0 /usr/lib/gcc/x86_64-linux-gnu/4.8/../../../x86_64-linux-gnu/crt1.o
 .rela.text._ZN6GetOpt9GetOpt_pp15_parse_sub_fileERKSs
                0x0000000000000000        0x0 /usr/lib/gcc/x86_64-linux-gnu/4.8/../../../x86_64-linux-gnu/crt1.o
 .rela.text._ZN6GetOpt9GetOpt_ppC2EiPKPKc
                0x0000000000000000        0x0 /usr/lib/gcc/x86_64-linux-gnu/4.8/../../../x86_64-linux-gnu/crt1.o
 .rela.text._ZN6GetOpt9GetOpt_ppC2EiPKPKcNS_7_EnvTagE
                0x0000000000000000        0x0 /usr/lib/gcc/x86_64-linux-gnu/4.8/../../../x86_64-linux-gnu/crt1.o
 .rela.text._ZN6GetOpt7_OptionD2Ev
                0x0000000000000000        0x0 /usr/lib/gcc/x86_64-linux-gnu/4.8/../../../x86_64-linux-gnu/crt1.o
 .rela.text._ZN6GetOpt7_OptionD0Ev
                0x0000000000000000        0x0 /usr/lib/gcc/x86_64-linux-gnu/4.8/../../../x86_64-linux-gnu/crt1.o
 .rela.text.unlikely._ZStlsISt11char_traitsIcEERSt13basic_ostreamIcT_ES5_PKc.part.22
                0x0000000000000000        0x0 /usr/lib/gcc/x86_64-linux-gnu/4.8/../../../x86_64-linux-gnu/crt1.o
 .rela.text._ZN10RelaxationIfLl100EE7iterateEv._omp_fn.1
                0x0000000000000000        0x0 /usr/lib/gcc/x86_64-linux-gnu/4.8/../../../x86_64-linux-gnu/crt1.o
 .rela.text._ZN10RelaxationIdLl100EE7iterateEv._omp_fn.9
                0x0000000000000000        0x0 /usr/lib/gcc/x86_64-linux-gnu/4.8/../../../x86_64-linux-gnu/crt1.o
 .rela.text._ZN10RelaxationIdLl500EE7iterateEv._omp_fn.11
                0x0000000000000000        0x0 /usr/lib/gcc/x86_64-linux-gnu/4.8/../../../x86_64-linux-gnu/crt1.o
 .rela.text._ZN10RelaxationIdLl1000EE7iterateEv._omp_fn.13
                0x0000000000000000        0x0 /usr/lib/gcc/x86_64-linux-gnu/4.8/../../../x86_64-linux-gnu/crt1.o
 .rela.text._ZN10RelaxationIdLl10000EE7iterateEv._omp_fn.15
                0x0000000000000000        0x0 /usr/lib/gcc/x86_64-linux-gnu/4.8/../../../x86_64-linux-gnu/crt1.o
 .rela.text._ZN10RelaxationIfLl100EEC2Effllff._omp_fn.0
                0x0000000000000000        0x0 /usr/lib/gcc/x86_64-linux-gnu/4.8/../../../x86_64-linux-gnu/crt1.o
 .rela.text._ZN10RelaxationIfLl500EEC2Effllff._omp_fn.2
                0x0000000000000000        0x0 /usr/lib/gcc/x86_64-linux-gnu/4.8/../../../x86_64-linux-gnu/crt1.o
 .rela.text._ZN10RelaxationIfLl1000EEC2Effllff._omp_fn.4
                0x0000000000000000        0x0 /usr/lib/gcc/x86_64-linux-gnu/4.8/../../../x86_64-linux-gnu/crt1.o
 .rela.text._ZN10RelaxationIfLl10000EEC2Effllff._omp_fn.6
                0x0000000000000000        0x0 /usr/lib/gcc/x86_64-linux-gnu/4.8/../../../x86_64-linux-gnu/crt1.o
 .rela.text._ZN10RelaxationIdLl100EEC2Eddlldd._omp_fn.8
                0x0000000000000000        0x0 /usr/lib/gcc/x86_64-linux-gnu/4.8/../../../x86_64-linux-gnu/crt1.o
 .rela.text._ZN10RelaxationIdLl500EEC2Eddlldd._omp_fn.10
                0x0000000000000000        0x0 /usr/lib/gcc/x86_64-linux-gnu/4.8/../../../x86_64-linux-gnu/crt1.o
 .rela.text._ZN10RelaxationIdLl1000EEC2Eddlldd._omp_fn.12
                0x0000000000000000        0x0 /usr/lib/gcc/x86_64-linux-gnu/4.8/../../../x86_64-linux-gnu/crt1.o
 .rela.text._ZN10RelaxationIdLl10000EEC2Eddlldd._omp_fn.14
                0x0000000000000000        0x0 /usr/lib/gcc/x86_64-linux-gnu/4.8/../../../x86_64-linux-gnu/crt1.o
 .rela.text._ZN10RelaxationIfLl500EE7iterateEv._omp_fn.3
                0x0000000000000000        0x0 /usr/lib/gcc/x86_64-linux-gnu/4.8/../../../x86_64-linux-gnu/crt1.o
 .rela.text._ZN10RelaxationIfLl1000EE7iterateEv._omp_fn.5
                0x0000000000000000        0x0 /usr/lib/gcc/x86_64-linux-gnu/4.8/../../../x86_64-linux-gnu/crt1.o
 .rela.text._ZN10RelaxationIfLl10000EE7iterateEv._omp_fn.7
                0x0000000000000000        0x0 /usr/lib/gcc/x86_64-linux-gnu/4.8/../../../x86_64-linux-gnu/crt1.o
 .rela.text._ZN9__gnu_cxx12__to_xstringISscEET_PFiPT0_mPKS2_P13__va_list_tagEmS5_z.constprop.69
                0x0000000000000000        0x0 /usr/lib/gcc/x86_64-linux-gnu/4.8/../../../x86_64-linux-gnu/crt1.o
 .rela.text._ZN6GetOpt12_OptionTBaseIiED2Ev
                0x0000000000000000        0x0 /usr/lib/gcc/x86_64-linux-gnu/4.8/../../../x86_64-linux-gnu/crt1.o
 .rela.text._ZN6GetOpt12_OptionTBaseIdED2Ev
                0x0000000000000000        0x0 /usr/lib/gcc/x86_64-linux-gnu/4.8/../../../x86_64-linux-gnu/crt1.o
 .rela.text._ZN6GetOpt8_OptionTIiED2Ev
                0x0000000000000000        0x0 /usr/lib/gcc/x86_64-linux-gnu/4.8/../../../x86_64-linux-gnu/crt1.o
 .rela.text._ZN6GetOpt8_OptionTIdED2Ev
                0x0000000000000000        0x0 /usr/lib/gcc/x86_64-linux-gnu/4.8/../../../x86_64-linux-gnu/crt1.o
 .rela.text._ZN6GetOpt13_DefValOptionIiNS_8_OptionTIiEEED2Ev
                0x0000000000000000        0x0 /usr/lib/gcc/x86_64-linux-gnu/4.8/../../../x86_64-linux-gnu/crt1.o
 .rela.text._ZN6GetOpt13_DefValOptionIdNS_8_OptionTIdEEED2Ev
                0x0000000000000000        0x0 /usr/lib/gcc/x86_64-linux-gnu/4.8/../../../x86_64-linux-gnu/crt1.o
 .rela.text._ZN6GetOpt12_OptionTBaseIiED0Ev
                0x0000000000000000        0x0 /usr/lib/gcc/x86_64-linux-gnu/4.8/../../../x86_64-linux-gnu/crt1.o
 .rela.text._ZN6GetOpt12_OptionTBaseIdED0Ev
                0x0000000000000000        0x0 /usr/lib/gcc/x86_64-linux-gnu/4.8/../../../x86_64-linux-gnu/crt1.o
 .rela.text._ZN6GetOpt8_OptionTIiED0Ev
                0x0000000000000000        0x0 /usr/lib/gcc/x86_64-linux-gnu/4.8/../../../x86_64-linux-gnu/crt1.o
 .rela.text._ZN6GetOpt8_OptionTIdED0Ev
                0x0000000000000000        0x0 /usr/lib/gcc/x86_64-linux-gnu/4.8/../../../x86_64-linux-gnu/crt1.o
 .rela.text._ZN6GetOpt13_DefValOptionIiNS_8_OptionTIiEEED0Ev
                0x0000000000000000        0x0 /usr/lib/gcc/x86_64-linux-gnu/4.8/../../../x86_64-linux-gnu/crt1.o
 .rela.text._ZN6GetOpt13_DefValOptionIdNS_8_OptionTIdEEED0Ev
                0x0000000000000000        0x0 /usr/lib/gcc/x86_64-linux-gnu/4.8/../../../x86_64-linux-gnu/crt1.o
 .rela.text._ZStplIcSt11char_traitsIcESaIcEESbIT_T0_T1_ERKS6_PKS3_
                0x0000000000000000        0x0 /usr/lib/gcc/x86_64-linux-gnu/4.8/../../../x86_64-linux-gnu/crt1.o
 .rela.text._ZNK6GetOpt12_OptionTBaseIdEclERSt3mapIcNS_10OptionDataESt4lessIcESaISt4pairIKcS3_EEERS2_ISsS3_S4_ISsESaIS6_IKSsS3_EEEPNS_5TokenESt13_Ios_Fmtflags
                0x0000000000000000        0x0 /usr/lib/gcc/x86_64-linux-gnu/4.8/../../../x86_64-linux-gnu/crt1.o
 .rela.text._ZNK6GetOpt12_OptionTBaseIiEclERSt3mapIcNS_10OptionDataESt4lessIcESaISt4pairIKcS3_EEERS2_ISsS3_S4_ISsESaIS6_IKSsS3_EEEPNS_5TokenESt13_Ios_Fmtflags
                0x0000000000000000        0x0 /usr/lib/gcc/x86_64-linux-gnu/4.8/../../../x86_64-linux-gnu/crt1.o
 .rela.text._ZNK6GetOpt13_DefValOptionIdNS_8_OptionTIdEEEclERSt3mapIcNS_10OptionDataESt4lessIcESaISt4pairIKcS5_EEERS4_ISsS5_S6_ISsESaIS8_IKSsS5_EEEPNS_5TokenESt13_Ios_Fmtflags
                0x0000000000000000        0x0 /usr/lib/gcc/x86_64-linux-gnu/4.8/../../../x86_64-linux-gnu/crt1.o
 .rela.text._ZNK6GetOpt13_DefValOptionIiNS_8_OptionTIiEEEclERSt3mapIcNS_10OptionDataESt4lessIcESaISt4pairIKcS5_EEERS4_ISsS5_S6_ISsESaIS8_IKSsS5_EEEPNS_5TokenESt13_Ios_Fmtflags
                0x0000000000000000        0x0 /usr/lib/gcc/x86_64-linux-gnu/4.8/../../../x86_64-linux-gnu/crt1.o
 .rela.text._ZN6GetOpt9GetOpt_ppD2Ev
                0x0000000000000000        0x0 /usr/lib/gcc/x86_64-linux-gnu/4.8/../../../x86_64-linux-gnu/crt1.o
 .rela.text._ZN10RelaxationIfLl100EEC2Effllff
                0x0000000000000000        0x0 /usr/lib/gcc/x86_64-linux-gnu/4.8/../../../x86_64-linux-gnu/crt1.o
 .rela.text._Z9benchmarkIfLl100EEmi
                0x0000000000000000        0x0 /usr/lib/gcc/x86_64-linux-gnu/4.8/../../../x86_64-linux-gnu/crt1.o
 .rela.text._ZN10RelaxationIfLl500EEC2Effllff
                0x0000000000000000        0x0 /usr/lib/gcc/x86_64-linux-gnu/4.8/../../../x86_64-linux-gnu/crt1.o
 .rela.text._Z9benchmarkIfLl500EEmi
                0x0000000000000000        0x0 /usr/lib/gcc/x86_64-linux-gnu/4.8/../../../x86_64-linux-gnu/crt1.o
 .rela.text._ZN10RelaxationIfLl1000EEC2Effllff
                0x0000000000000000        0x0 /usr/lib/gcc/x86_64-linux-gnu/4.8/../../../x86_64-linux-gnu/crt1.o
 .rela.text._Z9benchmarkIfLl1000EEmi
                0x0000000000000000        0x0 /usr/lib/gcc/x86_64-linux-gnu/4.8/../../../x86_64-linux-gnu/crt1.o
 .rela.text._ZN10RelaxationIfLl10000EEC2Effllff
                0x0000000000000000        0x0 /usr/lib/gcc/x86_64-linux-gnu/4.8/../../../x86_64-linux-gnu/crt1.o
 .rela.text._Z9benchmarkIfLl10000EEmi
                0x0000000000000000        0x0 /usr/lib/gcc/x86_64-linux-gnu/4.8/../../../x86_64-linux-gnu/crt1.o
 .rela.text._ZN10RelaxationIdLl100EEC2Eddlldd
                0x0000000000000000        0x0 /usr/lib/gcc/x86_64-linux-gnu/4.8/../../../x86_64-linux-gnu/crt1.o
 .rela.text._Z9benchmarkIdLl100EEmi
                0x0000000000000000        0x0 /usr/lib/gcc/x86_64-linux-gnu/4.8/../../../x86_64-linux-gnu/crt1.o
 .rela.text._ZN10RelaxationIdLl500EEC2Eddlldd
                0x0000000000000000        0x0 /usr/lib/gcc/x86_64-linux-gnu/4.8/../../../x86_64-linux-gnu/crt1.o
 .rela.text._Z9benchmarkIdLl500EEmi
                0x0000000000000000        0x0 /usr/lib/gcc/x86_64-linux-gnu/4.8/../../../x86_64-linux-gnu/crt1.o
 .rela.text._ZN10RelaxationIdLl1000EEC2Eddlldd
                0x0000000000000000        0x0 /usr/lib/gcc/x86_64-linux-gnu/4.8/../../../x86_64-linux-gnu/crt1.o
 .rela.text._Z9benchmarkIdLl1000EEmi
                0x0000000000000000        0x0 /usr/lib/gcc/x86_64-linux-gnu/4.8/../../../x86_64-linux-gnu/crt1.o
 .rela.text._ZN10RelaxationIdLl10000EEC2Eddlldd
                0x0000000000000000        0x0 /usr/lib/gcc/x86_64-linux-gnu/4.8/../../../x86_64-linux-gnu/crt1.o
 .rela.text._Z9benchmarkIdLl10000EEmi
                0x0000000000000000        0x0 /usr/lib/gcc/x86_64-linux-gnu/4.8/../../../x86_64-linux-gnu/crt1.o
 .rela.text.startup.main
                0x0000000000000000        0x0 /usr/lib/gcc/x86_64-linux-gnu/4.8/../../../x86_64-linux-gnu/crt1.o
 .rela.text._ZN6GetOpt7convertIdEENS_7_Option6ResultERKSsRT_St13_Ios_Fmtflags
                0x0000000000000000        0x0 /usr/lib/gcc/x86_64-linux-gnu/4.8/../../../x86_64-linux-gnu/crt1.o
 .rela.text._ZNK6GetOpt8_OptionTIdE7_assignEPNS_5TokenESt13_Ios_FmtflagsRSt3mapIcNS_10OptionDataESt4lessIcESaISt4pairIKcS6_EEE
                0x0000000000000000        0x0 /usr/lib/gcc/x86_64-linux-gnu/4.8/../../../x86_64-linux-gnu/crt1.o
 .rela.text._ZN6GetOpt7convertIiEENS_7_Option6ResultERKSsRT_St13_Ios_Fmtflags
                0x0000000000000000        0x0 /usr/lib/gcc/x86_64-linux-gnu/4.8/../../../x86_64-linux-gnu/crt1.o
 .rela.text._ZNK6GetOpt8_OptionTIiE7_assignEPNS_5TokenESt13_Ios_FmtflagsRSt3mapIcNS_10OptionDataESt4lessIcESaISt4pairIKcS6_EEE
                0x0000000000000000        0x0 /usr/lib/gcc/x86_64-linux-gnu/4.8/../../../x86_64-linux-gnu/crt1.o
 .rela.text.startup._GLOBAL__sub_I_steps
                0x0000000000000000        0x0 /usr/lib/gcc/x86_64-linux-gnu/4.8/../../../x86_64-linux-gnu/crt1.o
 *(.rela.fini)
 *(.rela.rodata .rela.rodata.* .rela.gnu.linkonce.r.*)
 .rela.rodata._ZTIN6GetOpt8GetOptExE
                0x0000000000000000        0x0 /usr/lib/gcc/x86_64-linux-gnu/4.8/../../../x86_64-linux-gnu/crt1.o
 .rela.rodata._ZTIN6GetOpt14ParsingErrorExE
                0x0000000000000000        0x0 /usr/lib/gcc/x86_64-linux-gnu/4.8/../../../x86_64-linux-gnu/crt1.o
 .rela.rodata._ZTIN6GetOpt15InvalidFormatExE
                0x0000000000000000        0x0 /usr/lib/gcc/x86_64-linux-gnu/4.8/../../../x86_64-linux-gnu/crt1.o
 .rela.rodata._ZTIN6GetOpt18ArgumentNotFoundExE
                0x0000000000000000        0x0 /usr/lib/gcc/x86_64-linux-gnu/4.8/../../../x86_64-linux-gnu/crt1.o
 .rela.rodata._ZTIN6GetOpt18TooManyArgumentsExE
                0x0000000000000000        0x0 /usr/lib/gcc/x86_64-linux-gnu/4.8/../../../x86_64-linux-gnu/crt1.o
 .rela.rodata._ZTIN6GetOpt16OptionNotFoundExE
                0x0000000000000000        0x0 /usr/lib/gcc/x86_64-linux-gnu/4.8/../../../x86_64-linux-gnu/crt1.o
 .rela.rodata._ZTIN6GetOpt21OptionsFileNotFoundExE
                0x0000000000000000        0x0 /usr/lib/gcc/x86_64-linux-gnu/4.8/../../../x86_64-linux-gnu/crt1.o
 .rela.rodata._ZTVN6GetOpt8GetOptExE
                0x0000000000000000        0x0 /usr/lib/gcc/x86_64-linux-gnu/4.8/../../../x86_64-linux-gnu/crt1.o
 .rela.rodata._ZTVN6GetOpt14ParsingErrorExE
                0x0000000000000000        0x0 /usr/lib/gcc/x86_64-linux-gnu/4.8/../../../x86_64-linux-gnu/crt1.o
 .rela.rodata._ZTVN6GetOpt15InvalidFormatExE
                0x0000000000000000        0x0 /usr/lib/gcc/x86_64-linux-gnu/4.8/../../../x86_64-linux-gnu/crt1.o
 .rela.rodata._ZTVN6GetOpt18ArgumentNotFoundExE
                0x0000000000000000        0x0 /usr/lib/gcc/x86_64-linux-gnu/4.8/../../../x86_64-linux-gnu/crt1.o
 .rela.rodata._ZTVN6GetOpt18TooManyArgumentsExE
                0x0000000000000000        0x0 /usr/lib/gcc/x86_64-linux-gnu/4.8/../../../x86_64-linux-gnu/crt1.o
 .rela.rodata._ZTVN6GetOpt16OptionNotFoundExE
                0x0000000000000000        0x0 /usr/lib/gcc/x86_64-linux-gnu/4.8/../../../x86_64-linux-gnu/crt1.o
 .rela.rodata._ZTVN6GetOpt21OptionsFileNotFoundExE
                0x0000000000000000        0x0 /usr/lib/gcc/x86_64-linux-gnu/4.8/../../../x86_64-linux-gnu/crt1.o
 .rela.rodata._ZTIN6GetOpt7_OptionE
                0x0000000000000000        0x0 /usr/lib/gcc/x86_64-linux-gnu/4.8/../../../x86_64-linux-gnu/crt1.o
 .rela.rodata._ZTIN6GetOpt12_OptionTBaseIiEE
                0x0000000000000000        0x0 /usr/lib/gcc/x86_64-linux-gnu/4.8/../../../x86_64-linux-gnu/crt1.o
 .rela.rodata._ZTIN6GetOpt8_OptionTIiEE
                0x0000000000000000        0x0 /usr/lib/gcc/x86_64-linux-gnu/4.8/../../../x86_64-linux-gnu/crt1.o
 .rela.rodata._ZTIN6GetOpt13_DefValOptionIiNS_8_OptionTIiEEEE
                0x0000000000000000        0x0 /usr/lib/gcc/x86_64-linux-gnu/4.8/../../../x86_64-linux-gnu/crt1.o
 .rela.rodata._ZTIN6GetOpt12_OptionTBaseIdEE
                0x0000000000000000        0x0 /usr/lib/gcc/x86_64-linux-gnu/4.8/../../../x86_64-linux-gnu/crt1.o
 .rela.rodata._ZTIN6GetOpt8_OptionTIdEE
                0x0000000000000000        0x0 /usr/lib/gcc/x86_64-linux-gnu/4.8/../../../x86_64-linux-gnu/crt1.o
 .rela.rodata._ZTIN6GetOpt13_DefValOptionIdNS_8_OptionTIdEEEE
                0x0000000000000000        0x0 /usr/lib/gcc/x86_64-linux-gnu/4.8/../../../x86_64-linux-gnu/crt1.o
 .rela.rodata._ZTVN6GetOpt7_OptionE
                0x0000000000000000        0x0 /usr/lib/gcc/x86_64-linux-gnu/4.8/../../../x86_64-linux-gnu/crt1.o
 .rela.rodata._ZTVN6GetOpt12_OptionTBaseIiEE
                0x0000000000000000        0x0 /usr/lib/gcc/x86_64-linux-gnu/4.8/../../../x86_64-linux-gnu/crt1.o
 .rela.rodata._ZTVN6GetOpt8_OptionTIiEE
                0x0000000000000000        0x0 /usr/lib/gcc/x86_64-linux-gnu/4.8/../../../x86_64-linux-gnu/crt1.o
 .rela.rodata._ZTVN6GetOpt13_DefValOptionIiNS_8_OptionTIiEEEE
                0x0000000000000000        0x0 /usr/lib/gcc/x86_64-linux-gnu/4.8/../../../x86_64-linux-gnu/crt1.o
 .rela.rodata._ZTVN6GetOpt12_OptionTBaseIdEE
                0x0000000000000000        0x0 /usr/lib/gcc/x86_64-linux-gnu/4.8/../../../x86_64-linux-gnu/crt1.o
 .rela.rodata._ZTVN6GetOpt8_OptionTIdEE
                0x0000000000000000        0x0 /usr/lib/gcc/x86_64-linux-gnu/4.8/../../../x86_64-linux-gnu/crt1.o
 .rela.rodata._ZTVN6GetOpt13_DefValOptionIdNS_8_OptionTIdEEEE
                0x0000000000000000        0x0 /usr/lib/gcc/x86_64-linux-gnu/4.8/../../../x86_64-linux-gnu/crt1.o
 *(.rela.data .rela.data.* .rela.gnu.linkonce.d.*)
 *(.rela.tdata .rela.tdata.* .rela.gnu.linkonce.td.*)
 *(.rela.tbss .rela.tbss.* .rela.gnu.linkonce.tb.*)
 *(.rela.ctors)
 *(.rela.dtors)
 *(.rela.got)
 .rela.got      0x0000000000401df8       0x18 /usr/lib/gcc/x86_64-linux-gnu/4.8/../../../x86_64-linux-gnu/crt1.o
 *(.rela.bss .rela.bss.* .rela.gnu.linkonce.b.*)
 .rela.bss      0x0000000000401e10      0x168 /usr/lib/gcc/x86_64-linux-gnu/4.8/../../../x86_64-linux-gnu/crt1.o
 *(.rela.ldata .rela.ldata.* .rela.gnu.linkonce.l.*)
 *(.rela.lbss .rela.lbss.* .rela.gnu.linkonce.lb.*)
 *(.rela.lrodata .rela.lrodata.* .rela.gnu.linkonce.lr.*)
 *(.rela.ifunc)
 .rela.gcc_except_table._ZN6GetOpt9GetOpt_pprsERKNS_7_OptionE
                0x0000000000000000        0x0 /usr/lib/gcc/x86_64-linux-gnu/4.8/../../../x86_64-linux-gnu/crt1.o
 .rela.eh_frame
                0x0000000000000000        0x0 /usr/lib/gcc/x86_64-linux-gnu/4.8/../../../x86_64-linux-gnu/crt1.o
 .rela.gcc_except_table._ZN10RelaxationIfLl100EEC2Effllff
                0x0000000000000000        0x0 /usr/lib/gcc/x86_64-linux-gnu/4.8/../../../x86_64-linux-gnu/crt1.o
 .rela.gcc_except_table._Z9benchmarkIfLl100EEmi
                0x0000000000000000        0x0 /usr/lib/gcc/x86_64-linux-gnu/4.8/../../../x86_64-linux-gnu/crt1.o
 .rela.gcc_except_table._ZN10RelaxationIfLl500EEC2Effllff
                0x0000000000000000        0x0 /usr/lib/gcc/x86_64-linux-gnu/4.8/../../../x86_64-linux-gnu/crt1.o
 .rela.gcc_except_table._Z9benchmarkIfLl500EEmi
                0x0000000000000000        0x0 /usr/lib/gcc/x86_64-linux-gnu/4.8/../../../x86_64-linux-gnu/crt1.o
 .rela.gcc_except_table._ZN10RelaxationIfLl1000EEC2Effllff
                0x0000000000000000        0x0 /usr/lib/gcc/x86_64-linux-gnu/4.8/../../../x86_64-linux-gnu/crt1.o
 .rela.gcc_except_table._Z9benchmarkIfLl1000EEmi
                0x0000000000000000        0x0 /usr/lib/gcc/x86_64-linux-gnu/4.8/../../../x86_64-linux-gnu/crt1.o
 .rela.gcc_except_table._ZN10RelaxationIfLl10000EEC2Effllff
                0x0000000000000000        0x0 /usr/lib/gcc/x86_64-linux-gnu/4.8/../../../x86_64-linux-gnu/crt1.o
 .rela.gcc_except_table._Z9benchmarkIfLl10000EEmi
                0x0000000000000000        0x0 /usr/lib/gcc/x86_64-linux-gnu/4.8/../../../x86_64-linux-gnu/crt1.o
 .rela.gcc_except_table._ZN10RelaxationIdLl100EEC2Eddlldd
                0x0000000000000000        0x0 /usr/lib/gcc/x86_64-linux-gnu/4.8/../../../x86_64-linux-gnu/crt1.o
 .rela.gcc_except_table._Z9benchmarkIdLl100EEmi
                0x0000000000000000        0x0 /usr/lib/gcc/x86_64-linux-gnu/4.8/../../../x86_64-linux-gnu/crt1.o
 .rela.gcc_except_table._ZN10RelaxationIdLl500EEC2Eddlldd
                0x0000000000000000        0x0 /usr/lib/gcc/x86_64-linux-gnu/4.8/../../../x86_64-linux-gnu/crt1.o
 .rela.gcc_except_table._Z9benchmarkIdLl500EEmi
                0x0000000000000000        0x0 /usr/lib/gcc/x86_64-linux-gnu/4.8/../../../x86_64-linux-gnu/crt1.o
 .rela.gcc_except_table._ZN10RelaxationIdLl1000EEC2Eddlldd
                0x0000000000000000        0x0 /usr/lib/gcc/x86_64-linux-gnu/4.8/../../../x86_64-linux-gnu/crt1.o
 .rela.gcc_except_table._Z9benchmarkIdLl1000EEmi
                0x0000000000000000        0x0 /usr/lib/gcc/x86_64-linux-gnu/4.8/../../../x86_64-linux-gnu/crt1.o
 .rela.gcc_except_table._ZN10RelaxationIdLl10000EEC2Eddlldd
                0x0000000000000000        0x0 /usr/lib/gcc/x86_64-linux-gnu/4.8/../../../x86_64-linux-gnu/crt1.o
 .rela.gcc_except_table._Z9benchmarkIdLl10000EEmi
                0x0000000000000000        0x0 /usr/lib/gcc/x86_64-linux-gnu/4.8/../../../x86_64-linux-gnu/crt1.o
 .rela.gcc_except_table.main
                0x0000000000000000        0x0 /usr/lib/gcc/x86_64-linux-gnu/4.8/../../../x86_64-linux-gnu/crt1.o

.rela.plt       0x0000000000401f78      0x840
 *(.rela.plt)
 .rela.plt      0x0000000000401f78      0x840 /usr/lib/gcc/x86_64-linux-gnu/4.8/../../../x86_64-linux-gnu/crt1.o
                0x00000000004027b8                PROVIDE (__rela_iplt_start, .)
 *(.rela.iplt)
 .rela.iplt     0x0000000000000000        0x0 /usr/lib/gcc/x86_64-linux-gnu/4.8/../../../x86_64-linux-gnu/crt1.o
                0x00000000004027b8                PROVIDE (__rela_iplt_end, .)

.init           0x00000000004027b8        0xe
 *(.init)
 .init          0x00000000004027b8        0x9 /usr/lib/gcc/x86_64-linux-gnu/4.8/../../../x86_64-linux-gnu/crti.o
                0x00000000004027b8                _init
 .init          0x00000000004027c1        0x5 /usr/lib/gcc/x86_64-linux-gnu/4.8/../../../x86_64-linux-gnu/crtn.o

.plt            0x00000000004027d0      0x590
 *(.plt)
 .plt           0x00000000004027d0      0x590 /usr/lib/gcc/x86_64-linux-gnu/4.8/../../../x86_64-linux-gnu/crt1.o
                0x00000000004027e0                std::ostream::put(char)@@GLIBCXX_3.4
                0x00000000004027f0                GOMP_parallel_end@@GOMP_1.0
                0x0000000000402800                std::_Rb_tree_insert_and_rebalance(bool, std::_Rb_tree_node_base*, std::_Rb_tree_node_base*, std::_Rb_tree_node_base&)@@GLIBCXX_3.4
                0x0000000000402810                std::string::append(char const*, unsigned long)@@GLIBCXX_3.4
                0x0000000000402820                std::basic_iostream<char, std::char_traits<char> >::~basic_iostream()@@GLIBCXX_3.4
                0x0000000000402830                std::string::_M_leak_hard()@@GLIBCXX_3.4
                0x0000000000402840                std::basic_filebuf<char, std::char_traits<char> >::close()@@GLIBCXX_3.4
                0x0000000000402850                std::basic_ifstream<char, std::char_traits<char> >::~basic_ifstream()@@GLIBCXX_3.4
                0x0000000000402860                std::ios_base::ios_base()@@GLIBCXX_3.4
                0x0000000000402870                std::ios_base::~ios_base()@@GLIBCXX_3.4
                0x0000000000402880                __cxa_begin_catch@@CXXABI_1.3
                0x0000000000402890                strlen@@GLIBC_2.2.5
                0x00000000004028a0                memcmp@@GLIBC_2.2.5
                0x00000000004028b0                std::basic_istream<char, std::char_traits<char> >& std::operator>><char, std::char_traits<char>, std::allocator<char> >(std::basic_istream<char, std::char_traits<char> >&, std::basic_string<char, std::char_traits<char>, std::allocator<char> >&)@@GLIBCXX_3.4
                0x00000000004028c0                std::basic_ostream<char, std::char_traits<char> >& std::endl<char, std::char_traits<char> >(std::basic_ostream<char, std::char_traits<char> >&)@@GLIBCXX_3.4
                0x00000000004028d0                __cxa_allocate_exception@@CXXABI_1.3
                0x00000000004028e0                std::basic_ios<char, std::char_traits<char> >::fill() const@@GLIBCXX_3.4
                0x00000000004028f0                memset@@GLIBC_2.2.5
                0x0000000000402900                GOMP_parallel_start@@GOMP_1.0
                0x0000000000402910                std::basic_string<char, std::char_traits<char>, std::allocator<char> >::basic_string(std::string const&)@@GLIBCXX_3.4
                0x0000000000402920                std::_Rb_tree_rebalance_for_erase(std::_Rb_tree_node_base*, std::_Rb_tree_node_base&)@@GLIBCXX_3.4
                0x0000000000402930                std::istream::operator>>(int&)@@GLIBCXX_3.4
                0x0000000000402940                std::string::_Rep::_M_dispose(std::allocator<char> const&)@@GLIBCXX_3.4
                0x0000000000402950                vsnprintf@@GLIBC_2.2.5
                0x0000000000402960                std::istream& std::istream::_M_extract<double>(double&)@@GLIBCXX_3.4.9
                0x0000000000402970                std::ostream::flush()@@GLIBCXX_3.4
                0x0000000000402980                std::_Rb_tree_increment(std::_Rb_tree_node_base*)@@GLIBCXX_3.4
                0x0000000000402990                __cxa_free_exception@@CXXABI_1.3
                0x00000000004029a0                sqrt@@GLIBC_2.2.5
                0x00000000004029b0                std::string::reserve(unsigned long)@@GLIBCXX_3.4
                0x00000000004029c0                std::string::_Rep::_M_destroy(std::allocator<char> const&)@@GLIBCXX_3.4
                0x00000000004029d0                __vsnprintf_chk@@GLIBC_2.3.4
                0x00000000004029e0                memcpy@@GLIBC_2.14
                0x00000000004029f0                system@@GLIBC_2.2.5
                0x0000000000402a00                std::logic_error::logic_error(std::string const&)@@GLIBCXX_3.4
                0x0000000000402a10                __cxa_atexit@@GLIBC_2.2.5
                0x0000000000402a20                std::basic_filebuf<char, std::char_traits<char> >::open(char const*, std::_Ios_Openmode)@@GLIBCXX_3.4
                0x0000000000402a30                operator delete(void*)@@GLIBCXX_3.4
                0x0000000000402a40                std::ostream& std::ostream::_M_insert<long>(long)@@GLIBCXX_3.4.9
                0x0000000000402a50                std::basic_ostream<char, std::char_traits<char> >& std::operator<< <std::char_traits<char> >(std::basic_ostream<char, std::char_traits<char> >&, char const*)@@GLIBCXX_3.4
                0x0000000000402a60                operator new(unsigned long)@@GLIBCXX_3.4
                0x0000000000402a70                __xstat@@GLIBC_2.2.5
                0x0000000000402a80                std::basic_filebuf<char, std::char_traits<char> >::basic_filebuf()@@GLIBCXX_3.4
                0x0000000000402a90                std::_Rb_tree_decrement(std::_Rb_tree_node_base*)@@GLIBCXX_3.4
                0x0000000000402aa0                std::string::append(std::string const&)@@GLIBCXX_3.4
                0x0000000000402ab0                __stack_chk_fail@@GLIBC_2.4
                0x0000000000402ac0                omp_set_num_threads@@OMP_1.0
                0x0000000000402ad0                std::basic_string<char, std::char_traits<char>, std::allocator<char> >::basic_string(char const*, std::allocator<char> const&)@@GLIBCXX_3.4
                0x0000000000402ae0                std::basic_ostream<char, std::char_traits<char> >& std::__ostream_insert<char, std::char_traits<char> >(std::basic_ostream<char, std::char_traits<char> >&, char const*, long)@@GLIBCXX_3.4.9
                0x0000000000402af0                std::ctype<char>::_M_widen_init() const@@GLIBCXX_3.4.11
                0x0000000000402b00                std::_Rb_tree_increment(std::_Rb_tree_node_base const*)@@GLIBCXX_3.4
                0x0000000000402b10                std::logic_error::~logic_error()@@GLIBCXX_3.4
                0x0000000000402b20                std::basic_ofstream<char, std::char_traits<char> >::open(std::string const&, std::_Ios_Openmode)@@GLIBCXX_3.4.13
                0x0000000000402b30                __cxa_get_exception_ptr@@CXXABI_1.3.1
                0x0000000000402b40                std::__throw_bad_cast()@@GLIBCXX_3.4
                0x0000000000402b50                __cxa_call_unexpected@@CXXABI_1.3
                0x0000000000402b60                operator delete[](void*)@@GLIBCXX_3.4
                0x0000000000402b70                std::string::assign(std::string const&)@@GLIBCXX_3.4
                0x0000000000402b80                std::basic_ios<char, std::char_traits<char> >::init(std::basic_streambuf<char, std::char_traits<char> >*)@@GLIBCXX_3.4
                0x0000000000402b90                std::locale::~locale()@@GLIBCXX_3.4
                0x0000000000402ba0                std::basic_ofstream<char, std::char_traits<char> >::close()@@GLIBCXX_3.4
                0x0000000000402bb0                std::__throw_out_of_range(char const*)@@GLIBCXX_3.4
                0x0000000000402bc0                __cxa_rethrow@@CXXABI_1.3
                0x0000000000402bd0                std::basic_ofstream<char, std::char_traits<char> >::~basic_ofstream()@@GLIBCXX_3.4
                0x0000000000402be0                std::basic_stringstream<char, std::char_traits<char>, std::allocator<char> >::~basic_stringstream()@@GLIBCXX_3.4
                0x0000000000402bf0                std::ios_base::Init::Init()@@GLIBCXX_3.4
                0x0000000000402c00                std::basic_string<char, std::char_traits<char>, std::allocator<char> >::basic_string(std::string const&, unsigned long, unsigned long)@@GLIBCXX_3.4
                0x0000000000402c10                std::basic_filebuf<char, std::char_traits<char> >::~basic_filebuf()@@GLIBCXX_3.4
                0x0000000000402c20                omp_get_thread_num@@OMP_1.0
                0x0000000000402c30                __cxa_end_catch@@CXXABI_1.3
                0x0000000000402c40                __gxx_personality_v0@@CXXABI_1.3
                0x0000000000402c50                __pthread_key_create@@GLIBC_2.2.5
                0x0000000000402c60                omp_get_max_threads@@OMP_1.0
                0x0000000000402c70                std::basic_ios<char, std::char_traits<char> >::clear(std::_Ios_Iostate)@@GLIBCXX_3.4
                0x0000000000402c80                std::basic_ofstream<char, std::char_traits<char> >::basic_ofstream()@@GLIBCXX_3.4
                0x0000000000402c90                __cxa_throw@@CXXABI_1.3
                0x0000000000402ca0                std::ostream::operator<<(int)@@GLIBCXX_3.4
                0x0000000000402cb0                _Unwind_Resume@@GCC_3.0
                0x0000000000402cc0                std::exception::~exception()@@GLIBCXX_3.4
                0x0000000000402cd0                std::__basic_file<char>::~__basic_file()@@GLIBCXX_3.4
                0x0000000000402ce0                __libc_start_main@@GLIBC_2.2.5
                0x0000000000402cf0                omp_get_num_threads@@OMP_1.0
                0x0000000000402d00                __cxa_pure_virtual@@CXXABI_1.3
                0x0000000000402d10                std::string::_Rep::_S_create(unsigned long, unsigned long, std::allocator<char> const&)@@GLIBCXX_3.4
                0x0000000000402d20                std::exception::what() const@@GLIBCXX_3.4
                0x0000000000402d30                std::istream& std::istream::_M_extract<float>(float&)@@GLIBCXX_3.4.9
                0x0000000000402d40                std::locale::locale()@@GLIBCXX_3.4
                0x0000000000402d50                std::ios_base::Init::~Init()@@GLIBCXX_3.4
 *(.iplt)
 .iplt          0x0000000000000000        0x0 /usr/lib/gcc/x86_64-linux-gnu/4.8/../../../x86_64-linux-gnu/crt1.o

.text           0x0000000000402d60     0xc3f2
 *(.text.unlikely .text.*_unlikely)
 *(.text.exit .text.exit.*)
 *(.text.startup .text.startup.*)
 .text.startup.main
                0x0000000000402d60     0x1ce1 builddir//home/hwsimu03/.mox/pca/ex6/a02/main.o
                0x0000000000402d60                main
 *fill*         0x0000000000404a41        0xf 90909090
 .text.startup._GLOBAL__sub_I_steps
                0x0000000000404a50       0x26 builddir//home/hwsimu03/.mox/pca/ex6/a02/main.o
 *(.text.hot .text.hot.*)
 *(.text .stub .text.* .gnu.linkonce.t.*)
 *fill*         0x0000000000404a76        0x2 90909090
 .text          0x0000000000404a78       0x2c /usr/lib/gcc/x86_64-linux-gnu/4.8/../../../x86_64-linux-gnu/crt1.o
                0x0000000000404a78                _start
 .text          0x0000000000404aa4       0x17 /usr/lib/gcc/x86_64-linux-gnu/4.8/../../../x86_64-linux-gnu/crti.o
 *fill*         0x0000000000404abb        0x5 90909090
 .text          0x0000000000404ac0       0xbd /usr/lib/gcc/x86_64-linux-gnu/4.8/crtbegin.o
 *fill*         0x0000000000404b7d        0x3 90909090
 .text._ZN6GetOpt8GetOptExD2Ev
                0x0000000000404b80        0xc builddir//home/hwsimu03/.mox/pca/ex6/a02/extern/getopt_pp.o
                0x0000000000404b80                GetOpt::GetOptEx::~GetOptEx()
                0x0000000000404b80                GetOpt::GetOptEx::~GetOptEx()
 *fill*         0x0000000000404b8c        0x4 90909090
 .text._ZN6GetOpt8GetOptExD0Ev
                0x0000000000404b90       0x19 builddir//home/hwsimu03/.mox/pca/ex6/a02/extern/getopt_pp.o
                0x0000000000404b90                GetOpt::GetOptEx::~GetOptEx()
 *fill*         0x0000000000404ba9        0x7 90909090
 .text._ZN6GetOpt16OptionNotFoundExD2Ev
                0x0000000000404bb0        0xc builddir//home/hwsimu03/.mox/pca/ex6/a02/extern/getopt_pp.o
                0x0000000000404bb0                GetOpt::OptionNotFoundEx::~OptionNotFoundEx()
                0x0000000000404bb0                GetOpt::OptionNotFoundEx::~OptionNotFoundEx()
 *fill*         0x0000000000404bbc        0x4 90909090
 .text._ZN6GetOpt16OptionNotFoundExD0Ev
                0x0000000000404bc0       0x19 builddir//home/hwsimu03/.mox/pca/ex6/a02/extern/getopt_pp.o
                0x0000000000404bc0                GetOpt::OptionNotFoundEx::~OptionNotFoundEx()
 *fill*         0x0000000000404bd9        0x7 90909090
 .text._ZN6GetOpt18TooManyArgumentsExD2Ev
                0x0000000000404be0        0xc builddir//home/hwsimu03/.mox/pca/ex6/a02/extern/getopt_pp.o
                0x0000000000404be0                GetOpt::TooManyArgumentsEx::~TooManyArgumentsEx()
                0x0000000000404be0                GetOpt::TooManyArgumentsEx::~TooManyArgumentsEx()
 *fill*         0x0000000000404bec        0x4 90909090
 .text._ZN6GetOpt18TooManyArgumentsExD0Ev
                0x0000000000404bf0       0x19 builddir//home/hwsimu03/.mox/pca/ex6/a02/extern/getopt_pp.o
                0x0000000000404bf0                GetOpt::TooManyArgumentsEx::~TooManyArgumentsEx()
 *fill*         0x0000000000404c09        0x7 90909090
 .text._ZN6GetOpt18ArgumentNotFoundExD2Ev
                0x0000000000404c10        0xc builddir//home/hwsimu03/.mox/pca/ex6/a02/extern/getopt_pp.o
                0x0000000000404c10                GetOpt::ArgumentNotFoundEx::~ArgumentNotFoundEx()
                0x0000000000404c10                GetOpt::ArgumentNotFoundEx::~ArgumentNotFoundEx()
 *fill*         0x0000000000404c1c        0x4 90909090
 .text._ZN6GetOpt18ArgumentNotFoundExD0Ev
                0x0000000000404c20       0x19 builddir//home/hwsimu03/.mox/pca/ex6/a02/extern/getopt_pp.o
                0x0000000000404c20                GetOpt::ArgumentNotFoundEx::~ArgumentNotFoundEx()
 *fill*         0x0000000000404c39        0x7 90909090
 .text._ZN6GetOpt15InvalidFormatExD2Ev
                0x0000000000404c40        0xc builddir//home/hwsimu03/.mox/pca/ex6/a02/extern/getopt_pp.o
                0x0000000000404c40                GetOpt::InvalidFormatEx::~InvalidFormatEx()
                0x0000000000404c40                GetOpt::InvalidFormatEx::~InvalidFormatEx()
 *fill*         0x0000000000404c4c        0x4 90909090
 .text._ZN6GetOpt15InvalidFormatExD0Ev
                0x0000000000404c50       0x19 builddir//home/hwsimu03/.mox/pca/ex6/a02/extern/getopt_pp.o
                0x0000000000404c50                GetOpt::InvalidFormatEx::~InvalidFormatEx()
 *fill*         0x0000000000404c69        0x7 90909090
 .text._ZN6GetOpt14ParsingErrorExD2Ev
                0x0000000000404c70        0xc builddir//home/hwsimu03/.mox/pca/ex6/a02/extern/getopt_pp.o
                0x0000000000404c70                GetOpt::ParsingErrorEx::~ParsingErrorEx()
                0x0000000000404c70                GetOpt::ParsingErrorEx::~ParsingErrorEx()
 *fill*         0x0000000000404c7c        0x4 90909090
 .text._ZN6GetOpt14ParsingErrorExD0Ev
                0x0000000000404c80       0x19 builddir//home/hwsimu03/.mox/pca/ex6/a02/extern/getopt_pp.o
                0x0000000000404c80                GetOpt::ParsingErrorEx::~ParsingErrorEx()
 *fill*         0x0000000000404c99        0x7 90909090
 .text._ZNSt15basic_stringbufIcSt11char_traitsIcESaIcEED2Ev
                0x0000000000404ca0       0x68 builddir//home/hwsimu03/.mox/pca/ex6/a02/extern/getopt_pp.o
                0x0000000000404ca0                std::basic_stringbuf<char, std::char_traits<char>, std::allocator<char> >::~basic_stringbuf()
                0x0000000000404ca0                std::basic_stringbuf<char, std::char_traits<char>, std::allocator<char> >::~basic_stringbuf()
 *fill*         0x0000000000404d08        0x8 90909090
 .text._ZN6GetOpt21OptionsFileNotFoundExD2Ev
                0x0000000000404d10       0x67 builddir//home/hwsimu03/.mox/pca/ex6/a02/extern/getopt_pp.o
                0x0000000000404d10                GetOpt::OptionsFileNotFoundEx::~OptionsFileNotFoundEx()
                0x0000000000404d10                GetOpt::OptionsFileNotFoundEx::~OptionsFileNotFoundEx()
 *fill*         0x0000000000404d77        0x9 90909090
 .text._ZNSt15basic_stringbufIcSt11char_traitsIcESaIcEED0Ev
                0x0000000000404d80       0x70 builddir//home/hwsimu03/.mox/pca/ex6/a02/extern/getopt_pp.o
                0x0000000000404d80                std::basic_stringbuf<char, std::char_traits<char>, std::allocator<char> >::~basic_stringbuf()
 .text._ZN6GetOpt21OptionsFileNotFoundExD0Ev
                0x0000000000404df0       0x6f builddir//home/hwsimu03/.mox/pca/ex6/a02/extern/getopt_pp.o
                0x0000000000404df0                GetOpt::OptionsFileNotFoundEx::~OptionsFileNotFoundEx()
 *fill*         0x0000000000404e5f        0x1 90909090
 .text._ZN6GetOpt9GetOpt_pp11_init_flagsEv
                0x0000000000404e60      0x2b6 builddir//home/hwsimu03/.mox/pca/ex6/a02/extern/getopt_pp.o
                0x0000000000404e60                GetOpt::GetOpt_pp::_init_flags()
 *fill*         0x0000000000405116        0xa 90909090
 .text._ZN6GetOpt9GetOpt_pp13TokensDeleterD2Ev
                0x0000000000405120       0xb1 builddir//home/hwsimu03/.mox/pca/ex6/a02/extern/getopt_pp.o
                0x0000000000405120                GetOpt::GetOpt_pp::TokensDeleter::~TokensDeleter()
                0x0000000000405120                GetOpt::GetOpt_pp::TokensDeleter::~TokensDeleter()
 *fill*         0x00000000004051d1        0xf 90909090
 .text._ZN6GetOpt9GetOpt_pprsERKNS_7_OptionE
                0x00000000004051e0      0x144 builddir//home/hwsimu03/.mox/pca/ex6/a02/extern/getopt_pp.o
                0x00000000004051e0                GetOpt::GetOpt_pp::operator>>(GetOpt::_Option const&)
 *fill*         0x0000000000405324        0xc 90909090
 .text._ZNSt6vectorISsSaISsEED2Ev
                0x0000000000405330       0xab builddir//home/hwsimu03/.mox/pca/ex6/a02/extern/getopt_pp.o
                0x0000000000405330                std::vector<std::string, std::allocator<std::string> >::~vector()
                0x0000000000405330                std::vector<std::string, std::allocator<std::string> >::~vector()
 *fill*         0x00000000004053db        0x5 90909090
 .text._ZNSt8_Rb_treeISsSt4pairIKSsN6GetOpt10OptionDataEESt10_Select1stIS4_ESt4lessISsESaIS4_EE4findERS1_
                0x00000000004053e0       0xdb builddir//home/hwsimu03/.mox/pca/ex6/a02/extern/getopt_pp.o
                0x00000000004053e0                std::_Rb_tree<std::string, std::pair<std::string const, GetOpt::OptionData>, std::_Select1st<std::pair<std::string const, GetOpt::OptionData> >, std::less<std::string>, std::allocator<std::pair<std::string const, GetOpt::OptionData> > >::find(std::string const&)
 *fill*         0x00000000004054bb        0x5 90909090
 .text._ZNSt6vectorISsSaISsEE19_M_emplace_back_auxIIRKSsEEEvDpOT_
                0x00000000004054c0      0x203 builddir//home/hwsimu03/.mox/pca/ex6/a02/extern/getopt_pp.o
                0x00000000004054c0                void std::vector<std::string, std::allocator<std::string> >::_M_emplace_back_aux<std::string const&>(std::string const&)
                0x00000000004054c0                _ZNSt6vectorISsSaISsEE19_M_emplace_back_auxIJRKSsEEEvDpOT_
 *fill*         0x00000000004056c3        0xd 90909090
 .text._ZNSt8_Rb_treeIcSt4pairIKcN6GetOpt10OptionDataEESt10_Select1stIS4_ESt4lessIcESaIS4_EE8_M_eraseEPSt13_Rb_tree_nodeIS4_E
                0x00000000004056d0      0x1c1 builddir//home/hwsimu03/.mox/pca/ex6/a02/extern/getopt_pp.o
                0x00000000004056d0                std::_Rb_tree<char, std::pair<char const, GetOpt::OptionData>, std::_Select1st<std::pair<char const, GetOpt::OptionData> >, std::less<char>, std::allocator<std::pair<char const, GetOpt::OptionData> > >::_M_erase(std::_Rb_tree_node<std::pair<char const, GetOpt::OptionData> >*)
 *fill*         0x0000000000405891        0xf 90909090
 .text._ZNSt8_Rb_treeISsSt4pairIKSsN6GetOpt10OptionDataEESt10_Select1stIS4_ESt4lessISsESaIS4_EE8_M_eraseEPSt13_Rb_tree_nodeIS4_E
                0x00000000004058a0      0x4cb builddir//home/hwsimu03/.mox/pca/ex6/a02/extern/getopt_pp.o
                0x00000000004058a0                std::_Rb_tree<std::string, std::pair<std::string const, GetOpt::OptionData>, std::_Select1st<std::pair<std::string const, GetOpt::OptionData> >, std::less<std::string>, std::allocator<std::pair<std::string const, GetOpt::OptionData> > >::_M_erase(std::_Rb_tree_node<std::pair<std::string const, GetOpt::OptionData> >*)
 *fill*         0x0000000000405d6b        0x5 90909090
 .text._ZNSt8_Rb_treeIcSt4pairIKcN6GetOpt10OptionDataEESt10_Select1stIS4_ESt4lessIcESaIS4_EE29_M_get_insert_hint_unique_posESt23_Rb_tree_const_iteratorIS4_ERS1_
                0x0000000000405d70      0x289 builddir//home/hwsimu03/.mox/pca/ex6/a02/extern/getopt_pp.o
                0x0000000000405d70                std::_Rb_tree<char, std::pair<char const, GetOpt::OptionData>, std::_Select1st<std::pair<char const, GetOpt::OptionData> >, std::less<char>, std::allocator<std::pair<char const, GetOpt::OptionData> > >::_M_get_insert_hint_unique_pos(std::_Rb_tree_const_iterator<std::pair<char const, GetOpt::OptionData> >, char const&)
 *fill*         0x0000000000405ff9        0x7 90909090
 .text._ZNSt6vectorISsSaISsEE19_M_emplace_back_auxIISsEEEvDpOT_
                0x0000000000406000      0x1a2 builddir//home/hwsimu03/.mox/pca/ex6/a02/extern/getopt_pp.o
                0x0000000000406000                _ZNSt6vectorISsSaISsEE19_M_emplace_back_auxIJSsEEEvDpOT_
                0x0000000000406000                void std::vector<std::string, std::allocator<std::string> >::_M_emplace_back_aux<std::string>(std::string&&)
 *fill*         0x00000000004061a2        0xe 90909090
 .text._ZN6GetOpt9GetOpt_pp20_argc_argv_to_vectorEiPKPKcRSt6vectorISsSaISsEE
                0x00000000004061b0      0x18d builddir//home/hwsimu03/.mox/pca/ex6/a02/extern/getopt_pp.o
                0x00000000004061b0                GetOpt::GetOpt_pp::_argc_argv_to_vector(int, char const* const*, std::vector<std::string, std::allocator<std::string> >&)
 *fill*         0x000000000040633d        0x3 90909090
 .text._ZNSt8_Rb_treeISsSt4pairIKSsN6GetOpt10OptionDataEESt10_Select1stIS4_ESt4lessISsESaIS4_EE24_M_get_insert_unique_posERS1_
                0x0000000000406340      0x145 builddir//home/hwsimu03/.mox/pca/ex6/a02/extern/getopt_pp.o
                0x0000000000406340                std::_Rb_tree<std::string, std::pair<std::string const, GetOpt::OptionData>, std::_Select1st<std::pair<std::string const, GetOpt::OptionData> >, std::less<std::string>, std::allocator<std::pair<std::string const, GetOpt::OptionData> > >::_M_get_insert_unique_pos(std::string const&)
 *fill*         0x0000000000406485        0xb 90909090
 .text._ZNSt8_Rb_treeISsSt4pairIKSsN6GetOpt10OptionDataEESt10_Select1stIS4_ESt4lessISsESaIS4_EE29_M_get_insert_hint_unique_posESt23_Rb_tree_const_iteratorIS4_ERS1_
                0x0000000000406490      0x252 builddir//home/hwsimu03/.mox/pca/ex6/a02/extern/getopt_pp.o
                0x0000000000406490                std::_Rb_tree<std::string, std::pair<std::string const, GetOpt::OptionData>, std::_Select1st<std::pair<std::string const, GetOpt::OptionData> >, std::less<std::string>, std::allocator<std::pair<std::string const, GetOpt::OptionData> > >::_M_get_insert_hint_unique_pos(std::_Rb_tree_const_iterator<std::pair<std::string const, GetOpt::OptionData> >, std::string const&)
 *fill*         0x00000000004066e2        0xe 90909090
 .text._ZNSt8_Rb_treeISsSt4pairIKSsN6GetOpt10OptionDataEESt10_Select1stIS4_ESt4lessISsESaIS4_EE22_M_emplace_hint_uniqueIIRKSt21piecewise_construct_tSt5tupleIIRS1_EESF_IIEEEEESt17_Rb_tree_iteratorIS4_ESt23_Rb_tree_const_iteratorIS4_EDpOT_
                0x00000000004066f0      0x43d builddir//home/hwsimu03/.mox/pca/ex6/a02/extern/getopt_pp.o
                0x00000000004066f0                _ZNSt8_Rb_treeISsSt4pairIKSsN6GetOpt10OptionDataEESt10_Select1stIS4_ESt4lessISsESaIS4_EE22_M_emplace_hint_uniqueIJRKSt21piecewise_construct_tSt5tupleIJRS1_EESF_IJEEEEESt17_Rb_tree_iteratorIS4_ESt23_Rb_tree_const_iteratorIS4_EDpOT_
                0x00000000004066f0                std::_Rb_tree_iterator<std::pair<std::string const, GetOpt::OptionData> > std::_Rb_tree<std::string, std::pair<std::string const, GetOpt::OptionData>, std::_Select1st<std::pair<std::string const, GetOpt::OptionData> >, std::less<std::string>, std::allocator<std::pair<std::string const, GetOpt::OptionData> > >::_M_emplace_hint_unique<std::piecewise_construct_t const&, std::tuple<std::string const&>, std::tuple<> >(std::_Rb_tree_const_iterator<std::pair<std::string const, GetOpt::OptionData> >, std::piecewise_construct_t const&, std::tuple<std::string const&>&&, std::tuple<>&&)
 *fill*         0x0000000000406b2d        0x3 90909090
 .text._ZN6GetOpt9GetOpt_pp6_parseERKSt6vectorISsSaISsEE
                0x0000000000406b30     0x1666 builddir//home/hwsimu03/.mox/pca/ex6/a02/extern/getopt_pp.o
                0x0000000000406b30                GetOpt::GetOpt_pp::_parse(std::vector<std::string, std::allocator<std::string> > const&)
 *fill*         0x0000000000408196        0xa 90909090
 .text._ZN6GetOpt9GetOpt_pp15_parse_sub_fileERKSs
                0x00000000004081a0      0x483 builddir//home/hwsimu03/.mox/pca/ex6/a02/extern/getopt_pp.o
                0x00000000004081a0                GetOpt::GetOpt_pp::_parse_sub_file(std::string const&)
 *fill*         0x0000000000408623        0xd 90909090
 .text._ZN6GetOpt9GetOpt_ppC2EiPKPKc
                0x0000000000408630      0x1c3 builddir//home/hwsimu03/.mox/pca/ex6/a02/extern/getopt_pp.o
                0x0000000000408630                GetOpt::GetOpt_pp::GetOpt_pp(int, char const* const*)
                0x0000000000408630                GetOpt::GetOpt_pp::GetOpt_pp(int, char const* const*)
 *fill*         0x00000000004087f3        0xd 90909090
 .text._ZN6GetOpt7_OptionD2Ev
                0x0000000000408800        0x8 builddir//home/hwsimu03/.mox/pca/ex6/a02/main.o
                0x0000000000408800                GetOpt::_Option::~_Option()
                0x0000000000408800                GetOpt::_Option::~_Option()
 *fill*         0x0000000000408808        0x8 90909090
 .text._ZN6GetOpt7_OptionD0Ev
                0x0000000000408810        0xc builddir//home/hwsimu03/.mox/pca/ex6/a02/main.o
                0x0000000000408810                GetOpt::_Option::~_Option()
 *fill*         0x000000000040881c        0x4 90909090
 .text._ZN10RelaxationIfLl100EE7iterateEv._omp_fn.1
                0x0000000000408820      0x140 builddir//home/hwsimu03/.mox/pca/ex6/a02/main.o
 .text._ZN10RelaxationIdLl100EE7iterateEv._omp_fn.9
                0x0000000000408960      0x137 builddir//home/hwsimu03/.mox/pca/ex6/a02/main.o
 *fill*         0x0000000000408a97        0x9 90909090
 .text._ZN10RelaxationIdLl500EE7iterateEv._omp_fn.11
                0x0000000000408aa0      0x127 builddir//home/hwsimu03/.mox/pca/ex6/a02/main.o
 *fill*         0x0000000000408bc7        0x9 90909090
 .text._ZN10RelaxationIdLl1000EE7iterateEv._omp_fn.13
                0x0000000000408bd0      0x127 builddir//home/hwsimu03/.mox/pca/ex6/a02/main.o
 *fill*         0x0000000000408cf7        0x9 90909090
 .text._ZN10RelaxationIdLl10000EE7iterateEv._omp_fn.15
                0x0000000000408d00      0x127 builddir//home/hwsimu03/.mox/pca/ex6/a02/main.o
 *fill*         0x0000000000408e27        0x9 90909090
 .text._ZN10RelaxationIfLl100EEC2Effllff._omp_fn.0
                0x0000000000408e30      0x145 builddir//home/hwsimu03/.mox/pca/ex6/a02/main.o
 *fill*         0x0000000000408f75        0xb 90909090
 .text._ZN10RelaxationIfLl500EEC2Effllff._omp_fn.2
                0x0000000000408f80      0x129 builddir//home/hwsimu03/.mox/pca/ex6/a02/main.o
 *fill*         0x00000000004090a9        0x7 90909090
 .text._ZN10RelaxationIfLl1000EEC2Effllff._omp_fn.4
                0x00000000004090b0      0x129 builddir//home/hwsimu03/.mox/pca/ex6/a02/main.o
 *fill*         0x00000000004091d9        0x7 90909090
 .text._ZN10RelaxationIfLl10000EEC2Effllff._omp_fn.6
                0x00000000004091e0      0x129 builddir//home/hwsimu03/.mox/pca/ex6/a02/main.o
 *fill*         0x0000000000409309        0x7 90909090
 .text._ZN10RelaxationIdLl100EEC2Eddlldd._omp_fn.8
                0x0000000000409310      0x140 builddir//home/hwsimu03/.mox/pca/ex6/a02/main.o
 .text._ZN10RelaxationIdLl500EEC2Eddlldd._omp_fn.10
                0x0000000000409450      0x12a builddir//home/hwsimu03/.mox/pca/ex6/a02/main.o
 *fill*         0x000000000040957a        0x6 90909090
 .text._ZN10RelaxationIdLl1000EEC2Eddlldd._omp_fn.12
                0x0000000000409580      0x12a builddir//home/hwsimu03/.mox/pca/ex6/a02/main.o
 *fill*         0x00000000004096aa        0x6 90909090
 .text._ZN10RelaxationIdLl10000EEC2Eddlldd._omp_fn.14
                0x00000000004096b0      0x12a builddir//home/hwsimu03/.mox/pca/ex6/a02/main.o
 *fill*         0x00000000004097da        0x6 90909090
 .text._ZN10RelaxationIfLl500EE7iterateEv._omp_fn.3
                0x00000000004097e0      0x130 builddir//home/hwsimu03/.mox/pca/ex6/a02/main.o
 .text._ZN10RelaxationIfLl1000EE7iterateEv._omp_fn.5
                0x0000000000409910      0x130 builddir//home/hwsimu03/.mox/pca/ex6/a02/main.o
 .text._ZN10RelaxationIfLl10000EE7iterateEv._omp_fn.7
                0x0000000000409a40      0x130 builddir//home/hwsimu03/.mox/pca/ex6/a02/main.o
 .text._ZN9__gnu_cxx12__to_xstringISscEET_PFiPT0_mPKS2_P13__va_list_tagEmS5_z.constprop.69
                0x0000000000409b70      0x15f builddir//home/hwsimu03/.mox/pca/ex6/a02/main.o
 *fill*         0x0000000000409ccf        0x1 90909090
 .text._ZN6GetOpt12_OptionTBaseIiED2Ev
                0x0000000000409cd0       0x5f builddir//home/hwsimu03/.mox/pca/ex6/a02/main.o
                0x0000000000409cd0                GetOpt::_OptionTBase<int>::~_OptionTBase()
                0x0000000000409cd0                GetOpt::_OptionTBase<int>::~_OptionTBase()
 *fill*         0x0000000000409d2f        0x1 90909090
 .text._ZN6GetOpt12_OptionTBaseIdED2Ev
                0x0000000000409d30       0x5f builddir//home/hwsimu03/.mox/pca/ex6/a02/main.o
                0x0000000000409d30                GetOpt::_OptionTBase<double>::~_OptionTBase()
                0x0000000000409d30                GetOpt::_OptionTBase<double>::~_OptionTBase()
 *fill*         0x0000000000409d8f        0x1 90909090
 .text._ZN6GetOpt13_DefValOptionIiNS_8_OptionTIiEEED2Ev
                0x0000000000409d90       0x5f builddir//home/hwsimu03/.mox/pca/ex6/a02/main.o
                0x0000000000409d90                GetOpt::_DefValOption<int, GetOpt::_OptionT<int> >::~_DefValOption()
                0x0000000000409d90                GetOpt::_DefValOption<int, GetOpt::_OptionT<int> >::~_DefValOption()
 *fill*         0x0000000000409def        0x1 90909090
 .text._ZN6GetOpt13_DefValOptionIdNS_8_OptionTIdEEED2Ev
                0x0000000000409df0       0x5f builddir//home/hwsimu03/.mox/pca/ex6/a02/main.o
                0x0000000000409df0                GetOpt::_DefValOption<double, GetOpt::_OptionT<double> >::~_DefValOption()
                0x0000000000409df0                GetOpt::_DefValOption<double, GetOpt::_OptionT<double> >::~_DefValOption()
 *fill*         0x0000000000409e4f        0x1 90909090
 .text._ZN6GetOpt12_OptionTBaseIiED0Ev
                0x0000000000409e50       0x67 builddir//home/hwsimu03/.mox/pca/ex6/a02/main.o
                0x0000000000409e50                GetOpt::_OptionTBase<int>::~_OptionTBase()
 *fill*         0x0000000000409eb7        0x9 90909090
 .text._ZN6GetOpt12_OptionTBaseIdED0Ev
                0x0000000000409ec0       0x67 builddir//home/hwsimu03/.mox/pca/ex6/a02/main.o
                0x0000000000409ec0                GetOpt::_OptionTBase<double>::~_OptionTBase()
 *fill*         0x0000000000409f27        0x9 90909090
 .text._ZN6GetOpt13_DefValOptionIiNS_8_OptionTIiEEED0Ev
                0x0000000000409f30       0x67 builddir//home/hwsimu03/.mox/pca/ex6/a02/main.o
                0x0000000000409f30                GetOpt::_DefValOption<int, GetOpt::_OptionT<int> >::~_DefValOption()
 *fill*         0x0000000000409f97        0x9 90909090
 .text._ZN6GetOpt13_DefValOptionIdNS_8_OptionTIdEEED0Ev
                0x0000000000409fa0       0x67 builddir//home/hwsimu03/.mox/pca/ex6/a02/main.o
                0x0000000000409fa0                GetOpt::_DefValOption<double, GetOpt::_OptionT<double> >::~_DefValOption()
 *fill*         0x000000000040a007        0x9 90909090
 .text._ZStplIcSt11char_traitsIcESaIcEESbIT_T0_T1_ERKS6_PKS3_
                0x000000000040a010       0x4d builddir//home/hwsimu03/.mox/pca/ex6/a02/main.o
                0x000000000040a010                std::basic_string<char, std::char_traits<char>, std::allocator<char> > std::operator+<char, std::char_traits<char>, std::allocator<char> >(std::basic_string<char, std::char_traits<char>, std::allocator<char> > const&, char const*)
 *fill*         0x000000000040a05d        0x3 90909090
 .text._ZNK6GetOpt12_OptionTBaseIdEclERSt3mapIcNS_10OptionDataESt4lessIcESaISt4pairIKcS3_EEERS2_ISsS3_S4_ISsESaIS6_IKSsS3_EEEPNS_5TokenESt13_Ios_Fmtflags
                0x000000000040a060       0xdb builddir//home/hwsimu03/.mox/pca/ex6/a02/main.o
                0x000000000040a060                GetOpt::_OptionTBase<double>::operator()(std::map<char, GetOpt::OptionData, std::less<char>, std::allocator<std::pair<char const, GetOpt::OptionData> > >&, std::map<std::string, GetOpt::OptionData, std::less<std::string>, std::allocator<std::pair<std::string const, GetOpt::OptionData> > >&, GetOpt::Token*, std::_Ios_Fmtflags) const
 *fill*         0x000000000040a13b        0x5 90909090
 .text._ZNK6GetOpt12_OptionTBaseIiEclERSt3mapIcNS_10OptionDataESt4lessIcESaISt4pairIKcS3_EEERS2_ISsS3_S4_ISsESaIS6_IKSsS3_EEEPNS_5TokenESt13_Ios_Fmtflags
                0x000000000040a140       0xdb builddir//home/hwsimu03/.mox/pca/ex6/a02/main.o
                0x000000000040a140                GetOpt::_OptionTBase<int>::operator()(std::map<char, GetOpt::OptionData, std::less<char>, std::allocator<std::pair<char const, GetOpt::OptionData> > >&, std::map<std::string, GetOpt::OptionData, std::less<std::string>, std::allocator<std::pair<std::string const, GetOpt::OptionData> > >&, GetOpt::Token*, std::_Ios_Fmtflags) const
 *fill*         0x000000000040a21b        0x5 90909090
 .text._ZNK6GetOpt13_DefValOptionIdNS_8_OptionTIdEEEclERSt3mapIcNS_10OptionDataESt4lessIcESaISt4pairIKcS5_EEERS4_ISsS5_S6_ISsESaIS8_IKSsS5_EEEPNS_5TokenESt13_Ios_Fmtflags
                0x000000000040a220       0xf9 builddir//home/hwsimu03/.mox/pca/ex6/a02/main.o
                0x000000000040a220                GetOpt::_DefValOption<double, GetOpt::_OptionT<double> >::operator()(std::map<char, GetOpt::OptionData, std::less<char>, std::allocator<std::pair<char const, GetOpt::OptionData> > >&, std::map<std::string, GetOpt::OptionData, std::less<std::string>, std::allocator<std::pair<std::string const, GetOpt::OptionData> > >&, GetOpt::Token*, std::_Ios_Fmtflags) const
 *fill*         0x000000000040a319        0x7 90909090
 .text._ZNK6GetOpt13_DefValOptionIiNS_8_OptionTIiEEEclERSt3mapIcNS_10OptionDataESt4lessIcESaISt4pairIKcS5_EEERS4_ISsS5_S6_ISsESaIS8_IKSsS5_EEEPNS_5TokenESt13_Ios_Fmtflags
                0x000000000040a320       0xf1 builddir//home/hwsimu03/.mox/pca/ex6/a02/main.o
                0x000000000040a320                GetOpt::_DefValOption<int, GetOpt::_OptionT<int> >::operator()(std::map<char, GetOpt::OptionData, std::less<char>, std::allocator<std::pair<char const, GetOpt::OptionData> > >&, std::map<std::string, GetOpt::OptionData, std::less<std::string>, std::allocator<std::pair<std::string const, GetOpt::OptionData> > >&, GetOpt::Token*, std::_Ios_Fmtflags) const
 *fill*         0x000000000040a411        0xf 90909090
 .text._ZN6GetOpt9GetOpt_ppD2Ev
                0x000000000040a420       0x76 builddir//home/hwsimu03/.mox/pca/ex6/a02/main.o
                0x000000000040a420                GetOpt::GetOpt_pp::~GetOpt_pp()
                0x000000000040a420                GetOpt::GetOpt_pp::~GetOpt_pp()
 *fill*         0x000000000040a496        0xa 90909090
 .text._ZN10RelaxationIfLl100EEC2Effllff
                0x000000000040a4a0      0x46c builddir//home/hwsimu03/.mox/pca/ex6/a02/main.o
                0x000000000040a4a0                Relaxation<float, 100l>::Relaxation(float, float, long, long, float, float)
                0x000000000040a4a0                Relaxation<float, 100l>::Relaxation(float, float, long, long, float, float)
 *fill*         0x000000000040a90c        0x4 90909090
 .text._Z9benchmarkIfLl100EEmi
                0x000000000040a910      0x438 builddir//home/hwsimu03/.mox/pca/ex6/a02/main.o
                0x000000000040a910                unsigned long benchmark<float, 100l>(int)
 *fill*         0x000000000040ad48        0x8 90909090
 .text._ZN10RelaxationIfLl500EEC2Effllff
                0x000000000040ad50      0x46c builddir//home/hwsimu03/.mox/pca/ex6/a02/main.o
                0x000000000040ad50                Relaxation<float, 500l>::Relaxation(float, float, long, long, float, float)
                0x000000000040ad50                Relaxation<float, 500l>::Relaxation(float, float, long, long, float, float)
 *fill*         0x000000000040b1bc        0x4 90909090
 .text._Z9benchmarkIfLl500EEmi
                0x000000000040b1c0      0x438 builddir//home/hwsimu03/.mox/pca/ex6/a02/main.o
                0x000000000040b1c0                unsigned long benchmark<float, 500l>(int)
 *fill*         0x000000000040b5f8        0x8 90909090
 .text._ZN10RelaxationIfLl1000EEC2Effllff
                0x000000000040b600      0x46c builddir//home/hwsimu03/.mox/pca/ex6/a02/main.o
                0x000000000040b600                Relaxation<float, 1000l>::Relaxation(float, float, long, long, float, float)
                0x000000000040b600                Relaxation<float, 1000l>::Relaxation(float, float, long, long, float, float)
 *fill*         0x000000000040ba6c        0x4 90909090
 .text._Z9benchmarkIfLl1000EEmi
                0x000000000040ba70      0x438 builddir//home/hwsimu03/.mox/pca/ex6/a02/main.o
                0x000000000040ba70                unsigned long benchmark<float, 1000l>(int)
 *fill*         0x000000000040bea8        0x8 90909090
 .text._ZN10RelaxationIfLl10000EEC2Effllff
                0x000000000040beb0      0x33b builddir//home/hwsimu03/.mox/pca/ex6/a02/main.o
                0x000000000040beb0                Relaxation<float, 10000l>::Relaxation(float, float, long, long, float, float)
                0x000000000040beb0                Relaxation<float, 10000l>::Relaxation(float, float, long, long, float, float)
 *fill*         0x000000000040c1eb        0x5 90909090
 .text._Z9benchmarkIfLl10000EEmi
                0x000000000040c1f0      0x438 builddir//home/hwsimu03/.mox/pca/ex6/a02/main.o
                0x000000000040c1f0                unsigned long benchmark<float, 10000l>(int)
 *fill*         0x000000000040c628        0x8 90909090
 .text._ZN10RelaxationIdLl100EEC2Eddlldd
                0x000000000040c630      0x47c builddir//home/hwsimu03/.mox/pca/ex6/a02/main.o
                0x000000000040c630                Relaxation<double, 100l>::Relaxation(double, double, long, long, double, double)
                0x000000000040c630                Relaxation<double, 100l>::Relaxation(double, double, long, long, double, double)
 *fill*         0x000000000040caac        0x4 90909090
 .text._Z9benchmarkIdLl100EEmi
                0x000000000040cab0      0x3d5 builddir//home/hwsimu03/.mox/pca/ex6/a02/main.o
                0x000000000040cab0                unsigned long benchmark<double, 100l>(int)
 *fill*         0x000000000040ce85        0xb 90909090
 .text._ZN10RelaxationIdLl500EEC2Eddlldd
                0x000000000040ce90      0x47c builddir//home/hwsimu03/.mox/pca/ex6/a02/main.o
                0x000000000040ce90                Relaxation<double, 500l>::Relaxation(double, double, long, long, double, double)
                0x000000000040ce90                Relaxation<double, 500l>::Relaxation(double, double, long, long, double, double)
 *fill*         0x000000000040d30c        0x4 90909090
 .text._Z9benchmarkIdLl500EEmi
                0x000000000040d310      0x3d5 builddir//home/hwsimu03/.mox/pca/ex6/a02/main.o
                0x000000000040d310                unsigned long benchmark<double, 500l>(int)
 *fill*         0x000000000040d6e5        0xb 90909090
 .text._ZN10RelaxationIdLl1000EEC2Eddlldd
                0x000000000040d6f0      0x47c builddir//home/hwsimu03/.mox/pca/ex6/a02/main.o
                0x000000000040d6f0                Relaxation<double, 1000l>::Relaxation(double, double, long, long, double, double)
                0x000000000040d6f0                Relaxation<double, 1000l>::Relaxation(double, double, long, long, double, double)
 *fill*         0x000000000040db6c        0x4 90909090
 .text._Z9benchmarkIdLl1000EEmi
                0x000000000040db70      0x3d5 builddir//home/hwsimu03/.mox/pca/ex6/a02/main.o
                0x000000000040db70                unsigned long benchmark<double, 1000l>(int)
 *fill*         0x000000000040df45        0xb 90909090
 .text._ZN10RelaxationIdLl10000EEC2Eddlldd
                0x000000000040df50      0x349 builddir//home/hwsimu03/.mox/pca/ex6/a02/main.o
                0x000000000040df50                Relaxation<double, 10000l>::Relaxation(double, double, long, long, double, double)
                0x000000000040df50                Relaxation<double, 10000l>::Relaxation(double, double, long, long, double, double)
 *fill*         0x000000000040e299        0x7 90909090
 .text._Z9benchmarkIdLl10000EEmi
                0x000000000040e2a0      0x3d5 builddir//home/hwsimu03/.mox/pca/ex6/a02/main.o
                0x000000000040e2a0                unsigned long benchmark<double, 10000l>(int)
 *fill*         0x000000000040e675        0xb 90909090
 .text._ZN6GetOpt7convertIdEENS_7_Option6ResultERKSsRT_St13_Ios_Fmtflags
                0x000000000040e680      0x33d builddir//home/hwsimu03/.mox/pca/ex6/a02/main.o
                0x000000000040e680                GetOpt::_Option::Result GetOpt::convert<double>(std::string const&, double&, std::_Ios_Fmtflags)
 *fill*         0x000000000040e9bd        0x3 90909090
 .text._ZNK6GetOpt8_OptionTIdE7_assignEPNS_5TokenESt13_Ios_FmtflagsRSt3mapIcNS_10OptionDataESt4lessIcESaISt4pairIKcS6_EEE
                0x000000000040e9c0      0x1de builddir//home/hwsimu03/.mox/pca/ex6/a02/main.o
                0x000000000040e9c0                GetOpt::_OptionT<double>::_assign(GetOpt::Token*, std::_Ios_Fmtflags, std::map<char, GetOpt::OptionData, std::less<char>, std::allocator<std::pair<char const, GetOpt::OptionData> > >&) const
 *fill*         0x000000000040eb9e        0x2 90909090
 .text._ZN6GetOpt7convertIiEENS_7_Option6ResultERKSsRT_St13_Ios_Fmtflags
                0x000000000040eba0      0x33d builddir//home/hwsimu03/.mox/pca/ex6/a02/main.o
                0x000000000040eba0                GetOpt::_Option::Result GetOpt::convert<int>(std::string const&, int&, std::_Ios_Fmtflags)
 *fill*         0x000000000040eedd        0x3 90909090
 .text._ZNK6GetOpt8_OptionTIiE7_assignEPNS_5TokenESt13_Ios_FmtflagsRSt3mapIcNS_10OptionDataESt4lessIcESaISt4pairIKcS6_EEE
                0x000000000040eee0      0x1de builddir//home/hwsimu03/.mox/pca/ex6/a02/main.o
                0x000000000040eee0                GetOpt::_OptionT<int>::_assign(GetOpt::Token*, std::_Ios_Fmtflags, std::map<char, GetOpt::OptionData, std::less<char>, std::allocator<std::pair<char const, GetOpt::OptionData> > >&) const
 *fill*         0x000000000040f0be        0x2 90909090
 .text          0x000000000040f0c0       0x92 /usr/lib/x86_64-linux-gnu/libc_nonshared.a(elf-init.oS)
                0x000000000040f0c0                __libc_csu_init
                0x000000000040f150                __libc_csu_fini
 *(.gnu.warning)

.fini           0x000000000040f154        0x9
 *(.fini)
 .fini          0x000000000040f154        0x4 /usr/lib/gcc/x86_64-linux-gnu/4.8/../../../x86_64-linux-gnu/crti.o
                0x000000000040f154                _fini
 .fini          0x000000000040f158        0x5 /usr/lib/gcc/x86_64-linux-gnu/4.8/../../../x86_64-linux-gnu/crtn.o
                0x000000000040f15d                PROVIDE (__etext, .)
                0x000000000040f15d                PROVIDE (_etext, .)
                0x000000000040f15d                PROVIDE (etext, .)

.rodata         0x000000000040f160      0xa70
 *(.rodata .rodata.* .gnu.linkonce.r.*)
 .rodata.str1.1
                0x000000000040f160       0x15 builddir//home/hwsimu03/.mox/pca/ex6/a02/extern/getopt_pp.o
 *fill*         0x000000000040f175        0xb 00
 .rodata._ZTIN6GetOpt8GetOptExE
                0x000000000040f180       0x18 builddir//home/hwsimu03/.mox/pca/ex6/a02/extern/getopt_pp.o
                0x000000000040f180                typeinfo for GetOpt::GetOptEx
 *fill*         0x000000000040f198        0x8 00
 .rodata._ZTSN6GetOpt8GetOptExE
                0x000000000040f1a0       0x13 builddir//home/hwsimu03/.mox/pca/ex6/a02/extern/getopt_pp.o
                0x000000000040f1a0                typeinfo name for GetOpt::GetOptEx
 *fill*         0x000000000040f1b3        0xd 00
 .rodata._ZTIN6GetOpt14ParsingErrorExE
                0x000000000040f1c0       0x18 builddir//home/hwsimu03/.mox/pca/ex6/a02/extern/getopt_pp.o
                0x000000000040f1c0                typeinfo for GetOpt::ParsingErrorEx
 *fill*         0x000000000040f1d8        0x8 00
 .rodata._ZTSN6GetOpt14ParsingErrorExE
                0x000000000040f1e0       0x1a builddir//home/hwsimu03/.mox/pca/ex6/a02/extern/getopt_pp.o
                0x000000000040f1e0                typeinfo name for GetOpt::ParsingErrorEx
 *fill*         0x000000000040f1fa        0x6 00
 .rodata._ZTIN6GetOpt15InvalidFormatExE
                0x000000000040f200       0x18 builddir//home/hwsimu03/.mox/pca/ex6/a02/extern/getopt_pp.o
                0x000000000040f200                typeinfo for GetOpt::InvalidFormatEx
 *fill*         0x000000000040f218        0x8 00
 .rodata._ZTSN6GetOpt15InvalidFormatExE
                0x000000000040f220       0x1b builddir//home/hwsimu03/.mox/pca/ex6/a02/extern/getopt_pp.o
                0x000000000040f220                typeinfo name for GetOpt::InvalidFormatEx
 *fill*         0x000000000040f23b        0x5 00
 .rodata._ZTIN6GetOpt18ArgumentNotFoundExE
                0x000000000040f240       0x18 builddir//home/hwsimu03/.mox/pca/ex6/a02/extern/getopt_pp.o
                0x000000000040f240                typeinfo for GetOpt::ArgumentNotFoundEx
 *fill*         0x000000000040f258        0x8 00
 .rodata._ZTSN6GetOpt18ArgumentNotFoundExE
                0x000000000040f260       0x1e builddir//home/hwsimu03/.mox/pca/ex6/a02/extern/getopt_pp.o
                0x000000000040f260                typeinfo name for GetOpt::ArgumentNotFoundEx
 *fill*         0x000000000040f27e        0x2 00
 .rodata._ZTIN6GetOpt18TooManyArgumentsExE
                0x000000000040f280       0x18 builddir//home/hwsimu03/.mox/pca/ex6/a02/extern/getopt_pp.o
                0x000000000040f280                typeinfo for GetOpt::TooManyArgumentsEx
 *fill*         0x000000000040f298        0x8 00
 .rodata._ZTSN6GetOpt18TooManyArgumentsExE
                0x000000000040f2a0       0x1e builddir//home/hwsimu03/.mox/pca/ex6/a02/extern/getopt_pp.o
                0x000000000040f2a0                typeinfo name for GetOpt::TooManyArgumentsEx
 *fill*         0x000000000040f2be        0x2 00
 .rodata._ZTIN6GetOpt16OptionNotFoundExE
                0x000000000040f2c0       0x18 builddir//home/hwsimu03/.mox/pca/ex6/a02/extern/getopt_pp.o
                0x000000000040f2c0                typeinfo for GetOpt::OptionNotFoundEx
 *fill*         0x000000000040f2d8        0x8 00
 .rodata._ZTSN6GetOpt16OptionNotFoundExE
                0x000000000040f2e0       0x1c builddir//home/hwsimu03/.mox/pca/ex6/a02/extern/getopt_pp.o
                0x000000000040f2e0                typeinfo name for GetOpt::OptionNotFoundEx
 *fill*         0x000000000040f2fc        0x4 00
 .rodata._ZTIN6GetOpt21OptionsFileNotFoundExE
                0x000000000040f300       0x18 builddir//home/hwsimu03/.mox/pca/ex6/a02/extern/getopt_pp.o
                0x000000000040f300                typeinfo for GetOpt::OptionsFileNotFoundEx
 *fill*         0x000000000040f318        0x8 00
 .rodata._ZTSN6GetOpt21OptionsFileNotFoundExE
                0x000000000040f320       0x21 builddir//home/hwsimu03/.mox/pca/ex6/a02/extern/getopt_pp.o
                0x000000000040f320                typeinfo name for GetOpt::OptionsFileNotFoundEx
 *fill*         0x000000000040f341       0x1f 00
 .rodata._ZTVN6GetOpt8GetOptExE
                0x000000000040f360       0x28 builddir//home/hwsimu03/.mox/pca/ex6/a02/extern/getopt_pp.o
                0x000000000040f360                vtable for GetOpt::GetOptEx
 *fill*         0x000000000040f388       0x18 00
 .rodata._ZTVN6GetOpt14ParsingErrorExE
                0x000000000040f3a0       0x28 builddir//home/hwsimu03/.mox/pca/ex6/a02/extern/getopt_pp.o
                0x000000000040f3a0                vtable for GetOpt::ParsingErrorEx
 *fill*         0x000000000040f3c8       0x18 00
 .rodata._ZTVN6GetOpt15InvalidFormatExE
                0x000000000040f3e0       0x28 builddir//home/hwsimu03/.mox/pca/ex6/a02/extern/getopt_pp.o
                0x000000000040f3e0                vtable for GetOpt::InvalidFormatEx
 *fill*         0x000000000040f408       0x18 00
 .rodata._ZTVN6GetOpt18ArgumentNotFoundExE
                0x000000000040f420       0x28 builddir//home/hwsimu03/.mox/pca/ex6/a02/extern/getopt_pp.o
                0x000000000040f420                vtable for GetOpt::ArgumentNotFoundEx
 *fill*         0x000000000040f448       0x18 00
 .rodata._ZTVN6GetOpt18TooManyArgumentsExE
                0x000000000040f460       0x28 builddir//home/hwsimu03/.mox/pca/ex6/a02/extern/getopt_pp.o
                0x000000000040f460                vtable for GetOpt::TooManyArgumentsEx
 *fill*         0x000000000040f488       0x18 00
 .rodata._ZTVN6GetOpt16OptionNotFoundExE
                0x000000000040f4a0       0x28 builddir//home/hwsimu03/.mox/pca/ex6/a02/extern/getopt_pp.o
                0x000000000040f4a0                vtable for GetOpt::OptionNotFoundEx
 *fill*         0x000000000040f4c8       0x18 00
 .rodata._ZTVN6GetOpt21OptionsFileNotFoundExE
                0x000000000040f4e0       0x28 builddir//home/hwsimu03/.mox/pca/ex6/a02/extern/getopt_pp.o
                0x000000000040f4e0                vtable for GetOpt::OptionsFileNotFoundEx
 .rodata._ZStL19piecewise_construct
                0x000000000040f508        0x1 builddir//home/hwsimu03/.mox/pca/ex6/a02/extern/getopt_pp.o
 .rodata.str1.1
                0x000000000040f509       0xff builddir//home/hwsimu03/.mox/pca/ex6/a02/main.o
                                        0x106 (size before relaxing)
 .rodata.str1.8
                0x000000000040f608      0x248 builddir//home/hwsimu03/.mox/pca/ex6/a02/main.o
                                        0x241 (size before relaxing)
 .rodata._ZTIN6GetOpt7_OptionE
                0x000000000040f850       0x10 builddir//home/hwsimu03/.mox/pca/ex6/a02/main.o
                0x000000000040f850                typeinfo for GetOpt::_Option
 .rodata._ZTSN6GetOpt7_OptionE
                0x000000000040f860       0x12 builddir//home/hwsimu03/.mox/pca/ex6/a02/main.o
                0x000000000040f860                typeinfo name for GetOpt::_Option
 *fill*         0x000000000040f872        0xe 00
 .rodata._ZTIN6GetOpt12_OptionTBaseIiEE
                0x000000000040f880       0x18 builddir//home/hwsimu03/.mox/pca/ex6/a02/main.o
                0x000000000040f880                typeinfo for GetOpt::_OptionTBase<int>
 *fill*         0x000000000040f898        0x8 00
 .rodata._ZTSN6GetOpt12_OptionTBaseIiEE
                0x000000000040f8a0       0x1b builddir//home/hwsimu03/.mox/pca/ex6/a02/main.o
                0x000000000040f8a0                typeinfo name for GetOpt::_OptionTBase<int>
 *fill*         0x000000000040f8bb        0x5 00
 .rodata._ZTIN6GetOpt8_OptionTIiEE
                0x000000000040f8c0       0x18 builddir//home/hwsimu03/.mox/pca/ex6/a02/main.o
                0x000000000040f8c0                typeinfo for GetOpt::_OptionT<int>
 *fill*         0x000000000040f8d8        0x8 00
 .rodata._ZTSN6GetOpt8_OptionTIiEE
                0x000000000040f8e0       0x16 builddir//home/hwsimu03/.mox/pca/ex6/a02/main.o
                0x000000000040f8e0                typeinfo name for GetOpt::_OptionT<int>
 *fill*         0x000000000040f8f6        0xa 00
 .rodata._ZTIN6GetOpt13_DefValOptionIiNS_8_OptionTIiEEEE
                0x000000000040f900       0x18 builddir//home/hwsimu03/.mox/pca/ex6/a02/main.o
                0x000000000040f900                typeinfo for GetOpt::_DefValOption<int, GetOpt::_OptionT<int> >
 *fill*         0x000000000040f918        0x8 00
 .rodata._ZTSN6GetOpt13_DefValOptionIiNS_8_OptionTIiEEEE
                0x000000000040f920       0x2c builddir//home/hwsimu03/.mox/pca/ex6/a02/main.o
                0x000000000040f920                typeinfo name for GetOpt::_DefValOption<int, GetOpt::_OptionT<int> >
 *fill*         0x000000000040f94c        0x4 00
 .rodata._ZTIN6GetOpt12_OptionTBaseIdEE
                0x000000000040f950       0x18 builddir//home/hwsimu03/.mox/pca/ex6/a02/main.o
                0x000000000040f950                typeinfo for GetOpt::_OptionTBase<double>
 *fill*         0x000000000040f968        0x8 00
 .rodata._ZTSN6GetOpt12_OptionTBaseIdEE
                0x000000000040f970       0x1b builddir//home/hwsimu03/.mox/pca/ex6/a02/main.o
                0x000000000040f970                typeinfo name for GetOpt::_OptionTBase<double>
 *fill*         0x000000000040f98b        0x5 00
 .rodata._ZTIN6GetOpt8_OptionTIdEE
                0x000000000040f990       0x18 builddir//home/hwsimu03/.mox/pca/ex6/a02/main.o
                0x000000000040f990                typeinfo for GetOpt::_OptionT<double>
 *fill*         0x000000000040f9a8        0x8 00
 .rodata._ZTSN6GetOpt8_OptionTIdEE
                0x000000000040f9b0       0x16 builddir//home/hwsimu03/.mox/pca/ex6/a02/main.o
                0x000000000040f9b0                typeinfo name for GetOpt::_OptionT<double>
 *fill*         0x000000000040f9c6        0xa 00
 .rodata._ZTIN6GetOpt13_DefValOptionIdNS_8_OptionTIdEEEE
                0x000000000040f9d0       0x18 builddir//home/hwsimu03/.mox/pca/ex6/a02/main.o
                0x000000000040f9d0                typeinfo for GetOpt::_DefValOption<double, GetOpt::_OptionT<double> >
 *fill*         0x000000000040f9e8       0x18 00
 .rodata._ZTSN6GetOpt13_DefValOptionIdNS_8_OptionTIdEEEE
                0x000000000040fa00       0x2c builddir//home/hwsimu03/.mox/pca/ex6/a02/main.o
                0x000000000040fa00                typeinfo name for GetOpt::_DefValOption<double, GetOpt::_OptionT<double> >
 *fill*         0x000000000040fa2c       0x14 00
 .rodata._ZTVN6GetOpt7_OptionE
                0x000000000040fa40       0x28 builddir//home/hwsimu03/.mox/pca/ex6/a02/main.o
                0x000000000040fa40                vtable for GetOpt::_Option
 *fill*         0x000000000040fa68       0x18 00
 .rodata._ZTVN6GetOpt12_OptionTBaseIiEE
                0x000000000040fa80       0x30 builddir//home/hwsimu03/.mox/pca/ex6/a02/main.o
                0x000000000040fa80                vtable for GetOpt::_OptionTBase<int>
 *fill*         0x000000000040fab0       0x10 00
 .rodata._ZTVN6GetOpt13_DefValOptionIiNS_8_OptionTIiEEEE
                0x000000000040fac0       0x30 builddir//home/hwsimu03/.mox/pca/ex6/a02/main.o
                0x000000000040fac0                vtable for GetOpt::_DefValOption<int, GetOpt::_OptionT<int> >
 *fill*         0x000000000040faf0       0x10 00
 .rodata._ZTVN6GetOpt12_OptionTBaseIdEE
                0x000000000040fb00       0x30 builddir//home/hwsimu03/.mox/pca/ex6/a02/main.o
                0x000000000040fb00                vtable for GetOpt::_OptionTBase<double>
 *fill*         0x000000000040fb30       0x10 00
 .rodata._ZTVN6GetOpt13_DefValOptionIdNS_8_OptionTIdEEEE
                0x000000000040fb40       0x30 builddir//home/hwsimu03/.mox/pca/ex6/a02/main.o
                0x000000000040fb40                vtable for GetOpt::_DefValOption<double, GetOpt::_OptionT<double> >
 .rodata.cst4   0x000000000040fb70       0x20 builddir//home/hwsimu03/.mox/pca/ex6/a02/main.o
 .rodata.cst8   0x000000000040fb90       0x40 builddir//home/hwsimu03/.mox/pca/ex6/a02/main.o

.rodata1
 *(.rodata1)

.eh_frame_hdr   0x000000000040fbd0      0x2e4
 *(.eh_frame_hdr)
 .eh_frame_hdr  0x000000000040fbd0      0x2e4 /usr/lib/gcc/x86_64-linux-gnu/4.8/../../../x86_64-linux-gnu/crt1.o

.eh_frame       0x000000000040feb8     0x156c
 *(.eh_frame)
 .eh_frame      0x000000000040feb8       0x40 /usr/lib/gcc/x86_64-linux-gnu/4.8/../../../x86_64-linux-gnu/crt1.o
 .eh_frame      0x000000000040fef8      0x790 builddir//home/hwsimu03/.mox/pca/ex6/a02/extern/getopt_pp.o
                                        0x8a0 (size before relaxing)
 .eh_frame      0x0000000000410688      0xd58 builddir//home/hwsimu03/.mox/pca/ex6/a02/main.o
                                        0xed0 (size before relaxing)
 .eh_frame      0x00000000004113e0       0x40 /usr/lib/x86_64-linux-gnu/libc_nonshared.a(elf-init.oS)
                                         0x58 (size before relaxing)
 .eh_frame      0x0000000000411420        0x4 /usr/lib/gcc/x86_64-linux-gnu/4.8/crtend.o

.gcc_except_table
                0x0000000000411424      0x886
 *(.gcc_except_table .gcc_except_table.*)
 .gcc_except_table._ZN6GetOpt9GetOpt_pp11_init_flagsEv
                0x0000000000411424       0x1b builddir//home/hwsimu03/.mox/pca/ex6/a02/extern/getopt_pp.o
 *fill*         0x000000000041143f        0x1 00
 .gcc_except_table._ZN6GetOpt9GetOpt_pprsERKNS_7_OptionE
                0x0000000000411440       0x1a builddir//home/hwsimu03/.mox/pca/ex6/a02/extern/getopt_pp.o
 *fill*         0x000000000041145a        0x2 00
 .gcc_except_table._ZNSt6vectorISsSaISsEE19_M_emplace_back_auxIIRKSsEEEvDpOT_
                0x000000000041145c       0x20 builddir//home/hwsimu03/.mox/pca/ex6/a02/extern/getopt_pp.o
 .gcc_except_table._ZN6GetOpt9GetOpt_pp20_argc_argv_to_vectorEiPKPKcRSt6vectorISsSaISsEE
                0x000000000041147c       0x1b builddir//home/hwsimu03/.mox/pca/ex6/a02/extern/getopt_pp.o
 *fill*         0x0000000000411497        0x1 00
 .gcc_except_table._ZNSt8_Rb_treeISsSt4pairIKSsN6GetOpt10OptionDataEESt10_Select1stIS4_ESt4lessISsESaIS4_EE22_M_emplace_hint_uniqueIIRKSt21piecewise_construct_tSt5tupleIIRS1_EESF_IIEEEEESt17_Rb_tree_iteratorIS4_ESt23_Rb_tree_const_iteratorIS4_EDpOT_
                0x0000000000411498       0x20 builddir//home/hwsimu03/.mox/pca/ex6/a02/extern/getopt_pp.o
 .gcc_except_table._ZN6GetOpt9GetOpt_pp6_parseERKSt6vectorISsSaISsEE
                0x00000000004114b8       0xcf builddir//home/hwsimu03/.mox/pca/ex6/a02/extern/getopt_pp.o
 .gcc_except_table._ZN6GetOpt9GetOpt_pp15_parse_sub_fileERKSs
                0x0000000000411587       0x3a builddir//home/hwsimu03/.mox/pca/ex6/a02/extern/getopt_pp.o
 .gcc_except_table._ZN6GetOpt9GetOpt_ppC2EiPKPKc
                0x00000000004115c1       0x15 builddir//home/hwsimu03/.mox/pca/ex6/a02/extern/getopt_pp.o
 .gcc_except_table._ZStplIcSt11char_traitsIcESaIcEESbIT_T0_T1_ERKS6_PKS3_
                0x00000000004115d6       0x10 builddir//home/hwsimu03/.mox/pca/ex6/a02/main.o
 *fill*         0x00000000004115e6        0x2 00
 .gcc_except_table._ZN10RelaxationIfLl100EEC2Effllff
                0x00000000004115e8       0x66 builddir//home/hwsimu03/.mox/pca/ex6/a02/main.o
 *fill*         0x000000000041164e        0x2 00
 .gcc_except_table._Z9benchmarkIfLl100EEmi
                0x0000000000411650       0x26 builddir//home/hwsimu03/.mox/pca/ex6/a02/main.o
 *fill*         0x0000000000411676        0x2 00
 .gcc_except_table._ZN10RelaxationIfLl500EEC2Effllff
                0x0000000000411678       0x66 builddir//home/hwsimu03/.mox/pca/ex6/a02/main.o
 *fill*         0x00000000004116de        0x2 00
 .gcc_except_table._Z9benchmarkIfLl500EEmi
                0x00000000004116e0       0x26 builddir//home/hwsimu03/.mox/pca/ex6/a02/main.o
 *fill*         0x0000000000411706        0x2 00
 .gcc_except_table._ZN10RelaxationIfLl1000EEC2Effllff
                0x0000000000411708       0x66 builddir//home/hwsimu03/.mox/pca/ex6/a02/main.o
 *fill*         0x000000000041176e        0x2 00
 .gcc_except_table._Z9benchmarkIfLl1000EEmi
                0x0000000000411770       0x26 builddir//home/hwsimu03/.mox/pca/ex6/a02/main.o
 *fill*         0x0000000000411796        0x2 00
 .gcc_except_table._ZN10RelaxationIfLl10000EEC2Effllff
                0x0000000000411798       0x66 builddir//home/hwsimu03/.mox/pca/ex6/a02/main.o
 *fill*         0x00000000004117fe        0x2 00
 .gcc_except_table._Z9benchmarkIfLl10000EEmi
                0x0000000000411800       0x26 builddir//home/hwsimu03/.mox/pca/ex6/a02/main.o
 *fill*         0x0000000000411826        0x2 00
 .gcc_except_table._ZN10RelaxationIdLl100EEC2Eddlldd
                0x0000000000411828       0x66 builddir//home/hwsimu03/.mox/pca/ex6/a02/main.o
 *fill*         0x000000000041188e        0x2 00
 .gcc_except_table._Z9benchmarkIdLl100EEmi
                0x0000000000411890       0x2a builddir//home/hwsimu03/.mox/pca/ex6/a02/main.o
 *fill*         0x00000000004118ba        0x2 00
 .gcc_except_table._ZN10RelaxationIdLl500EEC2Eddlldd
                0x00000000004118bc       0x66 builddir//home/hwsimu03/.mox/pca/ex6/a02/main.o
 *fill*         0x0000000000411922        0x2 00
 .gcc_except_table._Z9benchmarkIdLl500EEmi
                0x0000000000411924       0x2a builddir//home/hwsimu03/.mox/pca/ex6/a02/main.o
 *fill*         0x000000000041194e        0x2 00
 .gcc_except_table._ZN10RelaxationIdLl1000EEC2Eddlldd
                0x0000000000411950       0x66 builddir//home/hwsimu03/.mox/pca/ex6/a02/main.o
 *fill*         0x00000000004119b6        0x2 00
 .gcc_except_table._Z9benchmarkIdLl1000EEmi
                0x00000000004119b8       0x2a builddir//home/hwsimu03/.mox/pca/ex6/a02/main.o
 *fill*         0x00000000004119e2        0x2 00
 .gcc_except_table._ZN10RelaxationIdLl10000EEC2Eddlldd
                0x00000000004119e4       0x66 builddir//home/hwsimu03/.mox/pca/ex6/a02/main.o
 *fill*         0x0000000000411a4a        0x2 00
 .gcc_except_table._Z9benchmarkIdLl10000EEmi
                0x0000000000411a4c       0x2a builddir//home/hwsimu03/.mox/pca/ex6/a02/main.o
 *fill*         0x0000000000411a76        0x2 00
 .gcc_except_table.main
                0x0000000000411a78      0x1f0 builddir//home/hwsimu03/.mox/pca/ex6/a02/main.o
 .gcc_except_table._ZN6GetOpt7convertIdEENS_7_Option6ResultERKSsRT_St13_Ios_Fmtflags
                0x0000000000411c68       0x21 builddir//home/hwsimu03/.mox/pca/ex6/a02/main.o
 .gcc_except_table._ZN6GetOpt7convertIiEENS_7_Option6ResultERKSsRT_St13_Ios_Fmtflags
                0x0000000000411c89       0x21 builddir//home/hwsimu03/.mox/pca/ex6/a02/main.o

.exception_ranges
 *(.exception_ranges .exception_ranges*)
                0x0000000000411caa                . = (ALIGN (0x200000) - ((0x200000 - .) & 0x1fffff))
                0x0000000000611d9a                . = DATA_SEGMENT_ALIGN (0x200000, 0x1000)

.eh_frame
 *(.eh_frame)

.gcc_except_table
 *(.gcc_except_table .gcc_except_table.*)

.exception_ranges
 *(.exception_ranges .exception_ranges*)

.tdata
 *(.tdata .tdata.* .gnu.linkonce.td.*)

.tbss
 *(.tbss .tbss.* .gnu.linkonce.tb.*)
 *(.tcommon)

.preinit_array  0x0000000000611d9a        0x0
                0x0000000000611d9a                PROVIDE (__preinit_array_start, .)
 *(.preinit_array)
                0x0000000000611d9a                PROVIDE (__preinit_array_end, .)

.init_array     0x0000000000611da0       0x10
                0x0000000000611da0                PROVIDE (__init_array_start, .)
 *(SORT(.init_array.*) SORT(.ctors.*))
 *(.init_array)
 .init_array    0x0000000000611da0        0x8 /usr/lib/gcc/x86_64-linux-gnu/4.8/crtbegin.o
 .init_array    0x0000000000611da8        0x8 builddir//home/hwsimu03/.mox/pca/ex6/a02/main.o
 *(EXCLUDE_FILE(*crtend?.o *crtend.o *crtbegin?.o *crtbegin.o) .ctors)
                0x0000000000611db0                PROVIDE (__init_array_end, .)

.fini_array     0x0000000000611db0        0x8
                0x0000000000611db0                PROVIDE (__fini_array_start, .)
 *(SORT(.fini_array.*) SORT(.dtors.*))
 *(.fini_array)
 .fini_array    0x0000000000611db0        0x8 /usr/lib/gcc/x86_64-linux-gnu/4.8/crtbegin.o
 *(EXCLUDE_FILE(*crtend?.o *crtend.o *crtbegin?.o *crtbegin.o) .dtors)
                0x0000000000611db8                PROVIDE (__fini_array_end, .)

.ctors
 *crtbegin.o(.ctors)
 *crtbegin?.o(.ctors)
 *(EXCLUDE_FILE(*crtend?.o *crtend.o) .ctors)
 *(SORT(.ctors.*))