Archive member included to satisfy reference by file (symbol)

/usr/lib/libc_nonshared.a(elf-init.oS)
                              /usr/lib/gcc/x86_64-unknown-linux-gnu/5.2.0/../../../../lib/Scrt1.o (__libc_csu_init)

Discarded input sections

 .rodata.cst4   0x0000000000000000        0x4 /usr/lib/gcc/x86_64-unknown-linux-gnu/5.2.0/../../../../lib/Scrt1.o
 .data          0x0000000000000000        0x4 /usr/lib/gcc/x86_64-unknown-linux-gnu/5.2.0/../../../../lib/Scrt1.o
 .bss           0x0000000000000000        0x0 /usr/lib/gcc/x86_64-unknown-linux-gnu/5.2.0/../../../../lib/Scrt1.o
 .note.GNU-stack
                0x0000000000000000        0x0 /usr/lib/gcc/x86_64-unknown-linux-gnu/5.2.0/../../../../lib/Scrt1.o
 .text          0x0000000000000000        0x0 /usr/lib/gcc/x86_64-unknown-linux-gnu/5.2.0/../../../../lib/crti.o
 .data          0x0000000000000000        0x0 /usr/lib/gcc/x86_64-unknown-linux-gnu/5.2.0/../../../../lib/crti.o
 .bss           0x0000000000000000        0x0 /usr/lib/gcc/x86_64-unknown-linux-gnu/5.2.0/../../../../lib/crti.o
 .note.GNU-stack
                0x0000000000000000        0x0 /usr/lib/gcc/x86_64-unknown-linux-gnu/5.2.0/../../../../lib/crti.o
 .data          0x0000000000000000        0x0 /usr/lib/gcc/x86_64-unknown-linux-gnu/5.2.0/crtbeginS.o
 .text.unlikely
                0x0000000000000000        0x0 /usr/lib/gcc/x86_64-unknown-linux-gnu/5.2.0/crtbeginS.o
 .note.GNU-stack
                0x0000000000000000        0x0 /usr/lib/gcc/x86_64-unknown-linux-gnu/5.2.0/crtbeginS.o
 .group         0x0000000000000000        0xc builddir//tmp/asd-mox/home/mox/uni/s9/pca/pca/ex6/a02/main.o
 .group         0x0000000000000000       0x18 builddir//tmp/asd-mox/home/mox/uni/s9/pca/pca/ex6/a02/main.o
 .group         0x0000000000000000       0x18 builddir//tmp/asd-mox/home/mox/uni/s9/pca/pca/ex6/a02/main.o
 .group         0x0000000000000000       0x18 builddir//tmp/asd-mox/home/mox/uni/s9/pca/pca/ex6/a02/main.o
 .group         0x0000000000000000       0x18 builddir//tmp/asd-mox/home/mox/uni/s9/pca/pca/ex6/a02/main.o
 .group         0x0000000000000000       0x18 builddir//tmp/asd-mox/home/mox/uni/s9/pca/pca/ex6/a02/main.o
 .group         0x0000000000000000       0x18 builddir//tmp/asd-mox/home/mox/uni/s9/pca/pca/ex6/a02/main.o
 .group         0x0000000000000000       0x18 builddir//tmp/asd-mox/home/mox/uni/s9/pca/pca/ex6/a02/main.o
 .group         0x0000000000000000       0x18 builddir//tmp/asd-mox/home/mox/uni/s9/pca/pca/ex6/a02/main.o
 .group         0x0000000000000000       0x18 builddir//tmp/asd-mox/home/mox/uni/s9/pca/pca/ex6/a02/main.o
 .group         0x0000000000000000       0x18 builddir//tmp/asd-mox/home/mox/uni/s9/pca/pca/ex6/a02/main.o
 .group         0x0000000000000000       0x18 builddir//tmp/asd-mox/home/mox/uni/s9/pca/pca/ex6/a02/main.o
 .group         0x0000000000000000       0x18 builddir//tmp/asd-mox/home/mox/uni/s9/pca/pca/ex6/a02/main.o
 .group         0x0000000000000000       0x18 builddir//tmp/asd-mox/home/mox/uni/s9/pca/pca/ex6/a02/main.o
 .group         0x0000000000000000       0x18 builddir//tmp/asd-mox/home/mox/uni/s9/pca/pca/ex6/a02/main.o
 .group         0x0000000000000000       0x18 builddir//tmp/asd-mox/home/mox/uni/s9/pca/pca/ex6/a02/main.o
 .group         0x0000000000000000       0x18 builddir//tmp/asd-mox/home/mox/uni/s9/pca/pca/ex6/a02/main.o
 .group         0x0000000000000000       0x14 builddir//tmp/asd-mox/home/mox/uni/s9/pca/pca/ex6/a02/main.o
 .group         0x0000000000000000       0x14 builddir//tmp/asd-mox/home/mox/uni/s9/pca/pca/ex6/a02/main.o
 .group         0x0000000000000000       0x14 builddir//tmp/asd-mox/home/mox/uni/s9/pca/pca/ex6/a02/main.o
 .group         0x0000000000000000       0x14 builddir//tmp/asd-mox/home/mox/uni/s9/pca/pca/ex6/a02/main.o
 .group         0x0000000000000000       0x14 builddir//tmp/asd-mox/home/mox/uni/s9/pca/pca/ex6/a02/main.o
 .group         0x0000000000000000       0x10 builddir//tmp/asd-mox/home/mox/uni/s9/pca/pca/ex6/a02/main.o
 .group         0x0000000000000000        0xc builddir//tmp/asd-mox/home/mox/uni/s9/pca/pca/ex6/a02/main.o
 .group         0x0000000000000000        0xc builddir//tmp/asd-mox/home/mox/uni/s9/pca/pca/ex6/a02/main.o
 .group         0x0000000000000000        0xc builddir//tmp/asd-mox/home/mox/uni/s9/pca/pca/ex6/a02/main.o
 .group         0x0000000000000000        0xc builddir//tmp/asd-mox/home/mox/uni/s9/pca/pca/ex6/a02/main.o
 .group         0x0000000000000000        0xc builddir//tmp/asd-mox/home/mox/uni/s9/pca/pca/ex6/a02/main.o
 .group         0x0000000000000000       0x14 builddir//tmp/asd-mox/home/mox/uni/s9/pca/pca/ex6/a02/main.o
 .group         0x0000000000000000       0x10 builddir//tmp/asd-mox/home/mox/uni/s9/pca/pca/ex6/a02/main.o
 .group         0x0000000000000000        0xc builddir//tmp/asd-mox/home/mox/uni/s9/pca/pca/ex6/a02/main.o
 .group         0x0000000000000000        0xc builddir//tmp/asd-mox/home/mox/uni/s9/pca/pca/ex6/a02/main.o
[...]
Memory Configuration

Name             Origin             Length             Attributes
*default*        0x0000000000000000 0xffffffffffffffff

Linker script and memory map

LOAD /usr/lib/gcc/x86_64-unknown-linux-gnu/5.2.0/../../../../lib/Scrt1.o
LOAD /usr/lib/gcc/x86_64-unknown-linux-gnu/5.2.0/../../../../lib/crti.o
LOAD /usr/lib/gcc/x86_64-unknown-linux-gnu/5.2.0/crtbeginS.o
LOAD builddir//tmp/asd-mox/home/mox/uni/s9/pca/pca/ex6/a02/main.o
LOAD builddir//tmp/asd-mox/home/mox/uni/s9/pca/pca/ex6/a02/extern/getopt_pp.o
LOAD /usr/lib/gcc/x86_64-unknown-linux-gnu/5.2.0/../../../../lib/libstdc++.so
LOAD /usr/lib/gcc/x86_64-unknown-linux-gnu/5.2.0/../../../../lib/libm.so
START GROUP
LOAD /usr/lib/libm.so.6
LOAD /usr/lib/libmvec.so.1
END GROUP
LOAD /usr/lib/gcc/x86_64-unknown-linux-gnu/5.2.0/../../../../lib/libgomp.so
LOAD /usr/lib/gcc/x86_64-unknown-linux-gnu/5.2.0/../../../../lib/libgcc_s.so
LOAD /usr/lib/gcc/x86_64-unknown-linux-gnu/5.2.0/libgcc.a
LOAD /usr/lib/gcc/x86_64-unknown-linux-gnu/5.2.0/../../../../lib/libpthread.so
START GROUP
LOAD /usr/lib/libpthread.so.0
LOAD /usr/lib/libpthread_nonshared.a
END GROUP
LOAD /usr/lib/gcc/x86_64-unknown-linux-gnu/5.2.0/../../../../lib/libc.so
START GROUP
LOAD /usr/lib/libc.so.6
LOAD /usr/lib/libc_nonshared.a
LOAD /usr/lib/ld-linux-x86-64.so.2
END GROUP
LOAD /usr/lib/gcc/x86_64-unknown-linux-gnu/5.2.0/../../../../lib/libgcc_s.so
LOAD /usr/lib/gcc/x86_64-unknown-linux-gnu/5.2.0/libgcc.a
LOAD /usr/lib/gcc/x86_64-unknown-linux-gnu/5.2.0/crtendS.o
LOAD /usr/lib/gcc/x86_64-unknown-linux-gnu/5.2.0/../../../../lib/crtn.o
                [!provide]                        PROVIDE (__executable_start, 0x0)
                0x0000000000000238                . = (0x0 + SIZEOF_HEADERS)

.interp         0x0000000000000238       0x1c
 *(.interp)
 .interp        0x0000000000000238       0x1c /usr/lib/gcc/x86_64-unknown-linux-gnu/5.2.0/../../../../lib/Scrt1.o

.note.ABI-tag   0x0000000000000254       0x20
 .note.ABI-tag  0x0000000000000254       0x20 /usr/lib/gcc/x86_64-unknown-linux-gnu/5.2.0/../../../../lib/Scrt1.o

.note.gnu.build-id
                0x0000000000000274       0x24
 *(.note.gnu.build-id)
 .note.gnu.build-id
                0x0000000000000274       0x24 /usr/lib/gcc/x86_64-unknown-linux-gnu/5.2.0/../../../../lib/Scrt1.o

.hash
 *(.hash)

.gnu.hash       0x0000000000000298       0xac
 *(.gnu.hash)
 .gnu.hash      0x0000000000000298       0xac /usr/lib/gcc/x86_64-unknown-linux-gnu/5.2.0/../../../../lib/Scrt1.o

.dynsym         0x0000000000000348      0xa50
 *(.dynsym)
 .dynsym        0x0000000000000348      0xa50 /usr/lib/gcc/x86_64-unknown-linux-gnu/5.2.0/../../../../lib/Scrt1.o

.dynstr         0x0000000000000d98      0xd08
 *(.dynstr)
 .dynstr        0x0000000000000d98      0xd08 /usr/lib/gcc/x86_64-unknown-linux-gnu/5.2.0/../../../../lib/Scrt1.o

.gnu.version    0x0000000000001aa0       0xdc
 *(.gnu.version)
 .gnu.version   0x0000000000001aa0       0xdc /usr/lib/gcc/x86_64-unknown-linux-gnu/5.2.0/../../../../lib/Scrt1.o

.gnu.version_d  0x0000000000001b80        0x0
 *(.gnu.version_d)
 .gnu.version_d
                0x0000000000001b80        0x0 /usr/lib/gcc/x86_64-unknown-linux-gnu/5.2.0/../../../../lib/Scrt1.o

.gnu.version_r  0x0000000000001b80      0x160
 *(.gnu.version_r)
 .gnu.version_r
                0x0000000000001b80      0x160 /usr/lib/gcc/x86_64-unknown-linux-gnu/5.2.0/../../../../lib/Scrt1.o

.rela.dyn       0x0000000000001ce0      0xac8
 *(.rela.init)
 *(.rela.text .rela.text.* .rela.gnu.linkonce.t.*)
 .rela.text     0x0000000000001ce0        0x0 /usr/lib/gcc/x86_64-unknown-linux-gnu/5.2.0/../../../../lib/Scrt1.o
 .rela.text._ZN6GetOpt8GetOptExD2Ev
                0x0000000000001ce0        0x0 /usr/lib/gcc/x86_64-unknown-linux-gnu/5.2.0/../../../../lib/Scrt1.o
 .rela.text._ZN6GetOpt8GetOptExD0Ev
                0x0000000000001ce0        0x0 /usr/lib/gcc/x86_64-unknown-linux-gnu/5.2.0/../../../../lib/Scrt1.o
 .rela.text._ZStlsIcSt11char_traitsIcEERSt13basic_ostreamIT_T0_ES6_St8_SetfillIS3_E.constprop.77
                0x0000000000001ce0        0x0 /usr/lib/gcc/x86_64-unknown-linux-gnu/5.2.0/../../../../lib/Scrt1.o
 .rela.text._ZN9__gnu_cxx12__to_xstringISscEET_PFiPT0_mPKS2_P13__va_list_tagEmS5_z.constprop.76
                0x0000000000001ce0        0x0 /usr/lib/gcc/x86_64-unknown-linux-gnu/5.2.0/../../../../lib/Scrt1.o
 .rela.text._ZN6GetOpt8_OptionTIdED2Ev
                0x0000000000001ce0        0x0 /usr/lib/gcc/x86_64-unknown-linux-gnu/5.2.0/../../../../lib/Scrt1.o
 .rela.text._ZN6GetOpt8_OptionTIiED2Ev
                0x0000000000001ce0        0x0 /usr/lib/gcc/x86_64-unknown-linux-gnu/5.2.0/../../../../lib/Scrt1.o
 .rela.text._ZN6GetOpt13_DefValOptionIiNS_8_OptionTIiEEED2Ev
                0x0000000000001ce0        0x0 /usr/lib/gcc/x86_64-unknown-linux-gnu/5.2.0/../../../../lib/Scrt1.o
 .rela.text._ZN6GetOpt13_DefValOptionIdNS_8_OptionTIdEEED2Ev
                0x0000000000001ce0        0x0 /usr/lib/gcc/x86_64-unknown-linux-gnu/5.2.0/../../../../lib/Scrt1.o
 .rela.text._ZN6GetOpt8_OptionTIiED0Ev
                0x0000000000001ce0        0x0 /usr/lib/gcc/x86_64-unknown-linux-gnu/5.2.0/../../../../lib/Scrt1.o
 .rela.text._ZN6GetOpt8_OptionTIdED0Ev
                0x0000000000001ce0        0x0 /usr/lib/gcc/x86_64-unknown-linux-gnu/5.2.0/../../../../lib/Scrt1.o
 .rela.text._ZN6GetOpt13_DefValOptionIiNS_8_OptionTIiEEED0Ev
                0x0000000000001ce0        0x0 /usr/lib/gcc/x86_64-unknown-linux-gnu/5.2.0/../../../../lib/Scrt1.o
 .rela.text._ZN6GetOpt13_DefValOptionIdNS_8_OptionTIdEEED0Ev
                0x0000000000001ce0        0x0 /usr/lib/gcc/x86_64-unknown-linux-gnu/5.2.0/../../../../lib/Scrt1.o
 .rela.text._ZStplIcSt11char_traitsIcESaIcEESbIT_T0_T1_ERKS6_PKS3_
                0x0000000000001ce0        0x0 /usr/lib/gcc/x86_64-unknown-linux-gnu/5.2.0/../../../../lib/Scrt1.o
 .rela.text._ZNSt8_Rb_treeIcSt4pairIKcN6GetOpt10OptionDataEESt10_Select1stIS4_ESt4lessIcESaIS4_EE8_M_eraseEPSt13_Rb_tree_nodeIS4_E
                0x0000000000001ce0        0x0 /usr/lib/gcc/x86_64-unknown-linux-gnu/5.2.0/../../../../lib/Scrt1.o
 .rela.text._ZNSt8_Rb_treeIcSt4pairIKcN6GetOpt10OptionDataEESt10_Select1stIS4_ESt4lessIcESaIS4_EE5eraseERS1_
                0x0000000000001ce0        0x0 /usr/lib/gcc/x86_64-unknown-linux-gnu/5.2.0/../../../../lib/Scrt1.o
 .rela.text._ZNSt8_Rb_treeISsSt4pairIKSsN6GetOpt10OptionDataEESt10_Select1stIS4_ESt4lessISsESaIS4_EE8_M_eraseEPSt13_Rb_tree_nodeIS4_E
                0x0000000000001ce0        0x0 /usr/lib/gcc/x86_64-unknown-linux-gnu/5.2.0/../../../../lib/Scrt1.o
 .rela.text._ZN6GetOpt9GetOpt_ppD2Ev
                0x0000000000001ce0        0x0 /usr/lib/gcc/x86_64-unknown-linux-gnu/5.2.0/../../../../lib/Scrt1.o
 .rela.text._ZN10RelaxationIfLl100EEC2Effllff
                0x0000000000001ce0        0x0 /usr/lib/gcc/x86_64-unknown-linux-gnu/5.2.0/../../../../lib/Scrt1.o
 .rela.text._Z9benchmarkIfLl100EEmi
                0x0000000000001ce0        0x0 /usr/lib/gcc/x86_64-unknown-linux-gnu/5.2.0/../../../../lib/Scrt1.o
 .rela.text._ZN10RelaxationIfLl500EEC2Effllff
                0x0000000000001ce0        0x0 /usr/lib/gcc/x86_64-unknown-linux-gnu/5.2.0/../../../../lib/Scrt1.o
 .rela.text._Z9benchmarkIfLl500EEmi
                0x0000000000001ce0        0x0 /usr/lib/gcc/x86_64-unknown-linux-gnu/5.2.0/../../../../lib/Scrt1.o
 .rela.text._ZN10RelaxationIfLl1000EEC2Effllff
                0x0000000000001ce0        0x0 /usr/lib/gcc/x86_64-unknown-linux-gnu/5.2.0/../../../../lib/Scrt1.o
 .rela.text._Z9benchmarkIfLl1000EEmi
                0x0000000000001ce0        0x0 /usr/lib/gcc/x86_64-unknown-linux-gnu/5.2.0/../../../../lib/Scrt1.o
 .rela.text._ZN10RelaxationIfLl10000EEC2Effllff
                0x0000000000001ce0        0x0 /usr/lib/gcc/x86_64-unknown-linux-gnu/5.2.0/../../../../lib/Scrt1.o
 .rela.text._Z9benchmarkIfLl10000EEmi
                0x0000000000001ce0        0x0 /usr/lib/gcc/x86_64-unknown-linux-gnu/5.2.0/../../../../lib/Scrt1.o
 .rela.text._ZN10RelaxationIdLl100EEC2Eddlldd
                0x0000000000001ce0        0x0 /usr/lib/gcc/x86_64-unknown-linux-gnu/5.2.0/../../../../lib/Scrt1.o
 .rela.text._Z9benchmarkIdLl100EEmi
                0x0000000000001ce0        0x0 /usr/lib/gcc/x86_64-unknown-linux-gnu/5.2.0/../../../../lib/Scrt1.o
 .rela.text._ZN10RelaxationIdLl500EEC2Eddlldd
                0x0000000000001ce0        0x0 /usr/lib/gcc/x86_64-unknown-linux-gnu/5.2.0/../../../../lib/Scrt1.o
 .rela.text._Z9benchmarkIdLl500EEmi
                0x0000000000001ce0        0x0 /usr/lib/gcc/x86_64-unknown-linux-gnu/5.2.0/../../../../lib/Scrt1.o
 .rela.text._ZN10RelaxationIdLl1000EEC2Eddlldd
                0x0000000000001ce0        0x0 /usr/lib/gcc/x86_64-unknown-linux-gnu/5.2.0/../../../../lib/Scrt1.o
 .rela.text._Z9benchmarkIdLl1000EEmi
                0x0000000000001ce0        0x0 /usr/lib/gcc/x86_64-unknown-linux-gnu/5.2.0/../../../../lib/Scrt1.o
 .rela.text._ZN10RelaxationIdLl10000EEC2Eddlldd
                0x0000000000001ce0        0x0 /usr/lib/gcc/x86_64-unknown-linux-gnu/5.2.0/../../../../lib/Scrt1.o
 .rela.text._Z9benchmarkIdLl10000EEmi
                0x0000000000001ce0        0x0 /usr/lib/gcc/x86_64-unknown-linux-gnu/5.2.0/../../../../lib/Scrt1.o
 .rela.text.startup.main
                0x0000000000001ce0        0x0 /usr/lib/gcc/x86_64-unknown-linux-gnu/5.2.0/../../../../lib/Scrt1.o
 .rela.text._ZNSt15basic_stringbufIcSt11char_traitsIcESaIcEED2Ev
                0x0000000000001ce0        0x0 /usr/lib/gcc/x86_64-unknown-linux-gnu/5.2.0/../../../../lib/Scrt1.o
 .rela.text._ZN6GetOpt7convertIdEENS_7_Option6ResultERKSsRT_St13_Ios_Fmtflags
                0x0000000000001ce0        0x0 /usr/lib/gcc/x86_64-unknown-linux-gnu/5.2.0/../../../../lib/Scrt1.o
 .rela.text._ZNK6GetOpt8_OptionTIdE7_assignEPNS_5TokenESt13_Ios_FmtflagsRSt3mapIcNS_10OptionDataESt4lessIcESaISt4pairIKcS6_EEE
                0x0000000000001ce0        0x0 /usr/lib/gcc/x86_64-unknown-linux-gnu/5.2.0/../../../../lib/Scrt1.o
 .rela.text._ZNK6GetOpt13_DefValOptionIdNS_8_OptionTIdEEEclERSt3mapIcNS_10OptionDataESt4lessIcESaISt4pairIKcS5_EEERS4_ISsS5_S6_ISsESaIS8_IKSsS5_EEEPNS_5TokenESt13_Ios_Fmtflags
                0x0000000000001ce0        0x0 /usr/lib/gcc/x86_64-unknown-linux-gnu/5.2.0/../../../../lib/Scrt1.o
 .rela.text._ZNK6GetOpt12_OptionTBaseIdEclERSt3mapIcNS_10OptionDataESt4lessIcESaISt4pairIKcS3_EEERS2_ISsS3_S4_ISsESaIS6_IKSsS3_EEEPNS_5TokenESt13_Ios_Fmtflags
                0x0000000000001ce0        0x0 /usr/lib/gcc/x86_64-unknown-linux-gnu/5.2.0/../../../../lib/Scrt1.o
 .rela.text._ZN6GetOpt7convertIiEENS_7_Option6ResultERKSsRT_St13_Ios_Fmtflags
                0x0000000000001ce0        0x0 /usr/lib/gcc/x86_64-unknown-linux-gnu/5.2.0/../../../../lib/Scrt1.o
 .rela.text._ZNK6GetOpt8_OptionTIiE7_assignEPNS_5TokenESt13_Ios_FmtflagsRSt3mapIcNS_10OptionDataESt4lessIcESaISt4pairIKcS6_EEE
                0x0000000000001ce0        0x0 /usr/lib/gcc/x86_64-unknown-linux-gnu/5.2.0/../../../../lib/Scrt1.o
 .rela.text._ZNK6GetOpt13_DefValOptionIiNS_8_OptionTIiEEEclERSt3mapIcNS_10OptionDataESt4lessIcESaISt4pairIKcS5_EEERS4_ISsS5_S6_ISsESaIS8_IKSsS5_EEEPNS_5TokenESt13_Ios_Fmtflags
                0x0000000000001ce0        0x0 /usr/lib/gcc/x86_64-unknown-linux-gnu/5.2.0/../../../../lib/Scrt1.o
 .rela.text._ZNK6GetOpt12_OptionTBaseIiEclERSt3mapIcNS_10OptionDataESt4lessIcESaISt4pairIKcS3_EEERS2_ISsS3_S4_ISsESaIS6_IKSsS3_EEEPNS_5TokenESt13_Ios_Fmtflags
                0x0000000000001ce0        0x0 /usr/lib/gcc/x86_64-unknown-linux-gnu/5.2.0/../../../../lib/Scrt1.o
 .rela.text._ZNSt15basic_stringbufIcSt11char_traitsIcESaIcEED0Ev
                0x0000000000001ce0        0x0 /usr/lib/gcc/x86_64-unknown-linux-gnu/5.2.0/../../../../lib/Scrt1.o
 .rela.text.startup._GLOBAL__sub_I_steps
                0x0000000000001ce0        0x0 /usr/lib/gcc/x86_64-unknown-linux-gnu/5.2.0/../../../../lib/Scrt1.o
 .rela.text._ZN6GetOpt14ParsingErrorExD2Ev
                0x0000000000001ce0        0x0 /usr/lib/gcc/x86_64-unknown-linux-gnu/5.2.0/../../../../lib/Scrt1.o
 .rela.text._ZN6GetOpt14ParsingErrorExD0Ev
                0x0000000000001ce0        0x0 /usr/lib/gcc/x86_64-unknown-linux-gnu/5.2.0/../../../../lib/Scrt1.o
 .rela.text._ZN6GetOpt18TooManyArgumentsExD2Ev
                0x0000000000001ce0        0x0 /usr/lib/gcc/x86_64-unknown-linux-gnu/5.2.0/../../../../lib/Scrt1.o
 .rela.text._ZN6GetOpt18TooManyArgumentsExD0Ev
                0x0000000000001ce0        0x0 /usr/lib/gcc/x86_64-unknown-linux-gnu/5.2.0/../../../../lib/Scrt1.o
 .rela.text._ZN6GetOpt18ArgumentNotFoundExD2Ev
                0x0000000000001ce0        0x0 /usr/lib/gcc/x86_64-unknown-linux-gnu/5.2.0/../../../../lib/Scrt1.o
 .rela.text._ZN6GetOpt18ArgumentNotFoundExD0Ev
                0x0000000000001ce0        0x0 /usr/lib/gcc/x86_64-unknown-linux-gnu/5.2.0/../../../../lib/Scrt1.o
 .rela.text._ZN6GetOpt15InvalidFormatExD2Ev
                0x0000000000001ce0        0x0 /usr/lib/gcc/x86_64-unknown-linux-gnu/5.2.0/../../../../lib/Scrt1.o
 .rela.text._ZN6GetOpt15InvalidFormatExD0Ev
                0x0000000000001ce0        0x0 /usr/lib/gcc/x86_64-unknown-linux-gnu/5.2.0/../../../../lib/Scrt1.o
 .rela.text._ZN6GetOpt16OptionNotFoundExD2Ev
                0x0000000000001ce0        0x0 /usr/lib/gcc/x86_64-unknown-linux-gnu/5.2.0/../../../../lib/Scrt1.o
 .rela.text._ZN6GetOpt16OptionNotFoundExD0Ev
                0x0000000000001ce0        0x0 /usr/lib/gcc/x86_64-unknown-linux-gnu/5.2.0/../../../../lib/Scrt1.o
 .rela.text._ZN6GetOpt21OptionsFileNotFoundExD0Ev
                0x0000000000001ce0        0x0 /usr/lib/gcc/x86_64-unknown-linux-gnu/5.2.0/../../../../lib/Scrt1.o
 .rela.text._ZN6GetOpt21OptionsFileNotFoundExD2Ev
                0x0000000000001ce0        0x0 /usr/lib/gcc/x86_64-unknown-linux-gnu/5.2.0/../../../../lib/Scrt1.o
 .rela.text._ZN6GetOpt9GetOpt_pp13TokensDeleterD2Ev
                0x0000000000001ce0        0x0 /usr/lib/gcc/x86_64-unknown-linux-gnu/5.2.0/../../../../lib/Scrt1.o
 .rela.text._ZN6GetOpt9GetOpt_pprsERKNS_7_OptionE
                0x0000000000001ce0        0x0 /usr/lib/gcc/x86_64-unknown-linux-gnu/5.2.0/../../../../lib/Scrt1.o
 .rela.text._ZN6GetOpt9GetOpt_pp11_init_flagsEv
                0x0000000000001ce0        0x0 /usr/lib/gcc/x86_64-unknown-linux-gnu/5.2.0/../../../../lib/Scrt1.o
 .rela.text._ZN6GetOpt9GetOpt_pprsEPFRSt8ios_baseS2_E
                0x0000000000001ce0        0x0 /usr/lib/gcc/x86_64-unknown-linux-gnu/5.2.0/../../../../lib/Scrt1.o
 .rela.text._ZNSt6vectorISsSaISsEED2Ev
                0x0000000000001ce0        0x0 /usr/lib/gcc/x86_64-unknown-linux-gnu/5.2.0/../../../../lib/Scrt1.o
 .rela.text._ZNSt6vectorISsSaISsEE19_M_emplace_back_auxIJRKSsEEEvDpOT_
                0x0000000000001ce0        0x0 /usr/lib/gcc/x86_64-unknown-linux-gnu/5.2.0/../../../../lib/Scrt1.o
 .rela.text._ZNSt6vectorISsSaISsEE19_M_emplace_back_auxIJSsEEEvDpOT_
                0x0000000000001ce0        0x0 /usr/lib/gcc/x86_64-unknown-linux-gnu/5.2.0/../../../../lib/Scrt1.o
 .rela.text._ZN6GetOpt9GetOpt_pp20_argc_argv_to_vectorEiPKPKcRSt6vectorISsSaISsEE
                0x0000000000001ce0        0x0 /usr/lib/gcc/x86_64-unknown-linux-gnu/5.2.0/../../../../lib/Scrt1.o
 .rela.text._ZNSt8_Rb_treeISsSt4pairIKSsN6GetOpt10OptionDataEESt10_Select1stIS4_ESt4lessISsESaIS4_EE29_M_get_insert_hint_unique_posESt23_Rb_tree_const_iteratorIS4_ERS1_
                0x0000000000001ce0        0x0 /usr/lib/gcc/x86_64-unknown-linux-gnu/5.2.0/../../../../lib/Scrt1.o
 .rela.text._ZNSt8_Rb_treeISsSt4pairIKSsN6GetOpt10OptionDataEESt10_Select1stIS4_ESt4lessISsESaIS4_EE22_M_emplace_hint_uniqueIJRKSt21piecewise_construct_tSt5tupleIJRS1_EESF_IJEEEEESt17_Rb_tree_iteratorIS4_ESt23_Rb_tree_const_iteratorIS4_EDpOT_
                0x0000000000001ce0        0x0 /usr/lib/gcc/x86_64-unknown-linux-gnu/5.2.0/../../../../lib/Scrt1.o
 .rela.text._ZN6GetOpt9GetOpt_pp10_parse_envEv
                0x0000000000001ce0        0x0 /usr/lib/gcc/x86_64-unknown-linux-gnu/5.2.0/../../../../lib/Scrt1.o
 .rela.text._ZN6GetOpt9GetOpt_pp6_parseERKSt6vectorISsSaISsEE
                0x0000000000001ce0        0x0 /usr/lib/gcc/x86_64-unknown-linux-gnu/5.2.0/../../../../lib/Scrt1.o
 .rela.text._ZN6GetOpt9GetOpt_pp15_parse_sub_fileERKSs
                0x0000000000001ce0        0x0 /usr/lib/gcc/x86_64-unknown-linux-gnu/5.2.0/../../../../lib/Scrt1.o
 .rela.text._ZN6GetOpt9GetOpt_ppC2EiPKPKc
                0x0000000000001ce0        0x0 /usr/lib/gcc/x86_64-unknown-linux-gnu/5.2.0/../../../../lib/Scrt1.o
 .rela.text._ZN6GetOpt9GetOpt_ppC2EiPKPKcNS_7_EnvTagE
                0x0000000000001ce0        0x0 /usr/lib/gcc/x86_64-unknown-linux-gnu/5.2.0/../../../../lib/Scrt1.o
 *(.rela.fini)
 *(.rela.rodata .rela.rodata.* .rela.gnu.linkonce.r.*)
 *(.rela.data .rela.data.* .rela.gnu.linkonce.d.*)
 .rela.data.rel.local
                0x0000000000001ce0       0x18 /usr/lib/gcc/x86_64-unknown-linux-gnu/5.2.0/../../../../lib/Scrt1.o
 .rela.data.rel.ro._ZTIN6GetOpt7_OptionE
                0x0000000000001cf8       0x30 /usr/lib/gcc/x86_64-unknown-linux-gnu/5.2.0/../../../../lib/Scrt1.o
 .rela.data.rel.ro._ZTIN6GetOpt8GetOptExE
                0x0000000000001d28       0x48 /usr/lib/gcc/x86_64-unknown-linux-gnu/5.2.0/../../../../lib/Scrt1.o
 .rela.data.rel.ro._ZTIN6GetOpt12_OptionTBaseIiEE
                0x0000000000001d70       0x48 /usr/lib/gcc/x86_64-unknown-linux-gnu/5.2.0/../../../../lib/Scrt1.o
 .rela.data.rel.ro._ZTIN6GetOpt8_OptionTIiEE
                0x0000000000001db8       0x48 /usr/lib/gcc/x86_64-unknown-linux-gnu/5.2.0/../../../../lib/Scrt1.o
 .rela.data.rel.ro._ZTIN6GetOpt13_DefValOptionIiNS_8_OptionTIiEEEE
                0x0000000000001e00       0x48 /usr/lib/gcc/x86_64-unknown-linux-gnu/5.2.0/../../../../lib/Scrt1.o
 .rela.data.rel.ro._ZTIN6GetOpt12_OptionTBaseIdEE
                0x0000000000001e48       0x48 /usr/lib/gcc/x86_64-unknown-linux-gnu/5.2.0/../../../../lib/Scrt1.o
 .rela.data.rel.ro._ZTIN6GetOpt8_OptionTIdEE
                0x0000000000001e90       0x48 /usr/lib/gcc/x86_64-unknown-linux-gnu/5.2.0/../../../../lib/Scrt1.o
 .rela.data.rel.ro._ZTIN6GetOpt13_DefValOptionIdNS_8_OptionTIdEEEE
                0x0000000000001ed8       0x48 /usr/lib/gcc/x86_64-unknown-linux-gnu/5.2.0/../../../../lib/Scrt1.o
 .rela.data.rel.ro._ZTVN6GetOpt7_OptionE
                0x0000000000001f20       0x30 /usr/lib/gcc/x86_64-unknown-linux-gnu/5.2.0/../../../../lib/Scrt1.o
 .rela.data.rel.ro._ZTVN6GetOpt8GetOptExE
                0x0000000000001f50       0x60 /usr/lib/gcc/x86_64-unknown-linux-gnu/5.2.0/../../../../lib/Scrt1.o
 .rela.data.rel.ro._ZTVN6GetOpt12_OptionTBaseIiEE
                0x0000000000001fb0       0x48 /usr/lib/gcc/x86_64-unknown-linux-gnu/5.2.0/../../../../lib/Scrt1.o
 .rela.data.rel.ro.local._ZTVN6GetOpt13_DefValOptionIiNS_8_OptionTIiEEEE
                0x0000000000001ff8       0x78 /usr/lib/gcc/x86_64-unknown-linux-gnu/5.2.0/../../../../lib/Scrt1.o
 .rela.data.rel.ro._ZTVN6GetOpt12_OptionTBaseIdEE
                0x0000000000002070       0x48 /usr/lib/gcc/x86_64-unknown-linux-gnu/5.2.0/../../../../lib/Scrt1.o
 .rela.data.rel.ro.local._ZTVN6GetOpt13_DefValOptionIdNS_8_OptionTIdEEEE
                0x00000000000020b8       0x78 /usr/lib/gcc/x86_64-unknown-linux-gnu/5.2.0/../../../../lib/Scrt1.o
 .rela.data.DW.ref._ZTIN6GetOpt8GetOptExE
                0x0000000000002130       0x18 /usr/lib/gcc/x86_64-unknown-linux-gnu/5.2.0/../../../../lib/Scrt1.o
 .rela.data.DW.ref._ZTISt11logic_error
                0x0000000000002148       0x18 /usr/lib/gcc/x86_64-unknown-linux-gnu/5.2.0/../../../../lib/Scrt1.o
 .rela.data.DW.ref.__gxx_personality_v0
                0x0000000000002160       0x18 /usr/lib/gcc/x86_64-unknown-linux-gnu/5.2.0/../../../../lib/Scrt1.o
 .rela.data.rel.ro._ZTIN6GetOpt14ParsingErrorExE
                0x0000000000002178       0x48 /usr/lib/gcc/x86_64-unknown-linux-gnu/5.2.0/../../../../lib/Scrt1.o
 .rela.data.rel.ro._ZTIN6GetOpt15InvalidFormatExE
                0x00000000000021c0       0x48 /usr/lib/gcc/x86_64-unknown-linux-gnu/5.2.0/../../../../lib/Scrt1.o
 .rela.data.rel.ro._ZTIN6GetOpt18ArgumentNotFoundExE
                0x0000000000002208       0x48 /usr/lib/gcc/x86_64-unknown-linux-gnu/5.2.0/../../../../lib/Scrt1.o
 .rela.data.rel.ro._ZTIN6GetOpt18TooManyArgumentsExE
                0x0000000000002250       0x48 /usr/lib/gcc/x86_64-unknown-linux-gnu/5.2.0/../../../../lib/Scrt1.o
 .rela.data.rel.ro._ZTIN6GetOpt16OptionNotFoundExE
                0x0000000000002298       0x48 /usr/lib/gcc/x86_64-unknown-linux-gnu/5.2.0/../../../../lib/Scrt1.o
 .rela.data.rel.ro._ZTIN6GetOpt21OptionsFileNotFoundExE
                0x00000000000022e0       0x48 /usr/lib/gcc/x86_64-unknown-linux-gnu/5.2.0/../../../../lib/Scrt1.o
 .rela.data.rel.ro._ZTVN6GetOpt14ParsingErrorExE
                0x0000000000002328       0x60 /usr/lib/gcc/x86_64-unknown-linux-gnu/5.2.0/../../../../lib/Scrt1.o
 .rela.data.rel.ro._ZTVN6GetOpt15InvalidFormatExE
                0x0000000000002388       0x60 /usr/lib/gcc/x86_64-unknown-linux-gnu/5.2.0/../../../../lib/Scrt1.o
 .rela.data.rel.ro._ZTVN6GetOpt18ArgumentNotFoundExE
                0x00000000000023e8       0x60 /usr/lib/gcc/x86_64-unknown-linux-gnu/5.2.0/../../../../lib/Scrt1.o
 .rela.data.rel.ro._ZTVN6GetOpt18TooManyArgumentsExE
                0x0000000000002448       0x60 /usr/lib/gcc/x86_64-unknown-linux-gnu/5.2.0/../../../../lib/Scrt1.o
 .rela.data.rel.ro._ZTVN6GetOpt16OptionNotFoundExE
                0x00000000000024a8       0x60 /usr/lib/gcc/x86_64-unknown-linux-gnu/5.2.0/../../../../lib/Scrt1.o
 .rela.data.rel.ro._ZTVN6GetOpt21OptionsFileNotFoundExE
                0x0000000000002508       0x60 /usr/lib/gcc/x86_64-unknown-linux-gnu/5.2.0/../../../../lib/Scrt1.o
 *(.rela.tdata .rela.tdata.* .rela.gnu.linkonce.td.*)
 *(.rela.tbss .rela.tbss.* .rela.gnu.linkonce.tb.*)
 *(.rela.ctors)
 *(.rela.dtors)
 *(.rela.got)
 .rela.got      0x0000000000002568       0xd8 /usr/lib/gcc/x86_64-unknown-linux-gnu/5.2.0/../../../../lib/Scrt1.o
 *(.rela.bss .rela.bss.* .rela.gnu.linkonce.b.*)
 .rela.bss      0x0000000000002640      0x120 /usr/lib/gcc/x86_64-unknown-linux-gnu/5.2.0/../../../../lib/Scrt1.o
 *(.rela.ldata .rela.ldata.* .rela.gnu.linkonce.l.*)
 *(.rela.lbss .rela.lbss.* .rela.gnu.linkonce.lb.*)
 *(.rela.lrodata .rela.lrodata.* .rela.gnu.linkonce.lr.*)
 *(.rela.ifunc)
 .rela.ifunc    0x0000000000002760        0x0 /usr/lib/gcc/x86_64-unknown-linux-gnu/5.2.0/../../../../lib/Scrt1.o
 .rela.fini_array
                0x0000000000002760       0x18 /usr/lib/gcc/x86_64-unknown-linux-gnu/5.2.0/../../../../lib/Scrt1.o
 .rela.init_array
                0x0000000000002778       0x30 /usr/lib/gcc/x86_64-unknown-linux-gnu/5.2.0/../../../../lib/Scrt1.o
 .rela.gcc_except_table._ZN10RelaxationIfLl100EEC2Effllff
                0x00000000000027a8        0x0 /usr/lib/gcc/x86_64-unknown-linux-gnu/5.2.0/../../../../lib/Scrt1.o
 .rela.gcc_except_table._Z9benchmarkIfLl100EEmi
                0x00000000000027a8        0x0 /usr/lib/gcc/x86_64-unknown-linux-gnu/5.2.0/../../../../lib/Scrt1.o
 .rela.gcc_except_table._ZN10RelaxationIfLl500EEC2Effllff
                0x00000000000027a8        0x0 /usr/lib/gcc/x86_64-unknown-linux-gnu/5.2.0/../../../../lib/Scrt1.o
 .rela.gcc_except_table._Z9benchmarkIfLl500EEmi
                0x00000000000027a8        0x0 /usr/lib/gcc/x86_64-unknown-linux-gnu/5.2.0/../../../../lib/Scrt1.o
 .rela.gcc_except_table._ZN10RelaxationIfLl1000EEC2Effllff
                0x00000000000027a8        0x0 /usr/lib/gcc/x86_64-unknown-linux-gnu/5.2.0/../../../../lib/Scrt1.o
 .rela.gcc_except_table._Z9benchmarkIfLl1000EEmi
                0x00000000000027a8        0x0 /usr/lib/gcc/x86_64-unknown-linux-gnu/5.2.0/../../../../lib/Scrt1.o
 .rela.gcc_except_table._ZN10RelaxationIfLl10000EEC2Effllff
                0x00000000000027a8        0x0 /usr/lib/gcc/x86_64-unknown-linux-gnu/5.2.0/../../../../lib/Scrt1.o
 .rela.gcc_except_table._Z9benchmarkIfLl10000EEmi
                0x00000000000027a8        0x0 /usr/lib/gcc/x86_64-unknown-linux-gnu/5.2.0/../../../../lib/Scrt1.o
 .rela.gcc_except_table._ZN10RelaxationIdLl100EEC2Eddlldd
                0x00000000000027a8        0x0 /usr/lib/gcc/x86_64-unknown-linux-gnu/5.2.0/../../../../lib/Scrt1.o
 .rela.gcc_except_table._Z9benchmarkIdLl100EEmi
                0x00000000000027a8        0x0 /usr/lib/gcc/x86_64-unknown-linux-gnu/5.2.0/../../../../lib/Scrt1.o
 .rela.gcc_except_table._ZN10RelaxationIdLl500EEC2Eddlldd
                0x00000000000027a8        0x0 /usr/lib/gcc/x86_64-unknown-linux-gnu/5.2.0/../../../../lib/Scrt1.o
 .rela.gcc_except_table._Z9benchmarkIdLl500EEmi
                0x00000000000027a8        0x0 /usr/lib/gcc/x86_64-unknown-linux-gnu/5.2.0/../../../../lib/Scrt1.o
 .rela.gcc_except_table._ZN10RelaxationIdLl1000EEC2Eddlldd
                0x00000000000027a8        0x0 /usr/lib/gcc/x86_64-unknown-linux-gnu/5.2.0/../../../../lib/Scrt1.o
 .rela.gcc_except_table._Z9benchmarkIdLl1000EEmi
                0x00000000000027a8        0x0 /usr/lib/gcc/x86_64-unknown-linux-gnu/5.2.0/../../../../lib/Scrt1.o
 .rela.gcc_except_table._ZN10RelaxationIdLl10000EEC2Eddlldd
                0x00000000000027a8        0x0 /usr/lib/gcc/x86_64-unknown-linux-gnu/5.2.0/../../../../lib/Scrt1.o
 .rela.gcc_except_table._Z9benchmarkIdLl10000EEmi
                0x00000000000027a8        0x0 /usr/lib/gcc/x86_64-unknown-linux-gnu/5.2.0/../../../../lib/Scrt1.o
 .rela.gcc_except_table.main
                0x00000000000027a8        0x0 /usr/lib/gcc/x86_64-unknown-linux-gnu/5.2.0/../../../../lib/Scrt1.o
 .rela.eh_frame
                0x00000000000027a8        0x0 /usr/lib/gcc/x86_64-unknown-linux-gnu/5.2.0/../../../../lib/Scrt1.o
 .rela.gcc_except_table._ZN6GetOpt9GetOpt_pprsERKNS_7_OptionE
                0x00000000000027a8        0x0 /usr/lib/gcc/x86_64-unknown-linux-gnu/5.2.0/../../../../lib/Scrt1.o

.rela.plt       0x00000000000027a8      0x780
 *(.rela.plt)
 .rela.plt      0x00000000000027a8      0x780 /usr/lib/gcc/x86_64-unknown-linux-gnu/5.2.0/../../../../lib/Scrt1.o
                [!provide]                        PROVIDE (__rela_iplt_start, .)
 *(.rela.iplt)
                [!provide]                        PROVIDE (__rela_iplt_end, .)

.init           0x0000000000002f28       0x1a
 *(SORT(.init))
 .init          0x0000000000002f28       0x15 /usr/lib/gcc/x86_64-unknown-linux-gnu/5.2.0/../../../../lib/crti.o
                0x0000000000002f28                _init
 .init          0x0000000000002f3d        0x5 /usr/lib/gcc/x86_64-unknown-linux-gnu/5.2.0/../../../../lib/crtn.o

.plt            0x0000000000002f50      0x510
 *(.plt)
 .plt           0x0000000000002f50      0x510 /usr/lib/gcc/x86_64-unknown-linux-gnu/5.2.0/../../../../lib/Scrt1.o
 *(.iplt)

.plt.bnd
 *(.plt.bnd)

.text           0x0000000000003460     0xd7d2
 *(.text.unlikely .text.*_unlikely .text.unlikely.*)
 .text.unlikely._ZNKSt5ctypeIcE8do_widenEc
                0x0000000000003460        0x0 builddir//tmp/asd-mox/home/mox/uni/s9/pca/pca/ex6/a02/main.o
 .text.unlikely._ZN10RelaxationIfLl100EEC2Effllff._omp_fn.0
                0x0000000000003460        0x0 builddir//tmp/asd-mox/home/mox/uni/s9/pca/pca/ex6/a02/main.o
 .text.unlikely._ZN10RelaxationIfLl100EE7iterateEv._omp_fn.1
                0x0000000000003460        0x0 builddir//tmp/asd-mox/home/mox/uni/s9/pca/pca/ex6/a02/main.o
 .text.unlikely._ZN10RelaxationIfLl500EEC2Effllff._omp_fn.2
                0x0000000000003460        0x0 builddir//tmp/asd-mox/home/mox/uni/s9/pca/pca/ex6/a02/main.o
 .text.unlikely._ZN10RelaxationIfLl500EE7iterateEv._omp_fn.3
                0x0000000000003460        0x0 builddir//tmp/asd-mox/home/mox/uni/s9/pca/pca/ex6/a02/main.o
 .text.unlikely._ZN10RelaxationIfLl1000EEC2Effllff._omp_fn.4
                0x0000000000003460        0x0 builddir//tmp/asd-mox/home/mox/uni/s9/pca/pca/ex6/a02/main.o
 .text.unlikely._ZN10RelaxationIfLl1000EE7iterateEv._omp_fn.5
                0x0000000000003460        0x0 builddir//tmp/asd-mox/home/mox/uni/s9/pca/pca/ex6/a02/main.o
 .text.unlikely._ZN10RelaxationIfLl10000EEC2Effllff._omp_fn.6
                0x0000000000003460        0x0 builddir//tmp/asd-mox/home/mox/uni/s9/pca/pca/ex6/a02/main.o
 .text.unlikely._ZN10RelaxationIfLl10000EE7iterateEv._omp_fn.7
                0x0000000000003460        0x0 builddir//tmp/asd-mox/home/mox/uni/s9/pca/pca/ex6/a02/main.o
 .text.unlikely._ZN10RelaxationIdLl100EEC2Eddlldd._omp_fn.8
                0x0000000000003460        0x0 builddir//tmp/asd-mox/home/mox/uni/s9/pca/pca/ex6/a02/main.o
 .text.unlikely._ZN10RelaxationIdLl100EE7iterateEv._omp_fn.9
                0x0000000000003460        0x0 builddir//tmp/asd-mox/home/mox/uni/s9/pca/pca/ex6/a02/main.o
 .text.unlikely._ZN10RelaxationIdLl500EEC2Eddlldd._omp_fn.10
                0x0000000000003460        0x0 builddir//tmp/asd-mox/home/mox/uni/s9/pca/pca/ex6/a02/main.o
 .text.unlikely._ZN10RelaxationIdLl500EE7iterateEv._omp_fn.11
                0x0000000000003460        0x0 builddir//tmp/asd-mox/home/mox/uni/s9/pca/pca/ex6/a02/main.o
 .text.unlikely._ZN10RelaxationIdLl1000EEC2Eddlldd._omp_fn.12
                0x0000000000003460        0x0 builddir//tmp/asd-mox/home/mox/uni/s9/pca/pca/ex6/a02/main.o
 .text.unlikely._ZN10RelaxationIdLl1000EE7iterateEv._omp_fn.13
                0x0000000000003460        0x0 builddir//tmp/asd-mox/home/mox/uni/s9/pca/pca/ex6/a02/main.o
 .text.unlikely._ZN10RelaxationIdLl10000EEC2Eddlldd._omp_fn.14
                0x0000000000003460        0x0 builddir//tmp/asd-mox/home/mox/uni/s9/pca/pca/ex6/a02/main.o
 .text.unlikely._ZN10RelaxationIdLl10000EE7iterateEv._omp_fn.15
                0x0000000000003460        0x0 builddir//tmp/asd-mox/home/mox/uni/s9/pca/pca/ex6/a02/main.o
 .text.unlikely._ZN6GetOpt8GetOptExD2Ev
                0x0000000000003460        0x0 builddir//tmp/asd-mox/home/mox/uni/s9/pca/pca/ex6/a02/main.o
 .text.unlikely._ZN6GetOpt8GetOptExD0Ev
                0x0000000000003460        0x0 builddir//tmp/asd-mox/home/mox/uni/s9/pca/pca/ex6/a02/main.o
 .text.unlikely._ZN6GetOpt13_DefValOptionIiNS_8_OptionTIiEEED2Ev
                0x0000000000003460        0x0 builddir//tmp/asd-mox/home/mox/uni/s9/pca/pca/ex6/a02/main.o
 .text.unlikely._ZN6GetOpt13_DefValOptionIdNS_8_OptionTIdEEED2Ev
                0x0000000000003460        0x0 builddir//tmp/asd-mox/home/mox/uni/s9/pca/pca/ex6/a02/main.o
 .text.unlikely._ZN6GetOpt13_DefValOptionIiNS_8_OptionTIiEEED0Ev
                0x0000000000003460        0x0 builddir//tmp/asd-mox/home/mox/uni/s9/pca/pca/ex6/a02/main.o
 .text.unlikely._ZN6GetOpt13_DefValOptionIdNS_8_OptionTIdEEED0Ev
                0x0000000000003460        0x0 builddir//tmp/asd-mox/home/mox/uni/s9/pca/pca/ex6/a02/main.o
 .text.unlikely._ZStplIcSt11char_traitsIcESaIcEESbIT_T0_T1_ERKS6_PKS3_
                0x0000000000003460        0x0 builddir//tmp/asd-mox/home/mox/uni/s9/pca/pca/ex6/a02/main.o
 .text.unlikely._ZNSt8_Rb_treeISsSt4pairIKSsN6GetOpt10OptionDataEESt10_Select1stIS4_ESt4lessISsESaIS4_EE4findERS1_
                0x0000000000003460        0x0 builddir//tmp/asd-mox/home/mox/uni/s9/pca/pca/ex6/a02/main.o
 .text.unlikely._ZNSt8_Rb_treeIcSt4pairIKcN6GetOpt10OptionDataEESt10_Select1stIS4_ESt4lessIcESaIS4_EE8_M_eraseEPSt13_Rb_tree_nodeIS4_E
                0x0000000000003460        0x0 builddir//tmp/asd-mox/home/mox/uni/s9/pca/pca/ex6/a02/main.o
 .text.unlikely._ZNSt8_Rb_treeIcSt4pairIKcN6GetOpt10OptionDataEESt10_Select1stIS4_ESt4lessIcESaIS4_EE5eraseERS1_
                0x0000000000003460        0x0 builddir//tmp/asd-mox/home/mox/uni/s9/pca/pca/ex6/a02/main.o
 .text.unlikely._ZNSt8_Rb_treeISsSt4pairIKSsN6GetOpt10OptionDataEESt10_Select1stIS4_ESt4lessISsESaIS4_EE8_M_eraseEPSt13_Rb_tree_nodeIS4_E
                0x0000000000003460        0x0 builddir//tmp/asd-mox/home/mox/uni/s9/pca/pca/ex6/a02/main.o
 .text.unlikely._ZN6GetOpt9GetOpt_ppD2Ev
                0x0000000000003460        0x0 builddir//tmp/asd-mox/home/mox/uni/s9/pca/pca/ex6/a02/main.o
 .text.unlikely._ZN10RelaxationIfLl100EEC2Effllff
                0x0000000000003460        0x0 builddir//tmp/asd-mox/home/mox/uni/s9/pca/pca/ex6/a02/main.o
 .text.unlikely._Z9benchmarkIfLl100EEmi
                0x0000000000003460        0x0 builddir//tmp/asd-mox/home/mox/uni/s9/pca/pca/ex6/a02/main.o
 .text.unlikely._ZN10RelaxationIfLl500EEC2Effllff
                0x0000000000003460        0x0 builddir//tmp/asd-mox/home/mox/uni/s9/pca/pca/ex6/a02/main.o
 .text.unlikely._Z9benchmarkIfLl500EEmi
                0x0000000000003460        0x0 builddir//tmp/asd-mox/home/mox/uni/s9/pca/pca/ex6/a02/main.o
 .text.unlikely._ZN10RelaxationIfLl1000EEC2Effllff
                0x0000000000003460        0x0 builddir//tmp/asd-mox/home/mox/uni/s9/pca/pca/ex6/a02/main.o
 .text.unlikely._Z9benchmarkIfLl1000EEmi
                0x0000000000003460        0x0 builddir//tmp/asd-mox/home/mox/uni/s9/pca/pca/ex6/a02/main.o
 .text.unlikely._ZN10RelaxationIfLl10000EEC2Effllff
                0x0000000000003460        0x0 builddir//tmp/asd-mox/home/mox/uni/s9/pca/pca/ex6/a02/main.o
 .text.unlikely._Z9benchmarkIfLl10000EEmi
                0x0000000000003460        0x0 builddir//tmp/asd-mox/home/mox/uni/s9/pca/pca/ex6/a02/main.o
 .text.unlikely._ZN10RelaxationIdLl100EEC2Eddlldd
                0x0000000000003460        0x0 builddir//tmp/asd-mox/home/mox/uni/s9/pca/pca/ex6/a02/main.o
 .text.unlikely._Z9benchmarkIdLl100EEmi
                0x0000000000003460        0x0 builddir//tmp/asd-mox/home/mox/uni/s9/pca/pca/ex6/a02/main.o
 .text.unlikely._ZN10RelaxationIdLl500EEC2Eddlldd
                0x0000000000003460        0x0 builddir//tmp/asd-mox/home/mox/uni/s9/pca/pca/ex6/a02/main.o
 .text.unlikely._Z9benchmarkIdLl500EEmi
                0x0000000000003460        0x0 builddir//tmp/asd-mox/home/mox/uni/s9/pca/pca/ex6/a02/main.o
 .text.unlikely._ZN10RelaxationIdLl1000EEC2Eddlldd
                0x0000000000003460        0x0 builddir//tmp/asd-mox/home/mox/uni/s9/pca/pca/ex6/a02/main.o
 .text.unlikely._Z9benchmarkIdLl1000EEmi
                0x0000000000003460        0x0 builddir//tmp/asd-mox/home/mox/uni/s9/pca/pca/ex6/a02/main.o
 .text.unlikely._ZN10RelaxationIdLl10000EEC2Eddlldd
                0x0000000000003460        0x0 builddir//tmp/asd-mox/home/mox/uni/s9/pca/pca/ex6/a02/main.o
 .text.unlikely._Z9benchmarkIdLl10000EEmi
                0x0000000000003460        0x0 builddir//tmp/asd-mox/home/mox/uni/s9/pca/pca/ex6/a02/main.o
 .text.unlikely._ZNSt15basic_stringbufIcSt11char_traitsIcESaIcEED2Ev
                0x0000000000003460        0x0 builddir//tmp/asd-mox/home/mox/uni/s9/pca/pca/ex6/a02/main.o
 .text.unlikely._ZN6GetOpt7convertIdEENS_7_Option6ResultERKSsRT_St13_Ios_Fmtflags
                0x0000000000003460        0x0 builddir//tmp/asd-mox/home/mox/uni/s9/pca/pca/ex6/a02/main.o
 .text.unlikely._ZNK6GetOpt8_OptionTIdE7_assignEPNS_5TokenESt13_Ios_FmtflagsRSt3mapIcNS_10OptionDataESt4lessIcESaISt4pairIKcS6_EEE
                0x0000000000003460        0x0 builddir//tmp/asd-mox/home/mox/uni/s9/pca/pca/ex6/a02/main.o
 .text.unlikely._ZNK6GetOpt13_DefValOptionIdNS_8_OptionTIdEEEclERSt3mapIcNS_10OptionDataESt4lessIcESaISt4pairIKcS5_EEERS4_ISsS5_S6_ISsESaIS8_IKSsS5_EEEPNS_5TokenESt13_Ios_Fmtflags
                0x0000000000003460        0x0 builddir//tmp/asd-mox/home/mox/uni/s9/pca/pca/ex6/a02/main.o
 .text.unlikely._ZNK6GetOpt12_OptionTBaseIdEclERSt3mapIcNS_10OptionDataESt4lessIcESaISt4pairIKcS3_EEERS2_ISsS3_S4_ISsESaIS6_IKSsS3_EEEPNS_5TokenESt13_Ios_Fmtflags
                0x0000000000003460        0x0 builddir//tmp/asd-mox/home/mox/uni/s9/pca/pca/ex6/a02/main.o
 .text.unlikely._ZN6GetOpt7convertIiEENS_7_Option6ResultERKSsRT_St13_Ios_Fmtflags
                0x0000000000003460        0x0 builddir//tmp/asd-mox/home/mox/uni/s9/pca/pca/ex6/a02/main.o
 .text.unlikely._ZNK6GetOpt8_OptionTIiE7_assignEPNS_5TokenESt13_Ios_FmtflagsRSt3mapIcNS_10OptionDataESt4lessIcESaISt4pairIKcS6_EEE
                0x0000000000003460        0x0 builddir//tmp/asd-mox/home/mox/uni/s9/pca/pca/ex6/a02/main.o
 .text.unlikely._ZNK6GetOpt13_DefValOptionIiNS_8_OptionTIiEEEclERSt3mapIcNS_10OptionDataESt4lessIcESaISt4pairIKcS5_EEERS4_ISsS5_S6_ISsESaIS8_IKSsS5_EEEPNS_5TokenESt13_Ios_Fmtflags
                0x0000000000003460        0x0 builddir//tmp/asd-mox/home/mox/uni/s9/pca/pca/ex6/a02/main.o
 .text.unlikely._ZNK6GetOpt12_OptionTBaseIiEclERSt3mapIcNS_10OptionDataESt4lessIcESaISt4pairIKcS3_EEERS2_ISsS3_S4_ISsESaIS6_IKSsS3_EEEPNS_5TokenESt13_Ios_Fmtflags
                0x0000000000003460        0x0 builddir//tmp/asd-mox/home/mox/uni/s9/pca/pca/ex6/a02/main.o
 .text.unlikely._ZNSt15basic_stringbufIcSt11char_traitsIcESaIcEED0Ev
                0x0000000000003460        0x0 builddir//tmp/asd-mox/home/mox/uni/s9/pca/pca/ex6/a02/main.o
 .text.unlikely._ZN6GetOpt14ParsingErrorExD2Ev
                0x0000000000003460        0x0 builddir//tmp/asd-mox/home/mox/uni/s9/pca/pca/ex6/a02/extern/getopt_pp.o
 .text.unlikely._ZN6GetOpt14ParsingErrorExD0Ev
                0x0000000000003460        0x0 builddir//tmp/asd-mox/home/mox/uni/s9/pca/pca/ex6/a02/extern/getopt_pp.o
 .text.unlikely._ZN6GetOpt18TooManyArgumentsExD2Ev
                0x0000000000003460        0x0 builddir//tmp/asd-mox/home/mox/uni/s9/pca/pca/ex6/a02/extern/getopt_pp.o
 .text.unlikely._ZN6GetOpt18TooManyArgumentsExD0Ev
                0x0000000000003460        0x0 builddir//tmp/asd-mox/home/mox/uni/s9/pca/pca/ex6/a02/extern/getopt_pp.o
 .text.unlikely._ZN6GetOpt18ArgumentNotFoundExD2Ev
                0x0000000000003460        0x0 builddir//tmp/asd-mox/home/mox/uni/s9/pca/pca/ex6/a02/extern/getopt_pp.o
 .text.unlikely._ZN6GetOpt18ArgumentNotFoundExD0Ev
                0x0000000000003460        0x0 builddir//tmp/asd-mox/home/mox/uni/s9/pca/pca/ex6/a02/extern/getopt_pp.o
 .text.unlikely._ZN6GetOpt15InvalidFormatExD2Ev
                0x0000000000003460        0x0 builddir//tmp/asd-mox/home/mox/uni/s9/pca/pca/ex6/a02/extern/getopt_pp.o
 .text.unlikely._ZN6GetOpt15InvalidFormatExD0Ev
                0x0000000000003460        0x0 builddir//tmp/asd-mox/home/mox/uni/s9/pca/pca/ex6/a02/extern/getopt_pp.o
 .text.unlikely._ZN6GetOpt16OptionNotFoundExD2Ev
                0x0000000000003460        0x0 builddir//tmp/asd-mox/home/mox/uni/s9/pca/pca/ex6/a02/extern/getopt_pp.o
 .text.unlikely._ZN6GetOpt16OptionNotFoundExD0Ev
                0x0000000000003460        0x0 builddir//tmp/asd-mox/home/mox/uni/s9/pca/pca/ex6/a02/extern/getopt_pp.o
 .text.unlikely._ZNSs4_Rep10_M_disposeERKSaIcE.part.2
                0x0000000000003460       0x2d builddir//tmp/asd-mox/home/mox/uni/s9/pca/pca/ex6/a02/extern/getopt_pp.o
 *fill*         0x000000000000348d        0x1 
 .text.unlikely._ZN6GetOpt21OptionsFileNotFoundExD0Ev
                0x000000000000348e        0x0 builddir//tmp/asd-mox/home/mox/uni/s9/pca/pca/ex6/a02/extern/getopt_pp.o
 .text.unlikely._ZN6GetOpt21OptionsFileNotFoundExD2Ev
                0x000000000000348e        0x0 builddir//tmp/asd-mox/home/mox/uni/s9/pca/pca/ex6/a02/extern/getopt_pp.o
 .text.unlikely._ZNSt6vectorISsSaISsEED2Ev
                0x000000000000348e        0x0 builddir//tmp/asd-mox/home/mox/uni/s9/pca/pca/ex6/a02/extern/getopt_pp.o
 .text.unlikely._ZNSt6vectorISsSaISsEE19_M_emplace_back_auxIJRKSsEEEvDpOT_
                0x000000000000348e        0x0 builddir//tmp/asd-mox/home/mox/uni/s9/pca/pca/ex6/a02/extern/getopt_pp.o
 .text.unlikely._ZNSt8_Rb_treeIcSt4pairIKcN6GetOpt10OptionDataEESt10_Select1stIS4_ESt4lessIcESaIS4_EE22_M_emplace_hint_uniqueIJRKSt21piecewise_construct_tSt5tupleIJRS1_EESF_IJEEEEESt17_Rb_tree_iteratorIS4_ESt23_Rb_tree_const_iteratorIS4_EDpOT_
                0x000000000000348e        0x0 builddir//tmp/asd-mox/home/mox/uni/s9/pca/pca/ex6/a02/extern/getopt_pp.o
 .text.unlikely._ZNSt8_Rb_treeIcSt4pairIKcN6GetOpt10OptionDataEESt10_Select1stIS4_ESt4lessIcESaIS4_EE29_M_get_insert_hint_unique_posESt23_Rb_tree_const_iteratorIS4_ERS1_
                0x000000000000348e        0x0 builddir//tmp/asd-mox/home/mox/uni/s9/pca/pca/ex6/a02/extern/getopt_pp.o
 .text.unlikely._ZNSt6vectorISsSaISsEE19_M_emplace_back_auxIJSsEEEvDpOT_
                0x000000000000348e        0x0 builddir//tmp/asd-mox/home/mox/uni/s9/pca/pca/ex6/a02/extern/getopt_pp.o
 .text.unlikely._ZNSt8_Rb_treeISsSt4pairIKSsN6GetOpt10OptionDataEESt10_Select1stIS4_ESt4lessISsESaIS4_EE24_M_get_insert_unique_posERS1_
                0x000000000000348e        0x0 builddir//tmp/asd-mox/home/mox/uni/s9/pca/pca/ex6/a02/extern/getopt_pp.o
 .text.unlikely._ZNSt8_Rb_treeISsSt4pairIKSsN6GetOpt10OptionDataEESt10_Select1stIS4_ESt4lessISsESaIS4_EE29_M_get_insert_hint_unique_posESt23_Rb_tree_const_iteratorIS4_ERS1_
                0x000000000000348e        0x0 builddir//tmp/asd-mox/home/mox/uni/s9/pca/pca/ex6/a02/extern/getopt_pp.o
 .text.unlikely._ZNSt8_Rb_treeISsSt4pairIKSsN6GetOpt10OptionDataEESt10_Select1stIS4_ESt4lessISsESaIS4_EE22_M_emplace_hint_uniqueIJRKSt21piecewise_construct_tSt5tupleIJRS1_EESF_IJEEEEESt17_Rb_tree_iteratorIS4_ESt23_Rb_tree_const_iteratorIS4_EDpOT_
                0x000000000000348e        0x0 builddir//tmp/asd-mox/home/mox/uni/s9/pca/pca/ex6/a02/extern/getopt_pp.o
 *(.text.exit .text.exit.*)
 *(.text.startup .text.startup.*)
 *fill*         0x000000000000348e        0x2 
 .text.startup.main
                0x0000000000003490     0x1ef6 builddir//tmp/asd-mox/home/mox/uni/s9/pca/pca/ex6/a02/main.o
                0x0000000000003490                main
 *fill*         0x0000000000005386        0xa 
 .text.startup._GLOBAL__sub_I_steps
                0x0000000000005390       0x3e builddir//tmp/asd-mox/home/mox/uni/s9/pca/pca/ex6/a02/main.o
 *(.text.hot .text.hot.*)
 *(.text .stub .text.* .gnu.linkonce.t.*)
 *fill*         0x00000000000053ce        0x2 
 .text          0x00000000000053d0       0x2a /usr/lib/gcc/x86_64-unknown-linux-gnu/5.2.0/../../../../lib/Scrt1.o
                0x00000000000053d0                _start
 *fill*         0x00000000000053fa        0x6 
 .text          0x0000000000005400      0x100 /usr/lib/gcc/x86_64-unknown-linux-gnu/5.2.0/crtbeginS.o
 .text._ZNKSt5ctypeIcE8do_widenEc
                0x0000000000005500        0x8 builddir//tmp/asd-mox/home/mox/uni/s9/pca/pca/ex6/a02/main.o
                0x0000000000005500                std::ctype<char>::do_widen(char) const
 *fill*         0x0000000000005508        0x8 
 .text._ZN10RelaxationIfLl100EEC2Effllff._omp_fn.0
                0x0000000000005510      0x164 builddir//tmp/asd-mox/home/mox/uni/s9/pca/pca/ex6/a02/main.o
 *fill*         0x0000000000005674        0xc 
 .text._ZN10RelaxationIfLl100EE7iterateEv._omp_fn.1
                0x0000000000005680      0x14f builddir//tmp/asd-mox/home/mox/uni/s9/pca/pca/ex6/a02/main.o
 *fill*         0x00000000000057cf        0x1 
 .text._ZN10RelaxationIfLl500EEC2Effllff._omp_fn.2
                0x00000000000057d0      0x14f builddir//tmp/asd-mox/home/mox/uni/s9/pca/pca/ex6/a02/main.o
 *fill*         0x000000000000591f        0x1 
 .text._ZN10RelaxationIfLl500EE7iterateEv._omp_fn.3
                0x0000000000005920      0x13f builddir//tmp/asd-mox/home/mox/uni/s9/pca/pca/ex6/a02/main.o
 *fill*         0x0000000000005a5f        0x1 
 .text._ZN10RelaxationIfLl1000EEC2Effllff._omp_fn.4
                0x0000000000005a60      0x14f builddir//tmp/asd-mox/home/mox/uni/s9/pca/pca/ex6/a02/main.o
 *fill*         0x0000000000005baf        0x1 
 .text._ZN10RelaxationIfLl1000EE7iterateEv._omp_fn.5
                0x0000000000005bb0      0x13f builddir//tmp/asd-mox/home/mox/uni/s9/pca/pca/ex6/a02/main.o
 *fill*         0x0000000000005cef        0x1 
 .text._ZN10RelaxationIfLl10000EEC2Effllff._omp_fn.6
                0x0000000000005cf0      0x14f builddir//tmp/asd-mox/home/mox/uni/s9/pca/pca/ex6/a02/main.o
 *fill*         0x0000000000005e3f        0x1 
 .text._ZN10RelaxationIfLl10000EE7iterateEv._omp_fn.7
                0x0000000000005e40      0x13f builddir//tmp/asd-mox/home/mox/uni/s9/pca/pca/ex6/a02/main.o
 *fill*         0x0000000000005f7f        0x1 
 .text._ZN10RelaxationIdLl100EEC2Eddlldd._omp_fn.8
                0x0000000000005f80      0x165 builddir//tmp/asd-mox/home/mox/uni/s9/pca/pca/ex6/a02/main.o
 *fill*         0x00000000000060e5        0xb 
 .text._ZN10RelaxationIdLl100EE7iterateEv._omp_fn.9
                0x00000000000060f0      0x157 builddir//tmp/asd-mox/home/mox/uni/s9/pca/pca/ex6/a02/main.o
 *fill*         0x0000000000006247        0x9 
 .text._ZN10RelaxationIdLl500EEC2Eddlldd._omp_fn.10
                0x0000000000006250      0x148 builddir//tmp/asd-mox/home/mox/uni/s9/pca/pca/ex6/a02/main.o
 *fill*         0x0000000000006398        0x8 
 .text._ZN10RelaxationIdLl500EE7iterateEv._omp_fn.11
                0x00000000000063a0      0x147 builddir//tmp/asd-mox/home/mox/uni/s9/pca/pca/ex6/a02/main.o
 *fill*         0x00000000000064e7        0x9 
 .text._ZN10RelaxationIdLl1000EEC2Eddlldd._omp_fn.12
                0x00000000000064f0      0x148 builddir//tmp/asd-mox/home/mox/uni/s9/pca/pca/ex6/a02/main.o
 *fill*         0x0000000000006638        0x8 
 .text._ZN10RelaxationIdLl1000EE7iterateEv._omp_fn.13
                0x0000000000006640      0x147 builddir//tmp/asd-mox/home/mox/uni/s9/pca/pca/ex6/a02/main.o
 *fill*         0x0000000000006787        0x9 
 .text._ZN10RelaxationIdLl10000EEC2Eddlldd._omp_fn.14
                0x0000000000006790      0x148 builddir//tmp/asd-mox/home/mox/uni/s9/pca/pca/ex6/a02/main.o
 *fill*         0x00000000000068d8        0x8 
 .text._ZN10RelaxationIdLl10000EE7iterateEv._omp_fn.15
                0x00000000000068e0      0x147 builddir//tmp/asd-mox/home/mox/uni/s9/pca/pca/ex6/a02/main.o
 *fill*         0x0000000000006a27        0x9 
 .text._ZN6GetOpt8GetOptExD2Ev
                0x0000000000006a30       0x14 builddir//tmp/asd-mox/home/mox/uni/s9/pca/pca/ex6/a02/main.o
                0x0000000000006a30                GetOpt::GetOptEx::~GetOptEx()
                0x0000000000006a30                GetOpt::GetOptEx::~GetOptEx()
 *fill*         0x0000000000006a44        0xc 
 .text._ZN6GetOpt8GetOptExD0Ev
                0x0000000000006a50       0x38 builddir//tmp/asd-mox/home/mox/uni/s9/pca/pca/ex6/a02/main.o
                0x0000000000006a50                GetOpt::GetOptEx::~GetOptEx()
 *fill*         0x0000000000006a88        0x8 
 .text._ZNSs4_Rep10_M_disposeERKSaIcE.part.19
                0x0000000000006a90       0x33 builddir//tmp/asd-mox/home/mox/uni/s9/pca/pca/ex6/a02/main.o
 *fill*         0x0000000000006ac3        0xd 
 .text._ZStlsIcSt11char_traitsIcEERSt13basic_ostreamIT_T0_ES6_St8_SetfillIS3_E.constprop.77
                0x0000000000006ad0       0x97 builddir//tmp/asd-mox/home/mox/uni/s9/pca/pca/ex6/a02/main.o
 *fill*         0x0000000000006b67        0x9 
 .text._ZN9__gnu_cxx12__to_xstringISscEET_PFiPT0_mPKS2_P13__va_list_tagEmS5_z.constprop.76
                0x0000000000006b70      0x19a builddir//tmp/asd-mox/home/mox/uni/s9/pca/pca/ex6/a02/main.o
 *fill*         0x0000000000006d0a        0x6 
 .text._ZN6GetOpt13_DefValOptionIiNS_8_OptionTIiEEED2Ev
                0x0000000000006d10       0x92 builddir//tmp/asd-mox/home/mox/uni/s9/pca/pca/ex6/a02/main.o
                0x0000000000006d10                GetOpt::_DefValOption<int, GetOpt::_OptionT<int> >::~_DefValOption()
                0x0000000000006d10                GetOpt::_DefValOption<int, GetOpt::_OptionT<int> >::~_DefValOption()
 *fill*         0x0000000000006da2        0xe 
 .text._ZN6GetOpt13_DefValOptionIdNS_8_OptionTIdEEED2Ev
                0x0000000000006db0       0x92 builddir//tmp/asd-mox/home/mox/uni/s9/pca/pca/ex6/a02/main.o
                0x0000000000006db0                GetOpt::_DefValOption<double, GetOpt::_OptionT<double> >::~_DefValOption()
                0x0000000000006db0                GetOpt::_DefValOption<double, GetOpt::_OptionT<double> >::~_DefValOption()
 *fill*         0x0000000000006e42        0xe 
 .text._ZN6GetOpt13_DefValOptionIiNS_8_OptionTIiEEED0Ev
                0x0000000000006e50       0xaa builddir//tmp/asd-mox/home/mox/uni/s9/pca/pca/ex6/a02/main.o
                0x0000000000006e50                GetOpt::_DefValOption<int, GetOpt::_OptionT<int> >::~_DefValOption()
 *fill*         0x0000000000006efa        0x6 
 .text._ZN6GetOpt13_DefValOptionIdNS_8_OptionTIdEEED0Ev
                0x0000000000006f00       0xaa builddir//tmp/asd-mox/home/mox/uni/s9/pca/pca/ex6/a02/main.o
                0x0000000000006f00                GetOpt::_DefValOption<double, GetOpt::_OptionT<double> >::~_DefValOption()
 *fill*         0x0000000000006faa        0x6 
 .text._ZStplIcSt11char_traitsIcESaIcEESbIT_T0_T1_ERKS6_PKS3_
                0x0000000000006fb0       0x91 builddir//tmp/asd-mox/home/mox/uni/s9/pca/pca/ex6/a02/main.o
                0x0000000000006fb0                std::basic_string<char, std::char_traits<char>, std::allocator<char> > std::operator+<char, std::char_traits<char>, std::allocator<char> >(std::basic_string<char, std::char_traits<char>, std::allocator<char> > const&, char const*)
 *fill*         0x0000000000007041        0xf 
 .text._ZNSt8_Rb_treeISsSt4pairIKSsN6GetOpt10OptionDataEESt10_Select1stIS4_ESt4lessISsESaIS4_EE4findERS1_
                0x0000000000007050      0x100 builddir//tmp/asd-mox/home/mox/uni/s9/pca/pca/ex6/a02/main.o
                0x0000000000007050                std::_Rb_tree<std::string, std::pair<std::string const, GetOpt::OptionData>, std::_Select1st<std::pair<std::string const, GetOpt::OptionData> >, std::less<std::string>, std::allocator<std::pair<std::string const, GetOpt::OptionData> > >::find(std::string const&)
 .text._ZNSt8_Rb_treeIcSt4pairIKcN6GetOpt10OptionDataEESt10_Select1stIS4_ESt4lessIcESaIS4_EE8_M_eraseEPSt13_Rb_tree_nodeIS4_E
                0x0000000000007150      0x1d1 builddir//tmp/asd-mox/home/mox/uni/s9/pca/pca/ex6/a02/main.o
                0x0000000000007150                std::_Rb_tree<char, std::pair<char const, GetOpt::OptionData>, std::_Select1st<std::pair<char const, GetOpt::OptionData> >, std::less<char>, std::allocator<std::pair<char const, GetOpt::OptionData> > >::_M_erase(std::_Rb_tree_node<std::pair<char const, GetOpt::OptionData> >*)
 *fill*         0x0000000000007321        0xf 
 .text._ZNSt8_Rb_treeIcSt4pairIKcN6GetOpt10OptionDataEESt10_Select1stIS4_ESt4lessIcESaIS4_EE5eraseERS1_
                0x0000000000007330      0x1a4 builddir//tmp/asd-mox/home/mox/uni/s9/pca/pca/ex6/a02/main.o
                0x0000000000007330                std::_Rb_tree<char, std::pair<char const, GetOpt::OptionData>, std::_Select1st<std::pair<char const, GetOpt::OptionData> >, std::less<char>, std::allocator<std::pair<char const, GetOpt::OptionData> > >::erase(char const&)
 *fill*         0x00000000000074d4        0xc 
 .text._ZNSt8_Rb_treeISsSt4pairIKSsN6GetOpt10OptionDataEESt10_Select1stIS4_ESt4lessISsESaIS4_EE8_M_eraseEPSt13_Rb_tree_nodeIS4_E
                0x00000000000074e0      0x550 builddir//tmp/asd-mox/home/mox/uni/s9/pca/pca/ex6/a02/main.o
                0x00000000000074e0                std::_Rb_tree<std::string, std::pair<std::string const, GetOpt::OptionData>, std::_Select1st<std::pair<std::string const, GetOpt::OptionData> >, std::less<std::string>, std::allocator<std::pair<std::string const, GetOpt::OptionData> > >::_M_erase(std::_Rb_tree_node<std::pair<std::string const, GetOpt::OptionData> >*)
 .text._ZN6GetOpt9GetOpt_ppD2Ev
                0x0000000000007a30      0x1c1 builddir//tmp/asd-mox/home/mox/uni/s9/pca/pca/ex6/a02/main.o
                0x0000000000007a30                GetOpt::GetOpt_pp::~GetOpt_pp()
                0x0000000000007a30                GetOpt::GetOpt_pp::~GetOpt_pp()
 *fill*         0x0000000000007bf1        0xf 
 .text._ZN10RelaxationIfLl100EEC2Effllff
                0x0000000000007c00      0x39b builddir//tmp/asd-mox/home/mox/uni/s9/pca/pca/ex6/a02/main.o
                0x0000000000007c00                Relaxation<float, 100l>::Relaxation(float, float, long, long, float, float)
                0x0000000000007c00                Relaxation<float, 100l>::Relaxation(float, float, long, long, float, float)
 *fill*         0x0000000000007f9b        0x5 
 .text._Z9benchmarkIfLl100EEmi
                0x0000000000007fa0      0x4c1 builddir//tmp/asd-mox/home/mox/uni/s9/pca/pca/ex6/a02/main.o
                0x0000000000007fa0                unsigned long benchmark<float, 100l>(int)
 *fill*         0x0000000000008461        0xf 
 .text._ZN10RelaxationIfLl500EEC2Effllff
                0x0000000000008470      0x3ab builddir//tmp/asd-mox/home/mox/uni/s9/pca/pca/ex6/a02/main.o
                0x0000000000008470                Relaxation<float, 500l>::Relaxation(float, float, long, long, float, float)
                0x0000000000008470                Relaxation<float, 500l>::Relaxation(float, float, long, long, float, float)
 *fill*         0x000000000000881b        0x5 
 .text._Z9benchmarkIfLl500EEmi
                0x0000000000008820      0x4c1 builddir//tmp/asd-mox/home/mox/uni/s9/pca/pca/ex6/a02/main.o
                0x0000000000008820                unsigned long benchmark<float, 500l>(int)
 *fill*         0x0000000000008ce1        0xf 
 .text._ZN10RelaxationIfLl1000EEC2Effllff
                0x0000000000008cf0      0x3ab builddir//tmp/asd-mox/home/mox/uni/s9/pca/pca/ex6/a02/main.o
                0x0000000000008cf0                Relaxation<float, 1000l>::Relaxation(float, float, long, long, float, float)
                0x0000000000008cf0                Relaxation<float, 1000l>::Relaxation(float, float, long, long, float, float)
 *fill*         0x000000000000909b        0x5 
 .text._Z9benchmarkIfLl1000EEmi
                0x00000000000090a0      0x4c1 builddir//tmp/asd-mox/home/mox/uni/s9/pca/pca/ex6/a02/main.o
                0x00000000000090a0                unsigned long benchmark<float, 1000l>(int)
 *fill*         0x0000000000009561        0xf 
 .text._ZN10RelaxationIfLl10000EEC2Effllff
                0x0000000000009570      0x3ab builddir//tmp/asd-mox/home/mox/uni/s9/pca/pca/ex6/a02/main.o
                0x0000000000009570                Relaxation<float, 10000l>::Relaxation(float, float, long, long, float, float)
                0x0000000000009570                Relaxation<float, 10000l>::Relaxation(float, float, long, long, float, float)
 *fill*         0x000000000000991b        0x5 
 .text._Z9benchmarkIfLl10000EEmi
                0x0000000000009920      0x4c1 builddir//tmp/asd-mox/home/mox/uni/s9/pca/pca/ex6/a02/main.o
                0x0000000000009920                unsigned long benchmark<float, 10000l>(int)
 *fill*         0x0000000000009de1        0xf 
 .text._ZN10RelaxationIdLl100EEC2Eddlldd
                0x0000000000009df0      0x2f7 builddir//tmp/asd-mox/home/mox/uni/s9/pca/pca/ex6/a02/main.o
                0x0000000000009df0                Relaxation<double, 100l>::Relaxation(double, double, long, long, double, double)
                0x0000000000009df0                Relaxation<double, 100l>::Relaxation(double, double, long, long, double, double)
 *fill*         0x000000000000a0e7        0x9 
 .text._Z9benchmarkIdLl100EEmi
                0x000000000000a0f0      0x411 builddir//tmp/asd-mox/home/mox/uni/s9/pca/pca/ex6/a02/main.o
                0x000000000000a0f0                unsigned long benchmark<double, 100l>(int)
 *fill*         0x000000000000a501        0xf 
 .text._ZN10RelaxationIdLl500EEC2Eddlldd
                0x000000000000a510      0x2f7 builddir//tmp/asd-mox/home/mox/uni/s9/pca/pca/ex6/a02/main.o
                0x000000000000a510                Relaxation<double, 500l>::Relaxation(double, double, long, long, double, double)
                0x000000000000a510                Relaxation<double, 500l>::Relaxation(double, double, long, long, double, double)
 *fill*         0x000000000000a807        0x9 
 .text._Z9benchmarkIdLl500EEmi
                0x000000000000a810      0x411 builddir//tmp/asd-mox/home/mox/uni/s9/pca/pca/ex6/a02/main.o
                0x000000000000a810                unsigned long benchmark<double, 500l>(int)
 *fill*         0x000000000000ac21        0xf 
 .text._ZN10RelaxationIdLl1000EEC2Eddlldd
                0x000000000000ac30      0x2f7 builddir//tmp/asd-mox/home/mox/uni/s9/pca/pca/ex6/a02/main.o
                0x000000000000ac30                Relaxation<double, 1000l>::Relaxation(double, double, long, long, double, double)
                0x000000000000ac30                Relaxation<double, 1000l>::Relaxation(double, double, long, long, double, double)
 *fill*         0x000000000000af27        0x9 
 .text._Z9benchmarkIdLl1000EEmi
                0x000000000000af30      0x411 builddir//tmp/asd-mox/home/mox/uni/s9/pca/pca/ex6/a02/main.o
                0x000000000000af30                unsigned long benchmark<double, 1000l>(int)
 *fill*         0x000000000000b341        0xf 
 .text._ZN10RelaxationIdLl10000EEC2Eddlldd
                0x000000000000b350      0x2f7 builddir//tmp/asd-mox/home/mox/uni/s9/pca/pca/ex6/a02/main.o
                0x000000000000b350                Relaxation<double, 10000l>::Relaxation(double, double, long, long, double, double)
                0x000000000000b350                Relaxation<double, 10000l>::Relaxation(double, double, long, long, double, double)
 *fill*         0x000000000000b647        0x9 
 .text._Z9benchmarkIdLl10000EEmi
                0x000000000000b650      0x411 builddir//tmp/asd-mox/home/mox/uni/s9/pca/pca/ex6/a02/main.o
                0x000000000000b650                unsigned long benchmark<double, 10000l>(int)
 *fill*         0x000000000000ba61        0xf 
 .text._ZNSt15basic_stringbufIcSt11char_traitsIcESaIcEED2Ev
                0x000000000000ba70       0xb2 builddir//tmp/asd-mox/home/mox/uni/s9/pca/pca/ex6/a02/main.o
                0x000000000000ba70                std::basic_stringbuf<char, std::char_traits<char>, std::allocator<char> >::~basic_stringbuf()
                0x000000000000ba70                std::basic_stringbuf<char, std::char_traits<char>, std::allocator<char> >::~basic_stringbuf()
 *fill*         0x000000000000bb22        0xe 
 .text._ZN6GetOpt7convertIdEENS_7_Option6ResultERKSsRT_St13_Ios_Fmtflags
                0x000000000000bb30      0x3df builddir//tmp/asd-mox/home/mox/uni/s9/pca/pca/ex6/a02/main.o
                0x000000000000bb30                GetOpt::_Option::Result GetOpt::convert<double>(std::string const&, double&, std::_Ios_Fmtflags)
 *fill*         0x000000000000bf0f        0x1 
 .text._ZNK6GetOpt8_OptionTIdE7_assignEPNS_5TokenESt13_Ios_FmtflagsRSt3mapIcNS_10OptionDataESt4lessIcESaISt4pairIKcS6_EEE
                0x000000000000bf10       0xb5 builddir//tmp/asd-mox/home/mox/uni/s9/pca/pca/ex6/a02/main.o
                0x000000000000bf10                GetOpt::_OptionT<double>::_assign(GetOpt::Token*, std::_Ios_Fmtflags, std::map<char, GetOpt::OptionData, std::less<char>, std::allocator<std::pair<char const, GetOpt::OptionData> > >&) const
 *fill*         0x000000000000bfc5        0xb 
 .text._ZNK6GetOpt13_DefValOptionIdNS_8_OptionTIdEEEclERSt3mapIcNS_10OptionDataESt4lessIcESaISt4pairIKcS5_EEERS4_ISsS5_S6_ISsESaIS8_IKSsS5_EEEPNS_5TokenESt13_Ios_Fmtflags
                0x000000000000bfd0      0x239 builddir//tmp/asd-mox/home/mox/uni/s9/pca/pca/ex6/a02/main.o
                0x000000000000bfd0                GetOpt::_DefValOption<double, GetOpt::_OptionT<double> >::operator()(std::map<char, GetOpt::OptionData, std::less<char>, std::allocator<std::pair<char const, GetOpt::OptionData> > >&, std::map<std::string, GetOpt::OptionData, std::less<std::string>, std::allocator<std::pair<std::string const, GetOpt::OptionData> > >&, GetOpt::Token*, std::_Ios_Fmtflags) const
 *fill*         0x000000000000c209        0x7 
 .text._ZNK6GetOpt12_OptionTBaseIdEclERSt3mapIcNS_10OptionDataESt4lessIcESaISt4pairIKcS3_EEERS2_ISsS3_S4_ISsESaIS6_IKSsS3_EEEPNS_5TokenESt13_Ios_Fmtflags
                0x000000000000c210      0x227 builddir//tmp/asd-mox/home/mox/uni/s9/pca/pca/ex6/a02/main.o
                0x000000000000c210                GetOpt::_OptionTBase<double>::operator()(std::map<char, GetOpt::OptionData, std::less<char>, std::allocator<std::pair<char const, GetOpt::OptionData> > >&, std::map<std::string, GetOpt::OptionData, std::less<std::string>, std::allocator<std::pair<std::string const, GetOpt::OptionData> > >&, GetOpt::Token*, std::_Ios_Fmtflags) const
 *fill*         0x000000000000c437        0x9 
 .text._ZN6GetOpt7convertIiEENS_7_Option6ResultERKSsRT_St13_Ios_Fmtflags
                0x000000000000c440      0x3df builddir//tmp/asd-mox/home/mox/uni/s9/pca/pca/ex6/a02/main.o
                0x000000000000c440                GetOpt::_Option::Result GetOpt::convert<int>(std::string const&, int&, std::_Ios_Fmtflags)
 *fill*         0x000000000000c81f        0x1 
 .text._ZNK6GetOpt8_OptionTIiE7_assignEPNS_5TokenESt13_Ios_FmtflagsRSt3mapIcNS_10OptionDataESt4lessIcESaISt4pairIKcS6_EEE
                0x000000000000c820       0xb5 builddir//tmp/asd-mox/home/mox/uni/s9/pca/pca/ex6/a02/main.o
                0x000000000000c820                GetOpt::_OptionT<int>::_assign(GetOpt::Token*, std::_Ios_Fmtflags, std::map<char, GetOpt::OptionData, std::less<char>, std::allocator<std::pair<char const, GetOpt::OptionData> > >&) const
 *fill*         0x000000000000c8d5        0xb 
 .text._ZNK6GetOpt13_DefValOptionIiNS_8_OptionTIiEEEclERSt3mapIcNS_10OptionDataESt4lessIcESaISt4pairIKcS5_EEERS4_ISsS5_S6_ISsESaIS8_IKSsS5_EEEPNS_5TokenESt13_Ios_Fmtflags
                0x000000000000c8e0      0x229 builddir//tmp/asd-mox/home/mox/uni/s9/pca/pca/ex6/a02/main.o
                0x000000000000c8e0                GetOpt::_DefValOption<int, GetOpt::_OptionT<int> >::operator()(std::map<char, GetOpt::OptionData, std::less<char>, std::allocator<std::pair<char const, GetOpt::OptionData> > >&, std::map<std::string, GetOpt::OptionData, std::less<std::string>, std::allocator<std::pair<std::string const, GetOpt::OptionData> > >&, GetOpt::Token*, std::_Ios_Fmtflags) const
 *fill*         0x000000000000cb09        0x7 
 .text._ZNK6GetOpt12_OptionTBaseIiEclERSt3mapIcNS_10OptionDataESt4lessIcESaISt4pairIKcS3_EEERS2_ISsS3_S4_ISsESaIS6_IKSsS3_EEEPNS_5TokenESt13_Ios_Fmtflags
                0x000000000000cb10      0x227 builddir//tmp/asd-mox/home/mox/uni/s9/pca/pca/ex6/a02/main.o
                0x000000000000cb10                GetOpt::_OptionTBase<int>::operator()(std::map<char, GetOpt::OptionData, std::less<char>, std::allocator<std::pair<char const, GetOpt::OptionData> > >&, std::map<std::string, GetOpt::OptionData, std::less<std::string>, std::allocator<std::pair<std::string const, GetOpt::OptionData> > >&, GetOpt::Token*, std::_Ios_Fmtflags) const
 *fill*         0x000000000000cd37        0x9 
 .text._ZNSt15basic_stringbufIcSt11char_traitsIcESaIcEED0Ev
                0x000000000000cd40       0xba builddir//tmp/asd-mox/home/mox/uni/s9/pca/pca/ex6/a02/main.o
                0x000000000000cd40                std::basic_stringbuf<char, std::char_traits<char>, std::allocator<char> >::~basic_stringbuf()
 *fill*         0x000000000000cdfa        0x6 
 .text._ZN6GetOpt14ParsingErrorExD2Ev
                0x000000000000ce00       0x14 builddir//tmp/asd-mox/home/mox/uni/s9/pca/pca/ex6/a02/extern/getopt_pp.o
                0x000000000000ce00                GetOpt::ParsingErrorEx::~ParsingErrorEx()
                0x000000000000ce00                GetOpt::ParsingErrorEx::~ParsingErrorEx()
 *fill*         0x000000000000ce14        0xc 
 .text._ZN6GetOpt14ParsingErrorExD0Ev
                0x000000000000ce20       0x38 builddir//tmp/asd-mox/home/mox/uni/s9/pca/pca/ex6/a02/extern/getopt_pp.o
                0x000000000000ce20                GetOpt::ParsingErrorEx::~ParsingErrorEx()
 *fill*         0x000000000000ce58        0x8 
 .text._ZN6GetOpt18TooManyArgumentsExD2Ev
                0x000000000000ce60       0x14 builddir//tmp/asd-mox/home/mox/uni/s9/pca/pca/ex6/a02/extern/getopt_pp.o
                0x000000000000ce60                GetOpt::TooManyArgumentsEx::~TooManyArgumentsEx()
                0x000000000000ce60                GetOpt::TooManyArgumentsEx::~TooManyArgumentsEx()
 *fill*         0x000000000000ce74        0xc 
 .text._ZN6GetOpt18TooManyArgumentsExD0Ev
                0x000000000000ce80       0x38 builddir//tmp/asd-mox/home/mox/uni/s9/pca/pca/ex6/a02/extern/getopt_pp.o
                0x000000000000ce80                GetOpt::TooManyArgumentsEx::~TooManyArgumentsEx()
 *fill*         0x000000000000ceb8        0x8 
 .text._ZN6GetOpt18ArgumentNotFoundExD2Ev
                0x000000000000cec0       0x14 builddir//tmp/asd-mox/home/mox/uni/s9/pca/pca/ex6/a02/extern/getopt_pp.o
                0x000000000000cec0                GetOpt::ArgumentNotFoundEx::~ArgumentNotFoundEx()
                0x000000000000cec0                GetOpt::ArgumentNotFoundEx::~ArgumentNotFoundEx()
 *fill*         0x000000000000ced4        0xc 
 .text._ZN6GetOpt18ArgumentNotFoundExD0Ev
                0x000000000000cee0       0x38 builddir//tmp/asd-mox/home/mox/uni/s9/pca/pca/ex6/a02/extern/getopt_pp.o
                0x000000000000cee0                GetOpt::ArgumentNotFoundEx::~ArgumentNotFoundEx()
 *fill*         0x000000000000cf18        0x8 
 .text._ZN6GetOpt15InvalidFormatExD2Ev
                0x000000000000cf20       0x14 builddir//tmp/asd-mox/home/mox/uni/s9/pca/pca/ex6/a02/extern/getopt_pp.o
                0x000000000000cf20                GetOpt::InvalidFormatEx::~InvalidFormatEx()
                0x000000000000cf20                GetOpt::InvalidFormatEx::~InvalidFormatEx()
 *fill*         0x000000000000cf34        0xc 
 .text._ZN6GetOpt15InvalidFormatExD0Ev
                0x000000000000cf40       0x38 builddir//tmp/asd-mox/home/mox/uni/s9/pca/pca/ex6/a02/extern/getopt_pp.o
                0x000000000000cf40                GetOpt::InvalidFormatEx::~InvalidFormatEx()
 *fill*         0x000000000000cf78        0x8 
 .text._ZN6GetOpt16OptionNotFoundExD2Ev
                0x000000000000cf80       0x14 builddir//tmp/asd-mox/home/mox/uni/s9/pca/pca/ex6/a02/extern/getopt_pp.o
                0x000000000000cf80                GetOpt::OptionNotFoundEx::~OptionNotFoundEx()
                0x000000000000cf80                GetOpt::OptionNotFoundEx::~OptionNotFoundEx()
 *fill*         0x000000000000cf94        0xc 
 .text._ZN6GetOpt16OptionNotFoundExD0Ev
                0x000000000000cfa0       0x38 builddir//tmp/asd-mox/home/mox/uni/s9/pca/pca/ex6/a02/extern/getopt_pp.o
                0x000000000000cfa0                GetOpt::OptionNotFoundEx::~OptionNotFoundEx()
 *fill*         0x000000000000cfd8        0x8 
 .text._ZN6GetOpt21OptionsFileNotFoundExD0Ev
                0x000000000000cfe0       0xba builddir//tmp/asd-mox/home/mox/uni/s9/pca/pca/ex6/a02/extern/getopt_pp.o
                0x000000000000cfe0                GetOpt::OptionsFileNotFoundEx::~OptionsFileNotFoundEx()
 *fill*         0x000000000000d09a        0x6 
 .text._ZN6GetOpt21OptionsFileNotFoundExD2Ev
                0x000000000000d0a0       0xaa builddir//tmp/asd-mox/home/mox/uni/s9/pca/pca/ex6/a02/extern/getopt_pp.o
                0x000000000000d0a0                GetOpt::OptionsFileNotFoundEx::~OptionsFileNotFoundEx()
                0x000000000000d0a0                GetOpt::OptionsFileNotFoundEx::~OptionsFileNotFoundEx()
 *fill*         0x000000000000d14a        0x6 
 .text._ZN6GetOpt9GetOpt_pp13TokensDeleterD2Ev
                0x000000000000d150      0x100 builddir//tmp/asd-mox/home/mox/uni/s9/pca/pca/ex6/a02/extern/getopt_pp.o
                0x000000000000d150                GetOpt::GetOpt_pp::TokensDeleter::~TokensDeleter()
                0x000000000000d150                GetOpt::GetOpt_pp::TokensDeleter::~TokensDeleter()
 .text._ZN6GetOpt9GetOpt_pprsERKNS_7_OptionE
                0x000000000000d250      0x176 builddir//tmp/asd-mox/home/mox/uni/s9/pca/pca/ex6/a02/extern/getopt_pp.o
                0x000000000000d250                GetOpt::GetOpt_pp::operator>>(GetOpt::_Option const&)
 *fill*         0x000000000000d3c6        0xa 
 .text._ZN6GetOpt9GetOpt_pp11_init_flagsEv
                0x000000000000d3d0      0x36b builddir//tmp/asd-mox/home/mox/uni/s9/pca/pca/ex6/a02/extern/getopt_pp.o
                0x000000000000d3d0                GetOpt::GetOpt_pp::_init_flags()
 *fill*         0x000000000000d73b        0x5 
 .text._ZNSt6vectorISsSaISsEED2Ev
                0x000000000000d740      0x104 builddir//tmp/asd-mox/home/mox/uni/s9/pca/pca/ex6/a02/extern/getopt_pp.o
                0x000000000000d740                std::vector<std::string, std::allocator<std::string> >::~vector()
                0x000000000000d740                std::vector<std::string, std::allocator<std::string> >::~vector()
 *fill*         0x000000000000d844        0xc 
 .text._ZNSt6vectorISsSaISsEE19_M_emplace_back_auxIJRKSsEEEvDpOT_
                0x000000000000d850      0x299 builddir//tmp/asd-mox/home/mox/uni/s9/pca/pca/ex6/a02/extern/getopt_pp.o
                0x000000000000d850                void std::vector<std::string, std::allocator<std::string> >::_M_emplace_back_aux<std::string const&>(std::string const&)
                0x000000000000d850                void std::vector<std::string, std::allocator<std::string> >::_M_emplace_back_aux<std::string const&>(std::string const&)
 *fill*         0x000000000000dae9        0x7 
 .text._ZNSt8_Rb_treeIcSt4pairIKcN6GetOpt10OptionDataEESt10_Select1stIS4_ESt4lessIcESaIS4_EE22_M_emplace_hint_uniqueIJRKSt21piecewise_construct_tSt5tupleIJRS1_EESF_IJEEEEESt17_Rb_tree_iteratorIS4_ESt23_Rb_tree_const_iteratorIS4_EDpOT_
                0x000000000000daf0      0x32e builddir//tmp/asd-mox/home/mox/uni/s9/pca/pca/ex6/a02/extern/getopt_pp.o
                0x000000000000daf0                std::_Rb_tree_iterator<std::pair<char const, GetOpt::OptionData> > std::_Rb_tree<char, std::pair<char const, GetOpt::OptionData>, std::_Select1st<std::pair<char const, GetOpt::OptionData> >, std::less<char>, std::allocator<std::pair<char const, GetOpt::OptionData> > >::_M_emplace_hint_unique<std::piecewise_construct_t const&, std::tuple<char const&>, std::tuple<> >(std::_Rb_tree_const_iterator<std::pair<char const, GetOpt::OptionData> >, std::piecewise_construct_t const&, std::tuple<char const&>&&, std::tuple<>&&)
                0x000000000000daf0                std::_Rb_tree_iterator<std::pair<char const, GetOpt::OptionData> > std::_Rb_tree<char, std::pair<char const, GetOpt::OptionData>, std::_Select1st<std::pair<char const, GetOpt::OptionData> >, std::less<char>, std::allocator<std::pair<char const, GetOpt::OptionData> > >::_M_emplace_hint_unique<std::piecewise_construct_t const&, std::tuple<char const&>, std::tuple<> >(std::_Rb_tree_const_iterator<std::pair<char const, GetOpt::OptionData> >, std::piecewise_construct_t const&, std::tuple<char const&>&&, std::tuple<>&&)
 *fill*         0x000000000000de1e        0x2 
 .text._ZNSt8_Rb_treeIcSt4pairIKcN6GetOpt10OptionDataEESt10_Select1stIS4_ESt4lessIcESaIS4_EE29_M_get_insert_hint_unique_posESt23_Rb_tree_const_iteratorIS4_ERS1_
                0x000000000000de20      0x298 builddir//tmp/asd-mox/home/mox/uni/s9/pca/pca/ex6/a02/extern/getopt_pp.o
                0x000000000000de20                std::_Rb_tree<char, std::pair<char const, GetOpt::OptionData>, std::_Select1st<std::pair<char const, GetOpt::OptionData> >, std::less<char>, std::allocator<std::pair<char const, GetOpt::OptionData> > >::_M_get_insert_hint_unique_pos(std::_Rb_tree_const_iterator<std::pair<char const, GetOpt::OptionData> >, char const&)
 *fill*         0x000000000000e0b8        0x8 
 .text._ZNSt6vectorISsSaISsEE19_M_emplace_back_auxIJSsEEEvDpOT_
                0x000000000000e0c0      0x22a builddir//tmp/asd-mox/home/mox/uni/s9/pca/pca/ex6/a02/extern/getopt_pp.o
                0x000000000000e0c0                void std::vector<std::string, std::allocator<std::string> >::_M_emplace_back_aux<std::string>(std::string&&)
                0x000000000000e0c0                void std::vector<std::string, std::allocator<std::string> >::_M_emplace_back_aux<std::string>(std::string&&)
 *fill*         0x000000000000e2ea        0x6 
 .text._ZN6GetOpt9GetOpt_pp20_argc_argv_to_vectorEiPKPKcRSt6vectorISsSaISsEE
                0x000000000000e2f0      0x1e7 builddir//tmp/asd-mox/home/mox/uni/s9/pca/pca/ex6/a02/extern/getopt_pp.o
                0x000000000000e2f0                GetOpt::GetOpt_pp::_argc_argv_to_vector(int, char const* const*, std::vector<std::string, std::allocator<std::string> >&)
 *fill*         0x000000000000e4d7        0x9 
 .text._ZNSt8_Rb_treeISsSt4pairIKSsN6GetOpt10OptionDataEESt10_Select1stIS4_ESt4lessISsESaIS4_EE24_M_get_insert_unique_posERS1_
                0x000000000000e4e0      0x15a builddir//tmp/asd-mox/home/mox/uni/s9/pca/pca/ex6/a02/extern/getopt_pp.o
                0x000000000000e4e0                std::_Rb_tree<std::string, std::pair<std::string const, GetOpt::OptionData>, std::_Select1st<std::pair<std::string const, GetOpt::OptionData> >, std::less<std::string>, std::allocator<std::pair<std::string const, GetOpt::OptionData> > >::_M_get_insert_unique_pos(std::string const&)
 *fill*         0x000000000000e63a        0x6 
 .text._ZNSt8_Rb_treeISsSt4pairIKSsN6GetOpt10OptionDataEESt10_Select1stIS4_ESt4lessISsESaIS4_EE29_M_get_insert_hint_unique_posESt23_Rb_tree_const_iteratorIS4_ERS1_
                0x000000000000e640      0x26d builddir//tmp/asd-mox/home/mox/uni/s9/pca/pca/ex6/a02/extern/getopt_pp.o
                0x000000000000e640                std::_Rb_tree<std::string, std::pair<std::string const, GetOpt::OptionData>, std::_Select1st<std::pair<std::string const, GetOpt::OptionData> >, std::less<std::string>, std::allocator<std::pair<std::string const, GetOpt::OptionData> > >::_M_get_insert_hint_unique_pos(std::_Rb_tree_const_iterator<std::pair<std::string const, GetOpt::OptionData> >, std::string const&)
 *fill*         0x000000000000e8ad        0x3 
 .text._ZNSt8_Rb_treeISsSt4pairIKSsN6GetOpt10OptionDataEESt10_Select1stIS4_ESt4lessISsESaIS4_EE22_M_emplace_hint_uniqueIJRKSt21piecewise_construct_tSt5tupleIJRS1_EESF_IJEEEEESt17_Rb_tree_iteratorIS4_ESt23_Rb_tree_const_iteratorIS4_EDpOT_
                0x000000000000e8b0      0x45d builddir//tmp/asd-mox/home/mox/uni/s9/pca/pca/ex6/a02/extern/getopt_pp.o
                0x000000000000e8b0                std::_Rb_tree_iterator<std::pair<std::string const, GetOpt::OptionData> > std::_Rb_tree<std::string, std::pair<std::string const, GetOpt::OptionData>, std::_Select1st<std::pair<std::string const, GetOpt::OptionData> >, std::less<std::string>, std::allocator<std::pair<std::string const, GetOpt::OptionData> > >::_M_emplace_hint_unique<std::piecewise_construct_t const&, std::tuple<std::string const&>, std::tuple<> >(std::_Rb_tree_const_iterator<std::pair<std::string const, GetOpt::OptionData> >, std::piecewise_construct_t const&, std::tuple<std::string const&>&&, std::tuple<>&&)
                0x000000000000e8b0                std::_Rb_tree_iterator<std::pair<std::string const, GetOpt::OptionData> > std::_Rb_tree<std::string, std::pair<std::string const, GetOpt::OptionData>, std::_Select1st<std::pair<std::string const, GetOpt::OptionData> >, std::less<std::string>, std::allocator<std::pair<std::string const, GetOpt::OptionData> > >::_M_emplace_hint_unique<std::piecewise_construct_t const&, std::tuple<std::string const&>, std::tuple<> >(std::_Rb_tree_const_iterator<std::pair<std::string const, GetOpt::OptionData> >, std::piecewise_construct_t const&, std::tuple<std::string const&>&&, std::tuple<>&&)
 *fill*         0x000000000000ed0d        0x3 
 .text._ZN6GetOpt9GetOpt_pp6_parseERKSt6vectorISsSaISsEE
                0x000000000000ed10     0x17cd builddir//tmp/asd-mox/home/mox/uni/s9/pca/pca/ex6/a02/extern/getopt_pp.o
                0x000000000000ed10                GetOpt::GetOpt_pp::_parse(std::vector<std::string, std::allocator<std::string> > const&)
 *fill*         0x00000000000104dd        0x3 
 .text._ZN6GetOpt9GetOpt_pp15_parse_sub_fileERKSs
                0x00000000000104e0      0x4c0 builddir//tmp/asd-mox/home/mox/uni/s9/pca/pca/ex6/a02/extern/getopt_pp.o
                0x00000000000104e0                GetOpt::GetOpt_pp::_parse_sub_file(std::string const&)
 .text._ZN6GetOpt9GetOpt_ppC2EiPKPKc
                0x00000000000109a0      0x211 builddir//tmp/asd-mox/home/mox/uni/s9/pca/pca/ex6/a02/extern/getopt_pp.o
                0x00000000000109a0                GetOpt::GetOpt_pp::GetOpt_pp(int, char const* const*)
                0x00000000000109a0                GetOpt::GetOpt_pp::GetOpt_pp(int, char const* const*)
 *fill*         0x0000000000010bb1        0xf 
 .text          0x0000000000010bc0       0x72 /usr/lib/libc_nonshared.a(elf-init.oS)
                0x0000000000010bc0                __libc_csu_init
                0x0000000000010c30                __libc_csu_fini
 *(.gnu.warning)

.fini           0x0000000000010c34        0x9
 *(SORT(.fini))
 .fini          0x0000000000010c34        0x4 /usr/lib/gcc/x86_64-unknown-linux-gnu/5.2.0/../../../../lib/crti.o
                0x0000000000010c34                _fini
 .fini          0x0000000000010c38        0x5 /usr/lib/gcc/x86_64-unknown-linux-gnu/5.2.0/../../../../lib/crtn.o
                [!provide]                        PROVIDE (__etext, .)
                [!provide]                        PROVIDE (_etext, .)
                [!provide]                        PROVIDE (etext, .)

.rodata         0x0000000000010c40      0x5e2
 *(.rodata .rodata.* .gnu.linkonce.r.*)
 .rodata.str1.1
                0x0000000000010c40       0xe2 builddir//tmp/asd-mox/home/mox/uni/s9/pca/pca/ex6/a02/main.o
                                         0xe9 (size before relaxing)
 *fill*         0x0000000000010d22        0x6 
 .rodata.str1.8
                0x0000000000010d28      0x241 builddir//tmp/asd-mox/home/mox/uni/s9/pca/pca/ex6/a02/main.o
 *fill*         0x0000000000010f69        0x7 
 .rodata._ZTSN6GetOpt7_OptionE
                0x0000000000010f70       0x12 builddir//tmp/asd-mox/home/mox/uni/s9/pca/pca/ex6/a02/main.o
                0x0000000000010f70                typeinfo name for GetOpt::_Option
 *fill*         0x0000000000010f82        0xe 
 .rodata._ZTSN6GetOpt8GetOptExE
                0x0000000000010f90       0x13 builddir//tmp/asd-mox/home/mox/uni/s9/pca/pca/ex6/a02/main.o
                0x0000000000010f90                typeinfo name for GetOpt::GetOptEx
 *fill*         0x0000000000010fa3        0xd 
 .rodata._ZTSN6GetOpt12_OptionTBaseIiEE
                0x0000000000010fb0       0x1b builddir//tmp/asd-mox/home/mox/uni/s9/pca/pca/ex6/a02/main.o
                0x0000000000010fb0                typeinfo name for GetOpt::_OptionTBase<int>
 *fill*         0x0000000000010fcb        0x5 
 .rodata._ZTSN6GetOpt8_OptionTIiEE
                0x0000000000010fd0       0x16 builddir//tmp/asd-mox/home/mox/uni/s9/pca/pca/ex6/a02/main.o
                0x0000000000010fd0                typeinfo name for GetOpt::_OptionT<int>
 *fill*         0x0000000000010fe6       0x1a 
 .rodata._ZTSN6GetOpt13_DefValOptionIiNS_8_OptionTIiEEEE
                0x0000000000011000       0x2c builddir//tmp/asd-mox/home/mox/uni/s9/pca/pca/ex6/a02/main.o
                0x0000000000011000                typeinfo name for GetOpt::_DefValOption<int, GetOpt::_OptionT<int> >
 *fill*         0x000000000001102c        0x4 
 .rodata._ZTSN6GetOpt12_OptionTBaseIdEE
                0x0000000000011030       0x1b builddir//tmp/asd-mox/home/mox/uni/s9/pca/pca/ex6/a02/main.o
                0x0000000000011030                typeinfo name for GetOpt::_OptionTBase<double>
 *fill*         0x000000000001104b        0x5 
 .rodata._ZTSN6GetOpt8_OptionTIdEE
                0x0000000000011050       0x16 builddir//tmp/asd-mox/home/mox/uni/s9/pca/pca/ex6/a02/main.o
                0x0000000000011050                typeinfo name for GetOpt::_OptionT<double>
 *fill*         0x0000000000011066       0x1a 
 .rodata._ZTSN6GetOpt13_DefValOptionIdNS_8_OptionTIdEEEE
                0x0000000000011080       0x2c builddir//tmp/asd-mox/home/mox/uni/s9/pca/pca/ex6/a02/main.o
                0x0000000000011080                typeinfo name for GetOpt::_DefValOption<double, GetOpt::_OptionT<double> >
 .rodata.cst4   0x00000000000110ac       0x20 builddir//tmp/asd-mox/home/mox/uni/s9/pca/pca/ex6/a02/main.o
 *fill*         0x00000000000110cc        0x4 
 .rodata.cst8   0x00000000000110d0       0x40 builddir//tmp/asd-mox/home/mox/uni/s9/pca/pca/ex6/a02/main.o
 .rodata.str1.1
                0x0000000000011110       0x15 builddir//tmp/asd-mox/home/mox/uni/s9/pca/pca/ex6/a02/extern/getopt_pp.o
 *fill*         0x0000000000011125        0x3 
 .rodata.str1.8
                0x0000000000011128       0x38 builddir//tmp/asd-mox/home/mox/uni/s9/pca/pca/ex6/a02/extern/getopt_pp.o
                                         0x37 (size before relaxing)
 .rodata._ZTSN6GetOpt14ParsingErrorExE
                0x0000000000011160       0x1a builddir//tmp/asd-mox/home/mox/uni/s9/pca/pca/ex6/a02/extern/getopt_pp.o
                0x0000000000011160                typeinfo name for GetOpt::ParsingErrorEx
 *fill*         0x000000000001117a        0x6 
 .rodata._ZTSN6GetOpt15InvalidFormatExE
                0x0000000000011180       0x1b builddir//tmp/asd-mox/home/mox/uni/s9/pca/pca/ex6/a02/extern/getopt_pp.o
                0x0000000000011180                typeinfo name for GetOpt::InvalidFormatEx
 *fill*         0x000000000001119b        0x5 
 .rodata._ZTSN6GetOpt18ArgumentNotFoundExE
                0x00000000000111a0       0x1e builddir//tmp/asd-mox/home/mox/uni/s9/pca/pca/ex6/a02/extern/getopt_pp.o
                0x00000000000111a0                typeinfo name for GetOpt::ArgumentNotFoundEx
 *fill*         0x00000000000111be        0x2 
 .rodata._ZTSN6GetOpt18TooManyArgumentsExE
                0x00000000000111c0       0x1e builddir//tmp/asd-mox/home/mox/uni/s9/pca/pca/ex6/a02/extern/getopt_pp.o
                0x00000000000111c0                typeinfo name for GetOpt::TooManyArgumentsEx
 *fill*         0x00000000000111de        0x2 
 .rodata._ZTSN6GetOpt16OptionNotFoundExE
                0x00000000000111e0       0x1c builddir//tmp/asd-mox/home/mox/uni/s9/pca/pca/ex6/a02/extern/getopt_pp.o
                0x00000000000111e0                typeinfo name for GetOpt::OptionNotFoundEx
 *fill*         0x00000000000111fc        0x4 
 .rodata._ZTSN6GetOpt21OptionsFileNotFoundExE
                0x0000000000011200       0x21 builddir//tmp/asd-mox/home/mox/uni/s9/pca/pca/ex6/a02/extern/getopt_pp.o
                0x0000000000011200                typeinfo name for GetOpt::OptionsFileNotFoundEx
 .rodata._ZStL19piecewise_construct
                0x0000000000011221        0x1 builddir//tmp/asd-mox/home/mox/uni/s9/pca/pca/ex6/a02/extern/getopt_pp.o

.rodata1
 *(.rodata1)

.eh_frame_hdr   0x0000000000011224      0x2ec
 *(.eh_frame_hdr)
 .eh_frame_hdr  0x0000000000011224      0x2ec /usr/lib/gcc/x86_64-unknown-linux-gnu/5.2.0/../../../../lib/Scrt1.o

.eh_frame       0x0000000000011510     0x110c
 *(.eh_frame)
 .eh_frame      0x0000000000011510       0x30 /usr/lib/gcc/x86_64-unknown-linux-gnu/5.2.0/../../../../lib/Scrt1.o
 .eh_frame      0x0000000000011540       0x40 /usr/lib/gcc/x86_64-unknown-linux-gnu/5.2.0/../../../../lib/Scrt1.o
 .eh_frame      0x0000000000011580      0xb50 builddir//tmp/asd-mox/home/mox/uni/s9/pca/pca/ex6/a02/main.o
 .eh_frame      0x00000000000120d0      0x4e8 builddir//tmp/asd-mox/home/mox/uni/s9/pca/pca/ex6/a02/extern/getopt_pp.o
                                        0x6c8 (size before relaxing)
 .eh_frame      0x00000000000125b8       0x60 /usr/lib/libc_nonshared.a(elf-init.oS)
                                         0x78 (size before relaxing)
 .eh_frame      0x0000000000012618        0x4 /usr/lib/gcc/x86_64-unknown-linux-gnu/5.2.0/crtendS.o

.gcc_except_table
                0x000000000001261c      0x7a2
 *(.gcc_except_table .gcc_except_table.*)
 .gcc_except_table._ZStplIcSt11char_traitsIcESaIcEESbIT_T0_T1_ERKS6_PKS3_
                0x000000000001261c       0x11 builddir//tmp/asd-mox/home/mox/uni/s9/pca/pca/ex6/a02/main.o
 *fill*         0x000000000001262d        0x3 
 .gcc_except_table._ZN10RelaxationIfLl100EEC2Effllff
                0x0000000000012630       0x4a builddir//tmp/asd-mox/home/mox/uni/s9/pca/pca/ex6/a02/main.o
 *fill*         0x000000000001267a        0x2 
 .gcc_except_table._Z9benchmarkIfLl100EEmi
                0x000000000001267c       0x26 builddir//tmp/asd-mox/home/mox/uni/s9/pca/pca/ex6/a02/main.o
 *fill*         0x00000000000126a2        0x2 
 .gcc_except_table._ZN10RelaxationIfLl500EEC2Effllff
                0x00000000000126a4       0x4a builddir//tmp/asd-mox/home/mox/uni/s9/pca/pca/ex6/a02/main.o
 *fill*         0x00000000000126ee        0x2 
 .gcc_except_table._Z9benchmarkIfLl500EEmi
                0x00000000000126f0       0x26 builddir//tmp/asd-mox/home/mox/uni/s9/pca/pca/ex6/a02/main.o
 *fill*         0x0000000000012716        0x2 
 .gcc_except_table._ZN10RelaxationIfLl1000EEC2Effllff
                0x0000000000012718       0x4a builddir//tmp/asd-mox/home/mox/uni/s9/pca/pca/ex6/a02/main.o
 *fill*         0x0000000000012762        0x2 
 .gcc_except_table._Z9benchmarkIfLl1000EEmi
                0x0000000000012764       0x26 builddir//tmp/asd-mox/home/mox/uni/s9/pca/pca/ex6/a02/main.o
 *fill*         0x000000000001278a        0x2 
 .gcc_except_table._ZN10RelaxationIfLl10000EEC2Effllff
                0x000000000001278c       0x4a builddir//tmp/asd-mox/home/mox/uni/s9/pca/pca/ex6/a02/main.o
 *fill*         0x00000000000127d6        0x2 
 .gcc_except_table._Z9benchmarkIfLl10000EEmi
                0x00000000000127d8       0x26 builddir//tmp/asd-mox/home/mox/uni/s9/pca/pca/ex6/a02/main.o
 *fill*         0x00000000000127fe        0x2 
 .gcc_except_table._ZN10RelaxationIdLl100EEC2Eddlldd
                0x0000000000012800       0x4a builddir//tmp/asd-mox/home/mox/uni/s9/pca/pca/ex6/a02/main.o
 *fill*         0x000000000001284a        0x2 
 .gcc_except_table._Z9benchmarkIdLl100EEmi
                0x000000000001284c       0x26 builddir//tmp/asd-mox/home/mox/uni/s9/pca/pca/ex6/a02/main.o
 *fill*         0x0000000000012872        0x2 
 .gcc_except_table._ZN10RelaxationIdLl500EEC2Eddlldd
                0x0000000000012874       0x4a builddir//tmp/asd-mox/home/mox/uni/s9/pca/pca/ex6/a02/main.o
 *fill*         0x00000000000128be        0x2 
 .gcc_except_table._Z9benchmarkIdLl500EEmi
                0x00000000000128c0       0x26 builddir//tmp/asd-mox/home/mox/uni/s9/pca/pca/ex6/a02/main.o
 *fill*         0x00000000000128e6        0x2 
 .gcc_except_table._ZN10RelaxationIdLl1000EEC2Eddlldd
                0x00000000000128e8       0x4a builddir//tmp/asd-mox/home/mox/uni/s9/pca/pca/ex6/a02/main.o
 *fill*         0x0000000000012932        0x2 
 .gcc_except_table._Z9benchmarkIdLl1000EEmi
                0x0000000000012934       0x26 builddir//tmp/asd-mox/home/mox/uni/s9/pca/pca/ex6/a02/main.o
 *fill*         0x000000000001295a        0x2 
 .gcc_except_table._ZN10RelaxationIdLl10000EEC2Eddlldd
                0x000000000001295c       0x4a builddir//tmp/asd-mox/home/mox/uni/s9/pca/pca/ex6/a02/main.o
 *fill*         0x00000000000129a6        0x2 
 .gcc_except_table._Z9benchmarkIdLl10000EEmi
                0x00000000000129a8       0x26 builddir//tmp/asd-mox/home/mox/uni/s9/pca/pca/ex6/a02/main.o
 *fill*         0x00000000000129ce        0x2 
 .gcc_except_table.main
                0x00000000000129d0      0x200 builddir//tmp/asd-mox/home/mox/uni/s9/pca/pca/ex6/a02/main.o
 .gcc_except_table._ZN6GetOpt7convertIdEENS_7_Option6ResultERKSsRT_St13_Ios_Fmtflags
                0x0000000000012bd0       0x21 builddir//tmp/asd-mox/home/mox/uni/s9/pca/pca/ex6/a02/main.o
 .gcc_except_table._ZN6GetOpt7convertIiEENS_7_Option6ResultERKSsRT_St13_Ios_Fmtflags
                0x0000000000012bf1       0x21 builddir//tmp/asd-mox/home/mox/uni/s9/pca/pca/ex6/a02/main.o
 *fill*         0x0000000000012c12        0x2 
 .gcc_except_table._ZN6GetOpt9GetOpt_pprsERKNS_7_OptionE
                0x0000000000012c14       0x1a builddir//tmp/asd-mox/home/mox/uni/s9/pca/pca/ex6/a02/extern/getopt_pp.o
 .gcc_except_table._ZN6GetOpt9GetOpt_pp11_init_flagsEv
                0x0000000000012c2e       0x1b builddir//tmp/asd-mox/home/mox/uni/s9/pca/pca/ex6/a02/extern/getopt_pp.o
 *fill*         0x0000000000012c49        0x3 
 .gcc_except_table._ZNSt6vectorISsSaISsEE19_M_emplace_back_auxIJRKSsEEEvDpOT_
                0x0000000000012c4c       0x20 builddir//tmp/asd-mox/home/mox/uni/s9/pca/pca/ex6/a02/extern/getopt_pp.o
 .gcc_except_table._ZN6GetOpt9GetOpt_pp20_argc_argv_to_vectorEiPKPKcRSt6vectorISsSaISsEE
                0x0000000000012c6c       0x15 builddir//tmp/asd-mox/home/mox/uni/s9/pca/pca/ex6/a02/extern/getopt_pp.o
 *fill*         0x0000000000012c81        0x3 
 .gcc_except_table._ZNSt8_Rb_treeISsSt4pairIKSsN6GetOpt10OptionDataEESt10_Select1stIS4_ESt4lessISsESaIS4_EE22_M_emplace_hint_uniqueIJRKSt21piecewise_construct_tSt5tupleIJRS1_EESF_IJEEEEESt17_Rb_tree_iteratorIS4_ESt23_Rb_tree_const_iteratorIS4_EDpOT_
                0x0000000000012c84       0x20 builddir//tmp/asd-mox/home/mox/uni/s9/pca/pca/ex6/a02/extern/getopt_pp.o
 .gcc_except_table._ZN6GetOpt9GetOpt_pp6_parseERKSt6vectorISsSaISsEE
                0x0000000000012ca4       0xd2 builddir//tmp/asd-mox/home/mox/uni/s9/pca/pca/ex6/a02/extern/getopt_pp.o
 .gcc_except_table._ZN6GetOpt9GetOpt_pp15_parse_sub_fileERKSs
                0x0000000000012d76       0x33 builddir//tmp/asd-mox/home/mox/uni/s9/pca/pca/ex6/a02/extern/getopt_pp.o
 .gcc_except_table._ZN6GetOpt9GetOpt_ppC2EiPKPKc
                0x0000000000012da9       0x15 builddir//tmp/asd-mox/home/mox/uni/s9/pca/pca/ex6/a02/extern/getopt_pp.o

.exception_ranges
 *(.exception_ranges .exception_ranges*)
                0x0000000000012dbe                . = (ALIGN (0x200000) - ((0x200000 - .) & 0x1fffff))
                0x0000000000213a30                . = DATA_SEGMENT_ALIGN (0x200000, 0x1000)

.eh_frame
 *(.eh_frame)

.gcc_except_table
 *(.gcc_except_table .gcc_except_table.*)

.exception_ranges
 *(.exception_ranges .exception_ranges*)

.tdata
 *(.tdata .tdata.* .gnu.linkonce.td.*)

.tbss
 *(.tbss .tbss.* .gnu.linkonce.tb.*)
 *(.tcommon)

.preinit_array  0x0000000000213a30        0x0
                [!provide]                        PROVIDE (__preinit_array_start, .)
 *(.preinit_array)
                [!provide]                        PROVIDE (__preinit_array_end, .)

.init_array     0x0000000000213a30       0x10
                0x0000000000213a30                PROVIDE (__init_array_start, .)
 *(SORT(.init_array.*) SORT(.ctors.*))
 *(.init_array EXCLUDE_FILE(*crtend?.o *crtend.o *crtbegin?.o *crtbegin.o) .ctors)
 .init_array    0x0000000000213a30        0x8 /usr/lib/gcc/x86_64-unknown-linux-gnu/5.2.0/crtbeginS.o
 .init_array    0x0000000000213a38        0x8 builddir//tmp/asd-mox/home/mox/uni/s9/pca/pca/ex6/a02/main.o
                0x0000000000213a40                PROVIDE (__init_array_end, .)

.fini_array     0x0000000000213a40        0x8
                [!provide]                        PROVIDE (__fini_array_start, .)
 *(SORT(.fini_array.*) SORT(.dtors.*))
 *(.fini_array EXCLUDE_FILE(*crtend?.o *crtend.o *crtbegin?.o *crtbegin.o) .dtors)
 .fini_array    0x0000000000213a40        0x8 /usr/lib/gcc/x86_64-unknown-linux-gnu/5.2.0/crtbeginS.o
                [!provide]                        PROVIDE (__fini_array_end, .)

.ctors
 *crtbegin.o(.ctors)
 *crtbegin?.o(.ctors)
 *(EXCLUDE_FILE(*crtend?.o *crtend.o) .ctors)
 *(SORT(.ctors.*))
 *(.ctors)

.dtors
 *crtbegin.o(.dtors)
 *crtbegin?.o(.dtors)
 *(EXCLUDE_FILE(*crtend?.o *crtend.o) .dtors)
 *(SORT(.dtors.*))
 *(.dtors)

.jcr            0x0000000000213a48        0x8
 *(.jcr)
 .jcr           0x0000000000213a48        0x0 /usr/lib/gcc/x86_64-unknown-linux-gnu/5.2.0/crtbeginS.o
 .jcr           0x0000000000213a48        0x8 /usr/lib/gcc/x86_64-unknown-linux-gnu/5.2.0/crtendS.o

.data.rel.ro    0x0000000000213a50      0x348
 *(.data.rel.ro.local* .gnu.linkonce.d.rel.ro.local.*)
 .data.rel.ro.local._ZTVN6GetOpt13_DefValOptionIiNS_8_OptionTIiEEEE
                0x0000000000213a50       0x30 builddir//tmp/asd-mox/home/mox/uni/s9/pca/pca/ex6/a02/main.o
                0x0000000000213a50                vtable for GetOpt::_DefValOption<int, GetOpt::_OptionT<int> >
 .data.rel.ro.local._ZTVN6GetOpt13_DefValOptionIdNS_8_OptionTIdEEEE
                0x0000000000213a80       0x30 builddir//tmp/asd-mox/home/mox/uni/s9/pca/pca/ex6/a02/main.o
                0x0000000000213a80                vtable for GetOpt::_DefValOption<double, GetOpt::_OptionT<double> >
 *(.data.rel.ro .data.rel.ro.* .gnu.linkonce.d.rel.ro.*)
 .data.rel.ro._ZTIN6GetOpt7_OptionE
                0x0000000000213ab0       0x10 builddir//tmp/asd-mox/home/mox/uni/s9/pca/pca/ex6/a02/main.o
                0x0000000000213ab0                typeinfo for GetOpt::_Option
 .data.rel.ro._ZTIN6GetOpt8GetOptExE
                0x0000000000213ac0       0x18 builddir//tmp/asd-mox/home/mox/uni/s9/pca/pca/ex6/a02/main.o
                0x0000000000213ac0                typeinfo for GetOpt::GetOptEx
 .data.rel.ro._ZTIN6GetOpt12_OptionTBaseIiEE
                0x0000000000213ad8       0x18 builddir//tmp/asd-mox/home/mox/uni/s9/pca/pca/ex6/a02/main.o
                0x0000000000213ad8                typeinfo for GetOpt::_OptionTBase<int>
 .data.rel.ro._ZTIN6GetOpt8_OptionTIiEE
                0x0000000000213af0       0x18 builddir//tmp/asd-mox/home/mox/uni/s9/pca/pca/ex6/a02/main.o
                0x0000000000213af0                typeinfo for GetOpt::_OptionT<int>
 .data.rel.ro._ZTIN6GetOpt13_DefValOptionIiNS_8_OptionTIiEEEE
                0x0000000000213b08       0x18 builddir//tmp/asd-mox/home/mox/uni/s9/pca/pca/ex6/a02/main.o
                0x0000000000213b08                typeinfo for GetOpt::_DefValOption<int, GetOpt::_OptionT<int> >
 .data.rel.ro._ZTIN6GetOpt12_OptionTBaseIdEE
                0x0000000000213b20       0x18 builddir//tmp/asd-mox/home/mox/uni/s9/pca/pca/ex6/a02/main.o
                0x0000000000213b20                typeinfo for GetOpt::_OptionTBase<double>
 .data.rel.ro._ZTIN6GetOpt8_OptionTIdEE
                0x0000000000213b38       0x18 builddir//tmp/asd-mox/home/mox/uni/s9/pca/pca/ex6/a02/main.o
                0x0000000000213b38                typeinfo for GetOpt::_OptionT<double>
 .data.rel.ro._ZTIN6GetOpt13_DefValOptionIdNS_8_OptionTIdEEEE
                0x0000000000213b50       0x18 builddir//tmp/asd-mox/home/mox/uni/s9/pca/pca/ex6/a02/main.o
                0x0000000000213b50                typeinfo for GetOpt::_DefValOption<double, GetOpt::_OptionT<double> >
 .data.rel.ro._ZTVN6GetOpt7_OptionE
                0x0000000000213b68       0x28 builddir//tmp/asd-mox/home/mox/uni/s9/pca/pca/ex6/a02/main.o
                0x0000000000213b68                vtable for GetOpt::_Option
 .data.rel.ro._ZTVN6GetOpt8GetOptExE
                0x0000000000213b90       0x28 builddir//tmp/asd-mox/home/mox/uni/s9/pca/pca/ex6/a02/main.o
                0x0000000000213b90                vtable for GetOpt::GetOptEx
 .data.rel.ro._ZTVN6GetOpt12_OptionTBaseIiEE
                0x0000000000213bb8       0x30 builddir//tmp/asd-mox/home/mox/uni/s9/pca/pca/ex6/a02/main.o